<html>
<body>
<pre>
<h1>礦ision Build Log</h1>
<h2>Tool Versions:</h2>
IDE-Version: μVision V5.14.0.0
Copyright (C) 2015 ARM Ltd and ARM Germany GmbH. All rights reserved.
License Information: ww 2513367354@qq.com, ww, LIC=HF801-CWAXI-78ZFD-8KFEW-J3CTE-QUMHJ
 
Tool Versions:
Toolchain:       MDK-ARM Professional  Version: 5.14.0.0
Toolchain Path:  E:\KEIL\ARM\ARMCC\Bin
C Compiler:      Armcc.exe V5.05 update 1 (build 106)
Assembler:       Armasm.exe V5.05 update 1 (build 106)
Linker/Locator:  ArmLink.exe V5.05 update 1 (build 106)
Library Manager: ArmAr.exe V5.05 update 1 (build 106)
Hex Converter:   FromElf.exe V5.05 update 1 (build 106)
CPU DLL:         SARMCM3.DLL V5.14.0.0
Dialog DLL:      DARMSTM.DLL V1.65.0.0
Target DLL:      STLink\ST-LINKIII-KEIL_SWO.dll V2.0.14.0_KEIL
Dialog DLL:      TARMSTM.DLL V1.64.0.0
 
<h2>Project:</h2>
F:\CODE\STM32\串口调试\USER\LED.uvprojx
Project File Date:  04/18/2021

<h2>Output:</h2>
Build target 'LED'
compiling main.c...
main.c(7): warning:  #177-D: variable "i" was declared but never referenced
        char i=0;
main.c(8): warning:  #177-D: variable "flag" was declared but never referenced
         char flag=0;
main.c: 2 warnings, 0 errors
linking...
Program Size: Code=4364 RO-data=336 RW-data=44 ZI-data=4652  
FromELF: creating hex file...
"..\OBJ\LED.axf" - 0 Error(s), 2 Warning(s).

<h2>Collection of Component include folders:</h2>
  F:\CODE\STM32\串口调试\USER\RTE
  E:\KEIL\ARM\PACK\Keil\STM32F1xx_DFP\1.0.5\Device\Include

<h2>Collection of Component Files used:</h2>
</pre>
</body>
</html>
