Component: ARM Compiler 5.05 update 1 (build 106) Tool: armlink [4d0efa]

==============================================================================

Section Cross References

    startup_stm32f10x_hd.o(RESET) refers to startup_stm32f10x_hd.o(STACK) for __initial_sp
    startup_stm32f10x_hd.o(RESET) refers to startup_stm32f10x_hd.o(.text) for Reset_Handler
    startup_stm32f10x_hd.o(RESET) refers to stm32f10x_it.o(i.NMI_Handler) for NMI_Handler
    startup_stm32f10x_hd.o(RESET) refers to stm32f10x_it.o(i.HardFault_Handler) for HardFault_Handler
    startup_stm32f10x_hd.o(RESET) refers to stm32f10x_it.o(i.MemManage_Handler) for MemManage_Handler
    startup_stm32f10x_hd.o(RESET) refers to stm32f10x_it.o(i.BusFault_Handler) for BusFault_Handler
    startup_stm32f10x_hd.o(RESET) refers to stm32f10x_it.o(i.UsageFault_Handler) for UsageFault_Handler
    startup_stm32f10x_hd.o(RESET) refers to stm32f10x_it.o(i.SVC_Handler) for SVC_Handler
    startup_stm32f10x_hd.o(RESET) refers to stm32f10x_it.o(i.DebugMon_Handler) for DebugMon_Handler
    startup_stm32f10x_hd.o(RESET) refers to stm32f10x_it.o(i.PendSV_Handler) for PendSV_Handler
    startup_stm32f10x_hd.o(RESET) refers to stm32f10x_it.o(i.SysTick_Handler) for SysTick_Handler
    startup_stm32f10x_hd.o(RESET) refers to stm32f10x_it.o(i.RTC_IRQHandler) for RTC_IRQHandler
    startup_stm32f10x_hd.o(RESET) refers to stm32f10x_it.o(i.DMA1_Channel1_IRQHandler) for DMA1_Channel1_IRQHandler
    startup_stm32f10x_hd.o(RESET) refers to mysd.o(i.SDIO_IRQHandler) for SDIO_IRQHandler
    startup_stm32f10x_hd.o(.text) refers to system_stm32f10x.o(i.SystemInit) for SystemInit
    startup_stm32f10x_hd.o(.text) refers to entry.o(.ARM.Collect$$$$00000000) for __main
    system_stm32f10x.o(i.SetSysClock) refers to system_stm32f10x.o(i.SetSysClockTo72) for SetSysClockTo72
    system_stm32f10x.o(i.SystemCoreClockUpdate) refers to system_stm32f10x.o(.data) for SystemCoreClock
    system_stm32f10x.o(i.SystemInit) refers to system_stm32f10x.o(i.SetSysClock) for SetSysClock
    stm32f10x_adc.o(i.ADC_DeInit) refers to stm32f10x_rcc.o(i.RCC_APB2PeriphResetCmd) for RCC_APB2PeriphResetCmd
    stm32f10x_bkp.o(i.BKP_DeInit) refers to stm32f10x_rcc.o(i.RCC_BackupResetCmd) for RCC_BackupResetCmd
    stm32f10x_can.o(i.CAN_DeInit) refers to stm32f10x_rcc.o(i.RCC_APB1PeriphResetCmd) for RCC_APB1PeriphResetCmd
    stm32f10x_can.o(i.CAN_GetITStatus) refers to stm32f10x_can.o(i.CheckITStatus) for CheckITStatus
    stm32f10x_cec.o(i.CEC_DeInit) refers to stm32f10x_rcc.o(i.RCC_APB1PeriphResetCmd) for RCC_APB1PeriphResetCmd
    stm32f10x_dac.o(i.DAC_DeInit) refers to stm32f10x_rcc.o(i.RCC_APB1PeriphResetCmd) for RCC_APB1PeriphResetCmd
    stm32f10x_flash.o(i.FLASH_EnableWriteProtection) refers to stm32f10x_flash.o(i.FLASH_WaitForLastOperation) for FLASH_WaitForLastOperation
    stm32f10x_flash.o(i.FLASH_EraseAllBank1Pages) refers to stm32f10x_flash.o(i.FLASH_WaitForLastBank1Operation) for FLASH_WaitForLastBank1Operation
    stm32f10x_flash.o(i.FLASH_EraseAllPages) refers to stm32f10x_flash.o(i.FLASH_WaitForLastOperation) for FLASH_WaitForLastOperation
    stm32f10x_flash.o(i.FLASH_EraseOptionBytes) refers to stm32f10x_flash.o(i.FLASH_GetReadOutProtectionStatus) for FLASH_GetReadOutProtectionStatus
    stm32f10x_flash.o(i.FLASH_EraseOptionBytes) refers to stm32f10x_flash.o(i.FLASH_WaitForLastOperation) for FLASH_WaitForLastOperation
    stm32f10x_flash.o(i.FLASH_ErasePage) refers to stm32f10x_flash.o(i.FLASH_WaitForLastOperation) for FLASH_WaitForLastOperation
    stm32f10x_flash.o(i.FLASH_ProgramHalfWord) refers to stm32f10x_flash.o(i.FLASH_WaitForLastOperation) for FLASH_WaitForLastOperation
    stm32f10x_flash.o(i.FLASH_ProgramOptionByteData) refers to stm32f10x_flash.o(i.FLASH_WaitForLastOperation) for FLASH_WaitForLastOperation
    stm32f10x_flash.o(i.FLASH_ProgramWord) refers to stm32f10x_flash.o(i.FLASH_WaitForLastOperation) for FLASH_WaitForLastOperation
    stm32f10x_flash.o(i.FLASH_ReadOutProtection) refers to stm32f10x_flash.o(i.FLASH_WaitForLastOperation) for FLASH_WaitForLastOperation
    stm32f10x_flash.o(i.FLASH_UserOptionByteConfig) refers to stm32f10x_flash.o(i.FLASH_WaitForLastOperation) for FLASH_WaitForLastOperation
    stm32f10x_flash.o(i.FLASH_WaitForLastBank1Operation) refers to stm32f10x_flash.o(i.FLASH_GetBank1Status) for FLASH_GetBank1Status
    stm32f10x_flash.o(i.FLASH_WaitForLastOperation) refers to stm32f10x_flash.o(i.FLASH_GetBank1Status) for FLASH_GetBank1Status
    stm32f10x_gpio.o(i.GPIO_AFIODeInit) refers to stm32f10x_rcc.o(i.RCC_APB2PeriphResetCmd) for RCC_APB2PeriphResetCmd
    stm32f10x_gpio.o(i.GPIO_DeInit) refers to stm32f10x_rcc.o(i.RCC_APB2PeriphResetCmd) for RCC_APB2PeriphResetCmd
    stm32f10x_i2c.o(i.I2C_DeInit) refers to stm32f10x_rcc.o(i.RCC_APB1PeriphResetCmd) for RCC_APB1PeriphResetCmd
    stm32f10x_i2c.o(i.I2C_Init) refers to stm32f10x_rcc.o(i.RCC_GetClocksFreq) for RCC_GetClocksFreq
[...]
    i.PendSV_Handler                         0x08002260   Section        0  stm32f10x_it.o(i.PendSV_Handler)
    i.RCC_ADCCLKConfig                       0x08002264   Section        0  stm32f10x_rcc.o(i.RCC_ADCCLKConfig)
    i.RCC_AHBPeriphClockCmd                  0x0800227c   Section        0  stm32f10x_rcc.o(i.RCC_AHBPeriphClockCmd)
    i.RCC_APB1PeriphClockCmd                 0x0800229c   Section        0  stm32f10x_rcc.o(i.RCC_APB1PeriphClockCmd)
    i.RCC_APB2PeriphClockCmd                 0x080022bc   Section        0  stm32f10x_rcc.o(i.RCC_APB2PeriphClockCmd)
    i.RCC_BackupResetCmd                     0x080022dc   Section        0  stm32f10x_rcc.o(i.RCC_BackupResetCmd)
    i.RCC_ClearFlag                          0x080022e8   Section        0  stm32f10x_rcc.o(i.RCC_ClearFlag)
    i.RCC_GetClocksFreq                      0x080022fc   Section        0  stm32f10x_rcc.o(i.RCC_GetClocksFreq)
    i.RCC_GetFlagStatus                      0x080023d0   Section        0  stm32f10x_rcc.o(i.RCC_GetFlagStatus)
    i.RCC_LSEConfig                          0x0800240c   Section        0  stm32f10x_rcc.o(i.RCC_LSEConfig)
    i.RCC_LSICmd                             0x08002440   Section        0  stm32f10x_rcc.o(i.RCC_LSICmd)
    i.RCC_RTCCLKCmd                          0x0800244c   Section        0  stm32f10x_rcc.o(i.RCC_RTCCLKCmd)
    i.RCC_RTCCLKConfig                       0x08002458   Section        0  stm32f10x_rcc.o(i.RCC_RTCCLKConfig)
    i.RTC_CheckAndConfig                     0x08002468   Section        0  bsp_rtc.o(i.RTC_CheckAndConfig)
    i.RTC_ClearITPendingBit                  0x08002594   Section        0  stm32f10x_rtc.o(i.RTC_ClearITPendingBit)
    i.RTC_Configuration                      0x080025a4   Section        0  bsp_rtc.o(i.RTC_Configuration)
    i.RTC_EnterConfigMode                    0x080025fc   Section        0  stm32f10x_rtc.o(i.RTC_EnterConfigMode)
    i.RTC_ExitConfigMode                     0x08002610   Section        0  stm32f10x_rtc.o(i.RTC_ExitConfigMode)
    i.RTC_GetCounter                         0x08002624   Section        0  stm32f10x_rtc.o(i.RTC_GetCounter)
    i.RTC_GetITStatus                        0x08002638   Section        0  stm32f10x_rtc.o(i.RTC_GetITStatus)
    i.RTC_IRQHandler                         0x0800265c   Section        0  stm32f10x_it.o(i.RTC_IRQHandler)
    i.RTC_ITConfig                           0x08002680   Section        0  stm32f10x_rtc.o(i.RTC_ITConfig)
    i.RTC_NVIC_Config                        0x080026a0   Section        0  bsp_rtc.o(i.RTC_NVIC_Config)
    i.RTC_SetCounter                         0x080026cc   Section        0  stm32f10x_rtc.o(i.RTC_SetCounter)
    i.RTC_SetPrescaler                       0x080026e8   Section        0  stm32f10x_rtc.o(i.RTC_SetPrescaler)
    i.RTC_WaitForLastTask                    0x08002708   Section        0  stm32f10x_rtc.o(i.RTC_WaitForLastTask)
    i.RTC_WaitForSynchro                     0x0800271c   Section        0  stm32f10x_rtc.o(i.RTC_WaitForSynchro)
    i.SDEnWideBus                            0x08002740   Section        0  mysd.o(i.SDEnWideBus)
    i.SDIO_ClearFlag                         0x080027ec   Section        0  stm32f10x_sdio.o(i.SDIO_ClearFlag)
    i.SDIO_ClockCmd                          0x080027f8   Section        0  stm32f10x_sdio.o(i.SDIO_ClockCmd)
    i.SDIO_Clock_Set                         0x08002804   Section        0  mysd.o(i.SDIO_Clock_Set)
    i.SDIO_DMACmd                            0x08002818   Section        0  stm32f10x_sdio.o(i.SDIO_DMACmd)
    i.SDIO_DataConfig                        0x08002824   Section        0  stm32f10x_sdio.o(i.SDIO_DataConfig)
    i.SDIO_DeInit                            0x08002854   Section        0  stm32f10x_sdio.o(i.SDIO_DeInit)
    i.SDIO_GetFlagStatus                     0x08002878   Section        0  stm32f10x_sdio.o(i.SDIO_GetFlagStatus)
    i.SDIO_GetPowerState                     0x08002890   Section        0  stm32f10x_sdio.o(i.SDIO_GetPowerState)
    i.SDIO_IRQHandler                        0x080028a0   Section        0  mysd.o(i.SDIO_IRQHandler)
    i.SDIO_Init                              0x080028a8   Section        0  stm32f10x_sdio.o(i.SDIO_Init)
    i.SDIO_ReadData                          0x080028d8   Section        0  stm32f10x_sdio.o(i.SDIO_ReadData)
    i.SDIO_SendCommand                       0x080028e4   Section        0  stm32f10x_sdio.o(i.SDIO_SendCommand)
    i.SDIO_SetPowerState                     0x08002910   Section        0  stm32f10x_sdio.o(i.SDIO_SetPowerState)
    i.SDIO_WriteData                         0x0800292c   Section        0  stm32f10x_sdio.o(i.SDIO_WriteData)
    i.SD_DMAEndOfTransferStatus              0x08002938   Section        0  mysd.o(i.SD_DMAEndOfTransferStatus)
    i.SD_DMA_Config                          0x08002948   Section        0  mysd.o(i.SD_DMA_Config)
    i.SD_DMA_Init                            0x0800297c   Section        0  mysd.o(i.SD_DMA_Init)
    i.SD_DeInit                              0x080029e4   Section        0  mysd.o(i.SD_DeInit)
    i.SD_EnableWideBusOperation              0x08002a30   Section        0  mysd.o(i.SD_EnableWideBusOperation)
    i.SD_GetCardInfo                         0x08002a98   Section        0  mysd.o(i.SD_GetCardInfo)
    i.SD_GetState                            0x08002d00   Section        0  mysd.o(i.SD_GetState)
    i.SD_GetStatus                           0x08002d1a   Section        0  mysd.o(i.SD_GetStatus)
    i.SD_Init                                0x08002d38   Section        0  mysd.o(i.SD_Init)
    i.SD_InitializeCards                     0x08002da0   Section        0  mysd.o(i.SD_InitializeCards)
    i.SD_PowerON                             0x08002ec0   Section        0  mysd.o(i.SD_PowerON)
    i.SD_ProcessIRQSrc                       0x08003030   Section        0  mysd.o(i.SD_ProcessIRQSrc)
    i.SD_ReadBlock                           0x0800316c   Section        0  mysd.o(i.SD_ReadBlock)
    i.SD_ReadDisk                            0x080033c4   Section        0  mysd.o(i.SD_ReadDisk)
    i.SD_ReadMultiBlocks                     0x0800345c   Section        0  mysd.o(i.SD_ReadMultiBlocks)
    i.SD_SelectDeselect                      0x08003744   Section        0  mysd.o(i.SD_SelectDeselect)
    i.SD_SendStatus                          0x08003774   Section        0  mysd.o(i.SD_SendStatus)
    i.SD_SetDeviceMode                       0x080037c8   Section        0  mysd.o(i.SD_SetDeviceMode)
    i.SD_WaitReadOperation                   0x080037e0   Section        0  mysd.o(i.SD_WaitReadOperation)
    i.SD_WaitWriteOperation                  0x08003814   Section        0  mysd.o(i.SD_WaitWriteOperation)
    i.SD_WriteBlock                          0x08003850   Section        0  mysd.o(i.SD_WriteBlock)
    i.SD_WriteDisk                           0x08003bc4   Section        0  mysd.o(i.SD_WriteDisk)
    i.SD_WriteMultiBlocks                    0x08003c5c   Section        0  mysd.o(i.SD_WriteMultiBlocks)
    i.SVC_Handler                            0x0800401c   Section        0  stm32f10x_it.o(i.SVC_Handler)
    i.SetSysClock                            0x0800401e   Section        0  system_stm32f10x.o(i.SetSysClock)
    SetSysClock                              0x0800401f   Thumb Code     8  system_stm32f10x.o(i.SetSysClock)
    i.SetSysClockTo72                        0x08004028   Section        0  system_stm32f10x.o(i.SetSysClockTo72)
    SetSysClockTo72                          0x08004029   Thumb Code   214  system_stm32f10x.o(i.SetSysClockTo72)
    i.SysTick_CLKSourceConfig                0x08004108   Section        0  misc.o(i.SysTick_CLKSourceConfig)
    i.SysTick_Handler                        0x08004130   Section        0  stm32f10x_it.o(i.SysTick_Handler)
    i.SystemInit                             0x08004134   Section        0  system_stm32f10x.o(i.SystemInit)
    i.TIM1_INIT                              0x08004194   Section        0  bsp_adc.o(i.TIM1_INIT)
    i.TIM_Cmd                                0x08004218   Section        0  stm32f10x_tim.o(i.TIM_Cmd)
    i.TIM_CtrlPWMOutputs                     0x08004230   Section        0  stm32f10x_tim.o(i.TIM_CtrlPWMOutputs)
    i.TIM_OC1Init                            0x08004250   Section        0  stm32f10x_tim.o(i.TIM_OC1Init)
    i.TIM_OC1PreloadConfig                   0x080042e8   Section        0  stm32f10x_tim.o(i.TIM_OC1PreloadConfig)
    i.TIM_TimeBaseInit                       0x080042fc   Section        0  stm32f10x_tim.o(i.TIM_TimeBaseInit)
    i.TIM_UpdateDisableConfig                0x080043a0   Section        0  stm32f10x_tim.o(i.TIM_UpdateDisableConfig)
    i.Time_Adjust                            0x080043b8   Section        0  bsp_rtc.o(i.Time_Adjust)
    i.Tran_ADC_V                             0x080043e0   Section        0  main.o(i.Tran_ADC_V)
    Tran_ADC_V                               0x080043e1   Thumb Code    70  main.o(i.Tran_ADC_V)
    i.USART_Cmd                              0x08004438   Section        0  stm32f10x_usart.o(i.USART_Cmd)
    i.USART_Config                           0x08004450   Section        0  bsp_usart.o(i.USART_Config)
    i.USART_GetFlagStatus                    0x080044e0   Section        0  stm32f10x_usart.o(i.USART_GetFlagStatus)
    i.USART_ITConfig                         0x080044fa   Section        0  stm32f10x_usart.o(i.USART_ITConfig)
    i.USART_Init                             0x08004544   Section        0  stm32f10x_usart.o(i.USART_Init)
    i.USART_SendData                         0x0800461c   Section        0  stm32f10x_usart.o(i.USART_SendData)
    i.UsageFault_Handler                     0x08004624   Section        0  stm32f10x_it.o(i.UsageFault_Handler)
    i.__0printf                              0x08004628   Section        0  printfa.o(i.__0printf)
    i.__0sprintf                             0x08004648   Section        0  printfa.o(i.__0sprintf)
    i.__scatterload_copy                     0x08004670   Section       14  handlers.o(i.__scatterload_copy)
    i.__scatterload_null                     0x0800467e   Section        2  handlers.o(i.__scatterload_null)
    i.__scatterload_zeroinit                 0x08004680   Section       14  handlers.o(i.__scatterload_zeroinit)
    i._fp_digits                             0x08004690   Section        0  printfa.o(i._fp_digits)
    _fp_digits                               0x08004691   Thumb Code   334  printfa.o(i._fp_digits)
    i._printf_core                           0x080047f4   Section        0  printfa.o(i._printf_core)
    _printf_core                             0x080047f5   Thumb Code  1744  printfa.o(i._printf_core)
    i._printf_post_padding                   0x08004ed0   Section        0  printfa.o(i._printf_post_padding)
    _printf_post_padding                     0x08004ed1   Thumb Code    36  printfa.o(i._printf_post_padding)
    i._printf_pre_padding                    0x08004ef4   Section        0  printfa.o(i._printf_pre_padding)
    _printf_pre_padding                      0x08004ef5   Thumb Code    46  printfa.o(i._printf_pre_padding)
    i._sputc                                 0x08004f22   Section        0  printfa.o(i._sputc)
    _sputc                                   0x08004f23   Thumb Code    10  printfa.o(i._sputc)
    i.check_fs                               0x08004f2c   Section        0  ff.o(i.check_fs)
    check_fs                                 0x08004f2d   Thumb Code   140  ff.o(i.check_fs)
    i.chk_chr                                0x08004fbc   Section        0  ff.o(i.chk_chr)
    chk_chr                                  0x08004fbd   Thumb Code    20  ff.o(i.chk_chr)
    i.clust2sect                             0x08004fd0   Section        0  ff.o(i.clust2sect)
    i.cmp_lfn                                0x08004fec   Section        0  ff.o(i.cmp_lfn)
    cmp_lfn                                  0x08004fed   Thumb Code   154  ff.o(i.cmp_lfn)
    i.convert_from_bytes_to_power_of_two     0x0800508c   Section        0  mysd.o(i.convert_from_bytes_to_power_of_two)
    i.create_chain                           0x0800509e   Section        0  ff.o(i.create_chain)
    create_chain                             0x0800509f   Thumb Code   214  ff.o(i.create_chain)
    i.create_name                            0x08005174   Section        0  ff.o(i.create_name)
    create_name                              0x08005175   Thumb Code   604  ff.o(i.create_name)
    i.delay_init                             0x080053e4   Section        0  delay.o(i.delay_init)
    i.dir_alloc                              0x08005428   Section        0  ff.o(i.dir_alloc)
    dir_alloc                                0x08005429   Thumb Code    92  ff.o(i.dir_alloc)
    i.dir_find                               0x08005484   Section        0  ff.o(i.dir_find)
    dir_find                                 0x08005485   Thumb Code   234  ff.o(i.dir_find)
    i.dir_next                               0x0800556e   Section        0  ff.o(i.dir_next)
    dir_next                                 0x0800556f   Thumb Code   314  ff.o(i.dir_next)
    i.dir_register                           0x080056a8   Section        0  ff.o(i.dir_register)
    dir_register                             0x080056a9   Thumb Code   298  ff.o(i.dir_register)
    i.dir_sdi                                0x080057d2   Section        0  ff.o(i.dir_sdi)
    dir_sdi                                  0x080057d3   Thumb Code   200  ff.o(i.dir_sdi)
    i.disk_initialize                        0x0800589a   Section        0  diskio.o(i.disk_initialize)
    i.disk_ioctl                             0x080058bc   Section        0  diskio.o(i.disk_ioctl)
    i.disk_read                              0x08005920   Section        0  diskio.o(i.disk_read)
    i.disk_status                            0x08005978   Section        0  diskio.o(i.disk_status)
    i.disk_write                             0x0800598c   Section        0  diskio.o(i.disk_write)
    i.f_close                                0x080059ea   Section        0  ff.o(i.f_close)
    i.f_getfree                              0x08005a0a   Section        0  ff.o(i.f_getfree)
    i.f_lseek                                0x08005b0c   Section        0  ff.o(i.f_lseek)
    i.f_mkfs                                 0x08005ca8   Section        0  ff.o(i.f_mkfs)
    i.f_mount                                0x0800632c   Section        0  ff.o(i.f_mount)
    i.f_open                                 0x08006388   Section        0  ff.o(i.f_open)
    i.f_sync                                 0x08006506   Section        0  ff.o(i.f_sync)
    i.f_write                                0x080065b6   Section        0  ff.o(i.f_write)
    i.ff_convert                             0x080067c4   Section        0  cc936.o(i.ff_convert)
    i.ff_wtoupper                            0x08006840   Section        0  cc936.o(i.ff_wtoupper)
    i.find_volume                            0x0800689c   Section        0  ff.o(i.find_volume)
    find_volume                              0x0800689d   Thumb Code   966  ff.o(i.find_volume)
    i.fit_lfn                                0x08006c74   Section        0  ff.o(i.fit_lfn)
    fit_lfn                                  0x08006c75   Thumb Code   122  ff.o(i.fit_lfn)
    i.follow_path                            0x08006cf4   Section        0  ff.o(i.follow_path)
    follow_path                              0x08006cf5   Thumb Code   144  ff.o(i.follow_path)
    i.fputc                                  0x08006d84   Section        0  bsp_usart.o(i.fputc)
    i.gen_numname                            0x08006da8   Section        0  ff.o(i.gen_numname)
    gen_numname                              0x08006da9   Thumb Code   198  ff.o(i.gen_numname)
    i.get_fat                                0x08006e74   Section        0  ff.o(i.get_fat)
    i.get_fattime                            0x08006fb4   Section        0  diskio.o(i.get_fattime)
    i.get_ldnumber                           0x08007000   Section        0  ff.o(i.get_ldnumber)
    get_ldnumber                             0x08007001   Thumb Code    74  ff.o(i.get_ldnumber)
    i.ld_clust                               0x0800704a   Section        0  ff.o(i.ld_clust)
    ld_clust                                 0x0800704b   Thumb Code    32  ff.o(i.ld_clust)
    i.main                                   0x0800706c   Section        0  main.o(i.main)
    i.mem_cmp                                0x08007228   Section        0  ff.o(i.mem_cmp)
    mem_cmp                                  0x08007229   Thumb Code    38  ff.o(i.mem_cmp)
    i.mem_cpy                                0x0800724e   Section        0  ff.o(i.mem_cpy)
    mem_cpy                                  0x0800724f   Thumb Code    26  ff.o(i.mem_cpy)
    i.mem_set                                0x08007268   Section        0  ff.o(i.mem_set)
    mem_set                                  0x08007269   Thumb Code    20  ff.o(i.mem_set)
    i.mktimev                                0x0800727c   Section        0  bsp_date.o(i.mktimev)
    i.move_window                            0x080072f8   Section        0  ff.o(i.move_window)
    move_window                              0x080072f9   Thumb Code    52  ff.o(i.move_window)
    i.put_fat                                0x0800732c   Section        0  ff.o(i.put_fat)
    i.remove_chain                           0x080074b4   Section        0  ff.o(i.remove_chain)
    remove_chain                             0x080074b5   Thumb Code   108  ff.o(i.remove_chain)
    i.st_clust                               0x08007520   Section        0  ff.o(i.st_clust)
    st_clust                                 0x08007521   Thumb Code    16  ff.o(i.st_clust)
    i.sum_sfn                                0x08007530   Section        0  ff.o(i.sum_sfn)
    sum_sfn                                  0x08007531   Thumb Code    32  ff.o(i.sum_sfn)
    i.sync_fs                                0x08007550   Section        0  ff.o(i.sync_fs)
    sync_fs                                  0x08007551   Thumb Code   200  ff.o(i.sync_fs)
    i.sync_window                            0x08007618   Section        0  ff.o(i.sync_window)
    sync_window                              0x08007619   Thumb Code    82  ff.o(i.sync_window)
    i.to_tm                                  0x0800766c   Section        0  bsp_date.o(i.to_tm)
    i.validate                               0x08007740   Section        0  ff.o(i.validate)
    validate                                 0x08007741   Thumb Code    50  ff.o(i.validate)
    .constdata                               0x08007772   Section       58  ff.o(.constdata)
    LfnOfs                                   0x08007772   Data          13  ff.o(.constdata)
    vst                                      0x08007780   Data          22  ff.o(.constdata)
    cst                                      0x08007796   Data          22  ff.o(.constdata)
    .constdata                               0x080077ac   Section    176320  cc936.o(.constdata)
    uni2oem                                  0x080077ac   Data       87172  cc936.o(.constdata)
    oem2uni                                  0x0801cc30   Data       87172  cc936.o(.constdata)
    lower                                    0x080320b4   Data         988  cc936.o(.constdata)
    upper                                    0x08032490   Data         988  cc936.o(.constdata)
    .constdata                               0x0803286c   Section       48  bsp_date.o(.constdata)
    .constdata                               0x0803289c   Section    15200  fonts.o(.constdata)
    .data                                    0x20000000   Section       20  system_stm32f10x.o(.data)
    .data                                    0x20000014   Section       20  stm32f10x_rcc.o(.data)
    APBAHBPrescTable                         0x20000014   Data          16  stm32f10x_rcc.o(.data)
    ADCPrescTable                            0x20000024   Data           4  stm32f10x_rcc.o(.data)
    .data                                    0x20000028   Section      105  main.o(.data)
    .data                                    0x20000094   Section       16  mysd.o(.data)
    CardType                                 0x20000094   Data           4  mysd.o(.data)
    RCA                                      0x20000098   Data           4  mysd.o(.data)
    DeviceMode                               0x2000009c   Data           1  mysd.o(.data)
    StopCondition                            0x2000009d   Data           1  mysd.o(.data)
    .data                                    0x200000a4   Section       10  ff.o(.data)
    FatFs                                    0x200000a4   Data           8  ff.o(.data)
    Fsid                                     0x200000ac   Data           2  ff.o(.data)
    .data                                    0x200000ae   Section        2  bsp_adc.o(.data)
    .data                                    0x200000b0   Section        4  delay.o(.data)
    fac_us                                   0x200000b0   Data           1  delay.o(.data)
    fac_ms                                   0x200000b2   Data           2  delay.o(.data)
    .data                                    0x200000b4   Section       48  bsp_date.o(.data)
    month_days                               0x200000b4   Data          48  bsp_date.o(.data)
    .data                                    0x200000e4   Section       24  fonts.o(.data)
    .data                                    0x200000fc   Section       16  bsp_ili9341_lcd.o(.data)
    LCD_Currentfonts                         0x20000104   Data           4  bsp_ili9341_lcd.o(.data)
    CurrentTextColor                         0x20000108   Data           2  bsp_ili9341_lcd.o(.data)
    CurrentBackColor                         0x2000010a   Data           2  bsp_ili9341_lcd.o(.data)
    .data                                    0x2000010c   Section        4  stdout.o(.data)
    .bss                                     0x20000110   Section     8296  main.o(.bss)
    .bss                                     0x20002178   Section     1256  mysd.o(.bss)
    CSD_Tab                                  0x200021e8   Data          16  mysd.o(.bss)
    CID_Tab                                  0x200021f8   Data          16  mysd.o(.bss)
    STACK                                    0x20002660   Section     1024  startup_stm32f10x_hd.o(STACK)
    .ARM.__AT_0x68000000                     0x68000000   Section    983040  malloc.o(.ARM.__AT_0x68000000)
    .ARM.__AT_0x680F0000                     0x680f0000   Section    61440  malloc.o(.ARM.__AT_0x680F0000)

    Global Symbols

    Symbol Name                              Value     Ov Type        Size  Object(Section)

    BuildAttributes$$THM_ISAv4$P$D$K$B$S$PE$A:L22UL41UL21$X:L11$S22US41US21$IEEE1$IW$USESV6$~STKCKD$USESV7$~SHL$OTIME$ROPI$EBA8$MICROLIB$REQ8$PRES8$EABIv2 0x00000000   Number         0  anon$$obj.o ABSOLUTE
    __ARM_use_no_argv                        0x00000000   Number         0  main.o ABSOLUTE
    _printf_a                                0x00000000   Number         0  stubs.o ABSOLUTE
    _printf_c                                0x00000000   Number         0  stubs.o ABSOLUTE
    _printf_charcount                        0x00000000   Number         0  stubs.o ABSOLUTE
    _printf_d                                0x00000000   Number         0  stubs.o ABSOLUTE
    _printf_e                                0x00000000   Number         0  stubs.o ABSOLUTE
    _printf_f                                0x00000000   Number         0  stubs.o ABSOLUTE
    _printf_flags                            0x00000000   Number         0  stubs.o ABSOLUTE
    _printf_fp_dec                           0x00000000   Number         0  stubs.o ABSOLUTE
    _printf_fp_hex                           0x00000000   Number         0  stubs.o ABSOLUTE
    _printf_g                                0x00000000   Number         0  stubs.o ABSOLUTE
    _printf_i                                0x00000000   Number         0  stubs.o ABSOLUTE
    _printf_int_dec                          0x00000000   Number         0  stubs.o ABSOLUTE
    _printf_l                                0x00000000   Number         0  stubs.o ABSOLUTE
    _printf_lc                               0x00000000   Number         0  stubs.o ABSOLUTE
    _printf_ll                               0x00000000   Number         0  stubs.o ABSOLUTE
    _printf_lld                              0x00000000   Number         0  stubs.o ABSOLUTE
    _printf_lli                              0x00000000   Number         0  stubs.o ABSOLUTE
    _printf_llo                              0x00000000   Number         0  stubs.o ABSOLUTE
    _printf_llu                              0x00000000   Number         0  stubs.o ABSOLUTE
    _printf_llx                              0x00000000   Number         0  stubs.o ABSOLUTE
    _printf_longlong_dec                     0x00000000   Number         0  stubs.o ABSOLUTE
    _printf_longlong_hex                     0x00000000   Number         0  stubs.o ABSOLUTE
    _printf_longlong_oct                     0x00000000   Number         0  stubs.o ABSOLUTE
    _printf_ls                               0x00000000   Number         0  stubs.o ABSOLUTE
    _printf_mbtowc                           0x00000000   Number         0  stubs.o ABSOLUTE
    _printf_n                                0x00000000   Number         0  stubs.o ABSOLUTE
    _printf_o                                0x00000000   Number         0  stubs.o ABSOLUTE
    _printf_p                                0x00000000   Number         0  stubs.o ABSOLUTE
    _printf_percent                          0x00000000   Number         0  stubs.o ABSOLUTE
    _printf_pre_padding                      0x00000000   Number         0  stubs.o ABSOLUTE
    _printf_return_value                     0x00000000   Number         0  stubs.o ABSOLUTE
    _printf_s                                0x00000000   Number         0  stubs.o ABSOLUTE
    _printf_sizespec                         0x00000000   Number         0  stubs.o ABSOLUTE
    _printf_str                              0x00000000   Number         0  stubs.o ABSOLUTE
    _printf_truncate_signed                  0x00000000   Number         0  stubs.o ABSOLUTE
    _printf_truncate_unsigned                0x00000000   Number         0  stubs.o ABSOLUTE
    _printf_u                                0x00000000   Number         0  stubs.o ABSOLUTE
    _printf_wc                               0x00000000   Number         0  stubs.o ABSOLUTE
    _printf_wctomb                           0x00000000   Number         0  stubs.o ABSOLUTE
    _printf_widthprec                        0x00000000   Number         0  stubs.o ABSOLUTE
    _printf_x                                0x00000000   Number         0  stubs.o ABSOLUTE
    __cpp_initialize__aeabi_                  - Undefined Weak Reference
    __cxa_finalize                            - Undefined Weak Reference
    __decompress                              - Undefined Weak Reference
    _clock_init                               - Undefined Weak Reference
    _microlib_exit                            - Undefined Weak Reference
    __Vectors_Size                           0x00000130   Number         0  startup_stm32f10x_hd.o ABSOLUTE
    __Vectors                                0x08000000   Data           4  startup_stm32f10x_hd.o(RESET)
    __Vectors_End                            0x08000130   Data           0  startup_stm32f10x_hd.o(RESET)
    __main                                   0x08000131   Thumb Code     0  entry.o(.ARM.Collect$$$$00000000)
    _main_stk                                0x08000131   Thumb Code     0  entry2.o(.ARM.Collect$$$$00000001)
    _main_scatterload                        0x08000135   Thumb Code     0  entry5.o(.ARM.Collect$$$$00000004)
    __main_after_scatterload                 0x08000139   Thumb Code     0  entry5.o(.ARM.Collect$$$$00000004)
    _main_clock                              0x08000139   Thumb Code     0  entry7b.o(.ARM.Collect$$$$00000008)
    _main_cpp_init                           0x08000139   Thumb Code     0  entry8b.o(.ARM.Collect$$$$0000000A)
    _main_init                               0x08000139   Thumb Code     0  entry9a.o(.ARM.Collect$$$$0000000B)
    __rt_final_cpp                           0x08000141   Thumb Code     0  entry10a.o(.ARM.Collect$$$$0000000D)
    __rt_final_exit                          0x08000141   Thumb Code     0  entry11a.o(.ARM.Collect$$$$0000000F)
    Reset_Handler                            0x08000145   Thumb Code     8  startup_stm32f10x_hd.o(.text)
    ADC1_2_IRQHandler                        0x0800015f   Thumb Code     0  startup_stm32f10x_hd.o(.text)
    ADC3_IRQHandler                          0x0800015f   Thumb Code     0  startup_stm32f10x_hd.o(.text)
    CAN1_RX1_IRQHandler                      0x0800015f   Thumb Code     0  startup_stm32f10x_hd.o(.text)
    CAN1_SCE_IRQHandler                      0x0800015f   Thumb Code     0  startup_stm32f10x_hd.o(.text)
    DMA1_Channel2_IRQHandler                 0x0800015f   Thumb Code     0  startup_stm32f10x_hd.o(.text)
    DMA1_Channel3_IRQHandler                 0x0800015f   Thumb Code     0  startup_stm32f10x_hd.o(.text)
    DMA1_Channel4_IRQHandler                 0x0800015f   Thumb Code     0  startup_stm32f10x_hd.o(.text)
    DMA1_Channel5_IRQHandler                 0x0800015f   Thumb Code     0  startup_stm32f10x_hd.o(.text)
    DMA1_Channel6_IRQHandler                 0x0800015f   Thumb Code     0  startup_stm32f10x_hd.o(.text)
    DMA1_Channel7_IRQHandler                 0x0800015f   Thumb Code     0  startup_stm32f10x_hd.o(.text)
    DMA2_Channel1_IRQHandler                 0x0800015f   Thumb Code     0  startup_stm32f10x_hd.o(.text)
    DMA2_Channel2_IRQHandler                 0x0800015f   Thumb Code     0  startup_stm32f10x_hd.o(.text)
    DMA2_Channel3_IRQHandler                 0x0800015f   Thumb Code     0  startup_stm32f10x_hd.o(.text)
    DMA2_Channel4_5_IRQHandler               0x0800015f   Thumb Code     0  startup_stm32f10x_hd.o(.text)
    EXTI0_IRQHandler                         0x0800015f   Thumb Code     0  startup_stm32f10x_hd.o(.text)
    EXTI15_10_IRQHandler                     0x0800015f   Thumb Code     0  startup_stm32f10x_hd.o(.text)
    EXTI1_IRQHandler                         0x0800015f   Thumb Code     0  startup_stm32f10x_hd.o(.text)
    EXTI2_IRQHandler                         0x0800015f   Thumb Code     0  startup_stm32f10x_hd.o(.text)
    EXTI3_IRQHandler                         0x0800015f   Thumb Code     0  startup_stm32f10x_hd.o(.text)
    EXTI4_IRQHandler                         0x0800015f   Thumb Code     0  startup_stm32f10x_hd.o(.text)
    EXTI9_5_IRQHandler                       0x0800015f   Thumb Code     0  startup_stm32f10x_hd.o(.text)
    FLASH_IRQHandler                         0x0800015f   Thumb Code     0  startup_stm32f10x_hd.o(.text)
    FSMC_IRQHandler                          0x0800015f   Thumb Code     0  startup_stm32f10x_hd.o(.text)
    I2C1_ER_IRQHandler                       0x0800015f   Thumb Code     0  startup_stm32f10x_hd.o(.text)
    I2C1_EV_IRQHandler                       0x0800015f   Thumb Code     0  startup_stm32f10x_hd.o(.text)
    I2C2_ER_IRQHandler                       0x0800015f   Thumb Code     0  startup_stm32f10x_hd.o(.text)
    I2C2_EV_IRQHandler                       0x0800015f   Thumb Code     0  startup_stm32f10x_hd.o(.text)
    PVD_IRQHandler                           0x0800015f   Thumb Code     0  startup_stm32f10x_hd.o(.text)
    RCC_IRQHandler                           0x0800015f   Thumb Code     0  startup_stm32f10x_hd.o(.text)
    RTCAlarm_IRQHandler                      0x0800015f   Thumb Code     0  startup_stm32f10x_hd.o(.text)
    SPI1_IRQHandler                          0x0800015f   Thumb Code     0  startup_stm32f10x_hd.o(.text)
    SPI2_IRQHandler                          0x0800015f   Thumb Code     0  startup_stm32f10x_hd.o(.text)
    SPI3_IRQHandler                          0x0800015f   Thumb Code     0  startup_stm32f10x_hd.o(.text)
    TAMPER_IRQHandler                        0x0800015f   Thumb Code     0  startup_stm32f10x_hd.o(.text)
    TIM1_BRK_IRQHandler                      0x0800015f   Thumb Code     0  startup_stm32f10x_hd.o(.text)
    TIM1_CC_IRQHandler                       0x0800015f   Thumb Code     0  startup_stm32f10x_hd.o(.text)
    TIM1_TRG_COM_IRQHandler                  0x0800015f   Thumb Code     0  startup_stm32f10x_hd.o(.text)
    TIM1_UP_IRQHandler                       0x0800015f   Thumb Code     0  startup_stm32f10x_hd.o(.text)
    TIM2_IRQHandler                          0x0800015f   Thumb Code     0  startup_stm32f10x_hd.o(.text)
    TIM3_IRQHandler                          0x0800015f   Thumb Code     0  startup_stm32f10x_hd.o(.text)
    TIM4_IRQHandler                          0x0800015f   Thumb Code     0  startup_stm32f10x_hd.o(.text)
    TIM5_IRQHandler                          0x0800015f   Thumb Code     0  startup_stm32f10x_hd.o(.text)
    TIM6_IRQHandler                          0x0800015f   Thumb Code     0  startup_stm32f10x_hd.o(.text)
    TIM7_IRQHandler                          0x0800015f   Thumb Code     0  startup_stm32f10x_hd.o(.text)
    TIM8_BRK_IRQHandler                      0x0800015f   Thumb Code     0  startup_stm32f10x_hd.o(.text)
    TIM8_CC_IRQHandler                       0x0800015f   Thumb Code     0  startup_stm32f10x_hd.o(.text)
    TIM8_TRG_COM_IRQHandler                  0x0800015f   Thumb Code     0  startup_stm32f10x_hd.o(.text)
    TIM8_UP_IRQHandler                       0x0800015f   Thumb Code     0  startup_stm32f10x_hd.o(.text)
    UART4_IRQHandler                         0x0800015f   Thumb Code     0  startup_stm32f10x_hd.o(.text)
    UART5_IRQHandler                         0x0800015f   Thumb Code     0  startup_stm32f10x_hd.o(.text)
    USART1_IRQHandler                        0x0800015f   Thumb Code     0  startup_stm32f10x_hd.o(.text)
    USART2_IRQHandler                        0x0800015f   Thumb Code     0  startup_stm32f10x_hd.o(.text)
    USART3_IRQHandler                        0x0800015f   Thumb Code     0  startup_stm32f10x_hd.o(.text)
    USBWakeUp_IRQHandler                     0x0800015f   Thumb Code     0  startup_stm32f10x_hd.o(.text)
    USB_HP_CAN1_TX_IRQHandler                0x0800015f   Thumb Code     0  startup_stm32f10x_hd.o(.text)
    USB_LP_CAN1_RX0_IRQHandler               0x0800015f   Thumb Code     0  startup_stm32f10x_hd.o(.text)
    WWDG_IRQHandler                          0x0800015f   Thumb Code     0  startup_stm32f10x_hd.o(.text)
    __aeabi_uldivmod                         0x08000169   Thumb Code    98  uldiv.o(.text)
    __aeabi_memcpy                           0x080001cb   Thumb Code    36  memcpya.o(.text)
    __aeabi_memcpy4                          0x080001cb   Thumb Code     0  memcpya.o(.text)
    __aeabi_memcpy8                          0x080001cb   Thumb Code     0  memcpya.o(.text)
    __aeabi_memset                           0x080001ef   Thumb Code    14  memseta.o(.text)
    __aeabi_memset4                          0x080001ef   Thumb Code     0  memseta.o(.text)
    __aeabi_memset8                          0x080001ef   Thumb Code     0  memseta.o(.text)
    __aeabi_memclr                           0x080001fd   Thumb Code     4  memseta.o(.text)
    __aeabi_memclr4                          0x080001fd   Thumb Code     0  memseta.o(.text)
    __aeabi_memclr8                          0x080001fd   Thumb Code     0  memseta.o(.text)
    _memset$wrapper                          0x08000201   Thumb Code    18  memseta.o(.text)
    __aeabi_fdiv                             0x08000213   Thumb Code   124  fdiv.o(.text)
    __aeabi_dmul                             0x0800028f   Thumb Code   228  dmul.o(.text)
    __aeabi_ui2f                             0x08000373   Thumb Code    10  ffltui.o(.text)
    __aeabi_f2d                              0x0800037d   Thumb Code    38  f2d.o(.text)
    __aeabi_d2f                              0x080003a3   Thumb Code    56  d2f.o(.text)
    __aeabi_uidiv                            0x080003db   Thumb Code     0  uidiv.o(.text)
    __aeabi_uidivmod                         0x080003db   Thumb Code    44  uidiv.o(.text)
    __aeabi_llsl                             0x08000407   Thumb Code    30  llshl.o(.text)
    _ll_shift_l                              0x08000407   Thumb Code     0  llshl.o(.text)
    __aeabi_llsr                             0x08000425   Thumb Code    32  llushr.o(.text)
    _ll_ushift_r                             0x08000425   Thumb Code     0  llushr.o(.text)
    __I$use$fp                               0x08000445   Thumb Code     0  iusefp.o(.text)
    _float_round                             0x08000445   Thumb Code    18  fepilogue.o(.text)
    _float_epilogue                          0x08000457   Thumb Code    92  fepilogue.o(.text)
    _double_round                            0x080004b3   Thumb Code    30  depilogue.o(.text)
    _double_epilogue                         0x080004d1   Thumb Code   156  depilogue.o(.text)
    __aeabi_dadd                             0x0800056d   Thumb Code   322  dadd.o(.text)
    __aeabi_dsub                             0x080006af   Thumb Code     6  dadd.o(.text)
    __aeabi_drsub                            0x080006b5   Thumb Code     6  dadd.o(.text)
    __aeabi_ddiv                             0x080006bb   Thumb Code   222  ddiv.o(.text)
    __aeabi_d2ulz                            0x08000799   Thumb Code    48  dfixul.o(.text)
    __aeabi_cdrcmple                         0x080007c9   Thumb Code    48  cdrcmple.o(.text)
    __scatterload                            0x080007f9   Thumb Code    28  init.o(.text)
    __scatterload_rt2                        0x080007f9   Thumb Code     0  init.o(.text)
    __aeabi_lasr                             0x0800081d   Thumb Code    36  llsshr.o(.text)
    _ll_sshift_r                             0x0800081d   Thumb Code     0  llsshr.o(.text)
    ADC_Cmd                                  0x08000841   Thumb Code    22  stm32f10x_adc.o(i.ADC_Cmd)
    ADC_DMACmd                               0x08000857   Thumb Code    22  stm32f10x_adc.o(i.ADC_DMACmd)
    ADC_ExternalTrigConvCmd                  0x0800086d   Thumb Code    22  stm32f10x_adc.o(i.ADC_ExternalTrigConvCmd)
    ADC_GetCalibrationStatus                 0x08000883   Thumb Code    20  stm32f10x_adc.o(i.ADC_GetCalibrationStatus)
    ADC_GetResetCalibrationStatus            0x08000897   Thumb Code    20  stm32f10x_adc.o(i.ADC_GetResetCalibrationStatus)
    ADC_Init                                 0x080008ad   Thumb Code    70  stm32f10x_adc.o(i.ADC_Init)
    ADC_RegularChannelConfig                 0x080008fd   Thumb Code   184  stm32f10x_adc.o(i.ADC_RegularChannelConfig)
    ADC_ResetCalibration                     0x080009b5   Thumb Code    10  stm32f10x_adc.o(i.ADC_ResetCalibration)
    ADC_StartCalibration                     0x080009bf   Thumb Code    10  stm32f10x_adc.o(i.ADC_StartCalibration)
    ADCx_Init                                0x080009ed   Thumb Code    24  bsp_adc.o(i.ADCx_Init)
    BKP_DeInit                               0x08000b11   Thumb Code    16  stm32f10x_bkp.o(i.BKP_DeInit)
    BKP_ReadBackupRegister                   0x08000b21   Thumb Code    24  stm32f10x_bkp.o(i.BKP_ReadBackupRegister)
    BKP_WriteBackupRegister                  0x08000b3d   Thumb Code    22  stm32f10x_bkp.o(i.BKP_WriteBackupRegister)
    BusFault_Handler                         0x08000b59   Thumb Code     4  stm32f10x_it.o(i.BusFault_Handler)
    CmdError                                 0x08000b5d   Thumb Code    48  mysd.o(i.CmdError)
    CmdResp1Error                            0x08000b8d   Thumb Code   100  mysd.o(i.CmdResp1Error)
    CmdResp2Error                            0x08000bf5   Thumb Code    80  mysd.o(i.CmdResp2Error)
    CmdResp3Error                            0x08000c49   Thumb Code    50  mysd.o(i.CmdResp3Error)
    CmdResp6Error                            0x08000c81   Thumb Code   140  mysd.o(i.CmdResp6Error)
    DMA1_Channel1_IRQHandler                 0x08000d95   Thumb Code    24  stm32f10x_it.o(i.DMA1_Channel1_IRQHandler)
    DMA_ClearFlag                            0x08000db1   Thumb Code    18  stm32f10x_dma.o(i.DMA_ClearFlag)
    DMA_Cmd                                  0x08000dcd   Thumb Code    24  stm32f10x_dma.o(i.DMA_Cmd)
    DMA_DeInit                               0x08000de5   Thumb Code   324  stm32f10x_dma.o(i.DMA_DeInit)
    DMA_GetFlagStatus                        0x08000f31   Thumb Code    36  stm32f10x_dma.o(i.DMA_GetFlagStatus)
    DMA_GetITStatus                          0x08000f5d   Thumb Code    36  stm32f10x_dma.o(i.DMA_GetITStatus)
    DMA_ITConfig                             0x08000f89   Thumb Code    18  stm32f10x_dma.o(i.DMA_ITConfig)
    DMA_Init                                 0x08000f9b   Thumb Code    60  stm32f10x_dma.o(i.DMA_Init)
    DebugMon_Handler                         0x08000fd7   Thumb Code     2  stm32f10x_it.o(i.DebugMon_Handler)
    FSMC_NORSRAMCmd                          0x08000fd9   Thumb Code    46  stm32f10x_fsmc.o(i.FSMC_NORSRAMCmd)
    FSMC_NORSRAMInit                         0x0800100d   Thumb Code   230  stm32f10x_fsmc.o(i.FSMC_NORSRAMInit)
    Fat_init                                 0x080010f5   Thumb Code    98  main.o(i.Fat_init)
    FindSCR                                  0x0800121d   Thumb Code   386  mysd.o(i.FindSCR)
    GPIO_Init                                0x08001401   Thumb Code   278  stm32f10x_gpio.o(i.GPIO_Init)
    GPIO_ResetBits                           0x08001517   Thumb Code     4  stm32f10x_gpio.o(i.GPIO_ResetBits)
    GPIO_SetBits                             0x0800151b   Thumb Code     4  stm32f10x_gpio.o(i.GPIO_SetBits)
    GregorianDay                             0x080015f5   Thumb Code   146  bsp_date.o(i.GregorianDay)
    HardFault_Handler                        0x0800168d   Thumb Code     4  stm32f10x_it.o(i.HardFault_Handler)
    ILI9341_BackLed_Control                  0x08001691   Thumb Code    30  bsp_ili9341_lcd.o(i.ILI9341_BackLed_Control)
    ILI9341_Clear                            0x080016b5   Thumb Code    40  bsp_ili9341_lcd.o(i.ILI9341_Clear)
    ILI9341_DispChar_EN                      0x080016f5   Thumb Code   138  bsp_ili9341_lcd.o(i.ILI9341_DispChar_EN)
    ILI9341_DispStringLine_EN                0x0800178d   Thumb Code    92  bsp_ili9341_lcd.o(i.ILI9341_DispStringLine_EN)
    ILI9341_GramScan                         0x08001a1d   Thumb Code   208  bsp_ili9341_lcd.o(i.ILI9341_GramScan)
    ILI9341_Init                             0x08001afd   Thumb Code    34  bsp_ili9341_lcd.o(i.ILI9341_Init)
    ILI9341_OpenWindow                       0x08001b25   Thumb Code    96  bsp_ili9341_lcd.o(i.ILI9341_OpenWindow)
    ILI9341_ReadID                           0x08001fd5   Thumb Code   108  bsp_ili9341_lcd.o(i.ILI9341_ReadID)
    ILI9341_Read_Data                        0x08002045   Thumb Code     6  bsp_ili9341_lcd.o(i.ILI9341_Read_Data)
    ILI9341_Rst                              0x08002051   Thumb Code    36  bsp_ili9341_lcd.o(i.ILI9341_Rst)
    ILI9341_Write_Cmd                        0x08002079   Thumb Code     8  bsp_ili9341_lcd.o(i.ILI9341_Write_Cmd)
    ILI9341_Write_Data                       0x08002081   Thumb Code     6  bsp_ili9341_lcd.o(i.ILI9341_Write_Data)
    INTX_DISABLE                             0x0800208d   Thumb Code     4  mysd.o(i.INTX_DISABLE)
    INTX_ENABLE                              0x08002091   Thumb Code     4  mysd.o(i.INTX_ENABLE)
    IsCardProgramming                        0x08002095   Thumb Code   142  mysd.o(i.IsCardProgramming)
    LCD_ClearLine                            0x08002131   Thumb Code    26  bsp_ili9341_lcd.o(i.LCD_ClearLine)
    LCD_GetFont                              0x08002151   Thumb Code     6  bsp_ili9341_lcd.o(i.LCD_GetFont)
    LCD_SetColors                            0x0800215d   Thumb Code    10  bsp_ili9341_lcd.o(i.LCD_SetColors)
    LCD_SetFont                              0x08002171   Thumb Code     6  bsp_ili9341_lcd.o(i.LCD_SetFont)
    MemManage_Handler                        0x0800217d   Thumb Code     4  stm32f10x_it.o(i.MemManage_Handler)
    NMI_Handler                              0x08002181   Thumb Code     2  stm32f10x_it.o(i.NMI_Handler)
    NVIC_Init                                0x080021d1   Thumb Code   100  misc.o(i.NVIC_Init)
    NVIC_PriorityGroupConfig                 0x08002241   Thumb Code    10  misc.o(i.NVIC_PriorityGroupConfig)
    PWR_BackupAccessCmd                      0x08002255   Thumb Code     6  stm32f10x_pwr.o(i.PWR_BackupAccessCmd)
    PendSV_Handler                           0x08002261   Thumb Code     2  stm32f10x_it.o(i.PendSV_Handler)
    RCC_ADCCLKConfig                         0x08002265   Thumb Code    18  stm32f10x_rcc.o(i.RCC_ADCCLKConfig)
    RCC_AHBPeriphClockCmd                    0x0800227d   Thumb Code    26  stm32f10x_rcc.o(i.RCC_AHBPeriphClockCmd)
    RCC_APB1PeriphClockCmd                   0x0800229d   Thumb Code    26  stm32f10x_rcc.o(i.RCC_APB1PeriphClockCmd)
    RCC_APB2PeriphClockCmd                   0x080022bd   Thumb Code    26  stm32f10x_rcc.o(i.RCC_APB2PeriphClockCmd)
    RCC_BackupResetCmd                       0x080022dd   Thumb Code     6  stm32f10x_rcc.o(i.RCC_BackupResetCmd)
    RCC_ClearFlag                            0x080022e9   Thumb Code    14  stm32f10x_rcc.o(i.RCC_ClearFlag)
    RCC_GetClocksFreq                        0x080022fd   Thumb Code   192  stm32f10x_rcc.o(i.RCC_GetClocksFreq)
    RCC_GetFlagStatus                        0x080023d1   Thumb Code    56  stm32f10x_rcc.o(i.RCC_GetFlagStatus)
    RCC_LSEConfig                            0x0800240d   Thumb Code    46  stm32f10x_rcc.o(i.RCC_LSEConfig)
    RCC_LSICmd                               0x08002441   Thumb Code     6  stm32f10x_rcc.o(i.RCC_LSICmd)
    RCC_RTCCLKCmd                            0x0800244d   Thumb Code     6  stm32f10x_rcc.o(i.RCC_RTCCLKCmd)
    RCC_RTCCLKConfig                         0x08002459   Thumb Code    12  stm32f10x_rcc.o(i.RCC_RTCCLKConfig)
    RTC_CheckAndConfig                       0x08002469   Thumb Code   140  bsp_rtc.o(i.RTC_CheckAndConfig)
    RTC_ClearITPendingBit                    0x08002595   Thumb Code    12  stm32f10x_rtc.o(i.RTC_ClearITPendingBit)
    RTC_Configuration                        0x080025a5   Thumb Code    88  bsp_rtc.o(i.RTC_Configuration)
    RTC_EnterConfigMode                      0x080025fd   Thumb Code    14  stm32f10x_rtc.o(i.RTC_EnterConfigMode)
    RTC_ExitConfigMode                       0x08002611   Thumb Code    16  stm32f10x_rtc.o(i.RTC_ExitConfigMode)
    RTC_GetCounter                           0x08002625   Thumb Code    16  stm32f10x_rtc.o(i.RTC_GetCounter)
    RTC_GetITStatus                          0x08002639   Thumb Code    32  stm32f10x_rtc.o(i.RTC_GetITStatus)
    RTC_IRQHandler                           0x0800265d   Thumb Code    34  stm32f10x_it.o(i.RTC_IRQHandler)
    RTC_ITConfig                             0x08002681   Thumb Code    26  stm32f10x_rtc.o(i.RTC_ITConfig)
    RTC_NVIC_Config                          0x080026a1   Thumb Code    42  bsp_rtc.o(i.RTC_NVIC_Config)
    RTC_SetCounter                           0x080026cd   Thumb Code    24  stm32f10x_rtc.o(i.RTC_SetCounter)
    RTC_SetPrescaler                         0x080026e9   Thumb Code    26  stm32f10x_rtc.o(i.RTC_SetPrescaler)
    RTC_WaitForLastTask                      0x08002709   Thumb Code    16  stm32f10x_rtc.o(i.RTC_WaitForLastTask)
    RTC_WaitForSynchro                       0x0800271d   Thumb Code    30  stm32f10x_rtc.o(i.RTC_WaitForSynchro)
    SDEnWideBus                              0x08002741   Thumb Code   158  mysd.o(i.SDEnWideBus)
    SDIO_ClearFlag                           0x080027ed   Thumb Code     6  stm32f10x_sdio.o(i.SDIO_ClearFlag)
    SDIO_ClockCmd                            0x080027f9   Thumb Code     6  stm32f10x_sdio.o(i.SDIO_ClockCmd)
    SDIO_Clock_Set                           0x08002805   Thumb Code    16  mysd.o(i.SDIO_Clock_Set)
    SDIO_DMACmd                              0x08002819   Thumb Code     6  stm32f10x_sdio.o(i.SDIO_DMACmd)
    SDIO_DataConfig                          0x08002825   Thumb Code    42  stm32f10x_sdio.o(i.SDIO_DataConfig)
    SDIO_DeInit                              0x08002855   Thumb Code    28  stm32f10x_sdio.o(i.SDIO_DeInit)
    SDIO_GetFlagStatus                       0x08002879   Thumb Code    20  stm32f10x_sdio.o(i.SDIO_GetFlagStatus)
    SDIO_GetPowerState                       0x08002891   Thumb Code    10  stm32f10x_sdio.o(i.SDIO_GetPowerState)
    SDIO_IRQHandler                          0x080028a1   Thumb Code     8  mysd.o(i.SDIO_IRQHandler)
    SDIO_Init                                0x080028a9   Thumb Code    42  stm32f10x_sdio.o(i.SDIO_Init)
    SDIO_ReadData                            0x080028d9   Thumb Code     6  stm32f10x_sdio.o(i.SDIO_ReadData)
    SDIO_SendCommand                         0x080028e5   Thumb Code    38  stm32f10x_sdio.o(i.SDIO_SendCommand)
    SDIO_SetPowerState                       0x08002911   Thumb Code    22  stm32f10x_sdio.o(i.SDIO_SetPowerState)
    SDIO_WriteData                           0x0800292d   Thumb Code     6  stm32f10x_sdio.o(i.SDIO_WriteData)
    SD_DMAEndOfTransferStatus                0x08002939   Thumb Code    10  mysd.o(i.SD_DMAEndOfTransferStatus)
    SD_DMA_Config                            0x08002949   Thumb Code    44  mysd.o(i.SD_DMA_Config)
    SD_DMA_Init                              0x0800297d   Thumb Code    88  mysd.o(i.SD_DMA_Init)
    SD_DeInit                                0x080029e5   Thumb Code    66  mysd.o(i.SD_DeInit)
    SD_EnableWideBusOperation                0x08002a31   Thumb Code    94  mysd.o(i.SD_EnableWideBusOperation)
    SD_GetCardInfo                           0x08002a99   Thumb Code   600  mysd.o(i.SD_GetCardInfo)
    SD_GetState                              0x08002d01   Thumb Code    26  mysd.o(i.SD_GetState)
    SD_GetStatus                             0x08002d1b   Thumb Code    30  mysd.o(i.SD_GetStatus)
    SD_Init                                  0x08002d39   Thumb Code    98  mysd.o(i.SD_Init)
    SD_InitializeCards                       0x08002da1   Thumb Code   262  mysd.o(i.SD_InitializeCards)
    SD_PowerON                               0x08002ec1   Thumb Code   348  mysd.o(i.SD_PowerON)
    SD_ProcessIRQSrc                         0x08003031   Thumb Code   296  mysd.o(i.SD_ProcessIRQSrc)
    SD_ReadBlock                             0x0800316d   Thumb Code   558  mysd.o(i.SD_ReadBlock)
    SD_ReadDisk                              0x080033c5   Thumb Code   148  mysd.o(i.SD_ReadDisk)
    SD_ReadMultiBlocks                       0x0800345d   Thumb Code   698  mysd.o(i.SD_ReadMultiBlocks)
    SD_SelectDeselect                        0x08003745   Thumb Code    42  mysd.o(i.SD_SelectDeselect)
    SD_SendStatus                            0x08003775   Thumb Code    72  mysd.o(i.SD_SendStatus)
    SD_SetDeviceMode                         0x080037c9   Thumb Code    20  mysd.o(i.SD_SetDeviceMode)
    SD_WaitReadOperation                     0x080037e1   Thumb Code    42  mysd.o(i.SD_WaitReadOperation)
    SD_WaitWriteOperation                    0x08003815   Thumb Code    50  mysd.o(i.SD_WaitWriteOperation)
    SD_WriteBlock                            0x08003851   Thumb Code   844  mysd.o(i.SD_WriteBlock)
    SD_WriteDisk                             0x08003bc5   Thumb Code   148  mysd.o(i.SD_WriteDisk)
    SD_WriteMultiBlocks                      0x08003c5d   Thumb Code   920  mysd.o(i.SD_WriteMultiBlocks)
    SVC_Handler                              0x0800401d   Thumb Code     2  stm32f10x_it.o(i.SVC_Handler)
    SysTick_CLKSourceConfig                  0x08004109   Thumb Code    40  misc.o(i.SysTick_CLKSourceConfig)
    SysTick_Handler                          0x08004131   Thumb Code     2  stm32f10x_it.o(i.SysTick_Handler)
    SystemInit                               0x08004135   Thumb Code    78  system_stm32f10x.o(i.SystemInit)
    TIM1_INIT                                0x08004195   Thumb Code   126  bsp_adc.o(i.TIM1_INIT)
    TIM_Cmd                                  0x08004219   Thumb Code    24  stm32f10x_tim.o(i.TIM_Cmd)
    TIM_CtrlPWMOutputs                       0x08004231   Thumb Code    30  stm32f10x_tim.o(i.TIM_CtrlPWMOutputs)
    TIM_OC1Init                              0x08004251   Thumb Code   132  stm32f10x_tim.o(i.TIM_OC1Init)
    TIM_OC1PreloadConfig                     0x080042e9   Thumb Code    18  stm32f10x_tim.o(i.TIM_OC1PreloadConfig)
    TIM_TimeBaseInit                         0x080042fd   Thumb Code   122  stm32f10x_tim.o(i.TIM_TimeBaseInit)
    TIM_UpdateDisableConfig                  0x080043a1   Thumb Code    24  stm32f10x_tim.o(i.TIM_UpdateDisableConfig)
    Time_Adjust                              0x080043b9   Thumb Code    40  bsp_rtc.o(i.Time_Adjust)
    USART_Cmd                                0x08004439   Thumb Code    24  stm32f10x_usart.o(i.USART_Cmd)
    USART_Config                             0x08004451   Thumb Code   136  bsp_usart.o(i.USART_Config)
    USART_GetFlagStatus                      0x080044e1   Thumb Code    26  stm32f10x_usart.o(i.USART_GetFlagStatus)
    USART_ITConfig                           0x080044fb   Thumb Code    74  stm32f10x_usart.o(i.USART_ITConfig)
    USART_Init                               0x08004545   Thumb Code   210  stm32f10x_usart.o(i.USART_Init)
    USART_SendData                           0x0800461d   Thumb Code     8  stm32f10x_usart.o(i.USART_SendData)
    UsageFault_Handler                       0x08004625   Thumb Code     4  stm32f10x_it.o(i.UsageFault_Handler)
    __0printf                                0x08004629   Thumb Code    22  printfa.o(i.__0printf)
    __1printf                                0x08004629   Thumb Code     0  printfa.o(i.__0printf)
    __2printf                                0x08004629   Thumb Code     0  printfa.o(i.__0printf)
    __c89printf                              0x08004629   Thumb Code     0  printfa.o(i.__0printf)
    printf                                   0x08004629   Thumb Code     0  printfa.o(i.__0printf)
    __0sprintf                               0x08004649   Thumb Code    34  printfa.o(i.__0sprintf)
    __1sprintf                               0x08004649   Thumb Code     0  printfa.o(i.__0sprintf)
    __2sprintf                               0x08004649   Thumb Code     0  printfa.o(i.__0sprintf)
    __c89sprintf                             0x08004649   Thumb Code     0  printfa.o(i.__0sprintf)
    sprintf                                  0x08004649   Thumb Code     0  printfa.o(i.__0sprintf)
    __scatterload_copy                       0x08004671   Thumb Code    14  handlers.o(i.__scatterload_copy)
    __scatterload_null                       0x0800467f   Thumb Code     2  handlers.o(i.__scatterload_null)
    __scatterload_zeroinit                   0x08004681   Thumb Code    14  handlers.o(i.__scatterload_zeroinit)
    clust2sect                               0x08004fd1   Thumb Code    26  ff.o(i.clust2sect)
    convert_from_bytes_to_power_of_two       0x0800508d   Thumb Code    18  mysd.o(i.convert_from_bytes_to_power_of_two)
    delay_init                               0x080053e5   Thumb Code    50  delay.o(i.delay_init)
    disk_initialize                          0x0800589b   Thumb Code    34  diskio.o(i.disk_initialize)
    disk_ioctl                               0x080058bd   Thumb Code    94  diskio.o(i.disk_ioctl)
    disk_read                                0x08005921   Thumb Code    88  diskio.o(i.disk_read)
    disk_status                              0x08005979   Thumb Code    20  diskio.o(i.disk_status)
    disk_write                               0x0800598d   Thumb Code    94  diskio.o(i.disk_write)
    f_close                                  0x080059eb   Thumb Code    32  ff.o(i.f_close)
    f_getfree                                0x08005a0b   Thumb Code   258  ff.o(i.f_getfree)
    f_lseek                                  0x08005b0d   Thumb Code   410  ff.o(i.f_lseek)
    f_mkfs                                   0x08005ca9   Thumb Code  1622  ff.o(i.f_mkfs)
    f_mount                                  0x0800632d   Thumb Code    86  ff.o(i.f_mount)
    f_open                                   0x08006389   Thumb Code   382  ff.o(i.f_open)
    f_sync                                   0x08006507   Thumb Code   176  ff.o(i.f_sync)
    f_write                                  0x080065b7   Thumb Code   524  ff.o(i.f_write)
    ff_convert                               0x080067c5   Thumb Code   116  cc936.o(i.ff_convert)
    ff_wtoupper                              0x08006841   Thumb Code    84  cc936.o(i.ff_wtoupper)
    fputc                                    0x08006d85   Thumb Code    32  bsp_usart.o(i.fputc)
    get_fat                                  0x08006e75   Thumb Code   318  ff.o(i.get_fat)
    get_fattime                              0x08006fb5   Thumb Code    70  diskio.o(i.get_fattime)
    main                                     0x0800706d   Thumb Code   314  main.o(i.main)
    mktimev                                  0x0800727d   Thumb Code   120  bsp_date.o(i.mktimev)
    put_fat                                  0x0800732d   Thumb Code   392  ff.o(i.put_fat)
    to_tm                                    0x0800766d   Thumb Code   198  bsp_date.o(i.to_tm)
    ASCII8x16_Table                          0x0803289c   Data        1520  fonts.o(.constdata)
    ASCII16x24_Table                         0x08032e8c   Data        4560  fonts.o(.constdata)
    ASCII24x32_Table                         0x0803405c   Data        9120  fonts.o(.constdata)
    Region$$Table$$Base                      0x080363fc   Number         0  anon$$obj.o(Region$$Table)
    Region$$Table$$Limit                     0x0803641c   Number         0  anon$$obj.o(Region$$Table)
    SystemCoreClock                          0x20000000   Data           4  system_stm32f10x.o(.data)
    AHBPrescTable                            0x20000004   Data          16  system_stm32f10x.o(.data)
    res_sd                                   0x20000028   Data           1  main.o(.data)
    res_flash                                0x20000029   Data           1  main.o(.data)
    systmtime                                0x2000002c   Data          28  main.o(.data)
    ADC_ConvertedValueLocal                  0x20000048   Data           4  main.o(.data)
    name_i                                   0x2000004c   Data           4  main.o(.data)
    tra_i                                    0x20000050   Data           4  main.o(.data)
    tra_j                                    0x20000054   Data           4  main.o(.data)
    excel_top_name                           0x20000058   Data          50  main.o(.data)
    temp_adr                                 0x2000008c   Data           4  main.o(.data)
    Adc_Dma_Flag                             0x20000090   Data           1  main.o(.data)
    TransferError                            0x2000009e   Data           1  mysd.o(.data)
    TransferEnd                              0x2000009f   Data           1  mysd.o(.data)
    tempbuff                                 0x200000a0   Data           4  mysd.o(.data)
    ADC_ConvertedValue                       0x200000ae   Data           2  bsp_adc.o(.data)
    Font8x16                                 0x200000e4   Data           8  fonts.o(.data)
    Font16x24                                0x200000ec   Data           8  fonts.o(.data)
    Font24x32                                0x200000f4   Data           8  fonts.o(.data)
    LCD_X_LENGTH                             0x200000fc   Data           2  bsp_ili9341_lcd.o(.data)
    LCD_Y_LENGTH                             0x200000fe   Data           2  bsp_ili9341_lcd.o(.data)
    LCD_SCAN_MODE                            0x20000100   Data           1  bsp_ili9341_lcd.o(.data)
    lcdid                                    0x20000102   Data           2  bsp_ili9341_lcd.o(.data)
    __stdout                                 0x2000010c   Data           4  stdout.o(.data)
    fs                                       0x20000110   Data        4144  main.o(.bss)
    fnew                                     0x20001140   Data        4132  main.o(.bss)
    name_budder                              0x20002164   Data          20  main.o(.bss)
    SDIO_InitStructure                       0x20002178   Data          24  mysd.o(.bss)
    SDIO_CmdInitStructure                    0x20002190   Data          20  mysd.o(.bss)
    SDIO_DataInitStructure                   0x200021a4   Data          24  mysd.o(.bss)
    DMA_InitStructure                        0x200021bc   Data          44  mysd.o(.bss)
    SDCardInfo                               0x20002208   Data          88  mysd.o(.bss)
    SDIO_DATA_BUFFER                         0x20002260   Data        1024  mysd.o(.bss)
    __initial_sp                             0x20002a60   Data           0  startup_stm32f10x_hd.o(STACK)
    mem2base                                 0x68000000   Data       983040  malloc.o(.ARM.__AT_0x68000000)
    mem2mapbase                              0x680f0000   Data       61440  malloc.o(.ARM.__AT_0x680F0000)



==============================================================================

Memory Map of the image

  Image Entry point : 0x08000131

  Load Region LR_IROM1 (Base: 0x08000000, Size: 0x0003652c, Max: 0x00080000, ABSOLUTE)

    Execution Region ER_IROM1 (Base: 0x08000000, Size: 0x0003641c, Max: 0x00080000, ABSOLUTE)

    Base Addr    Size         Type   Attr      Idx    E Section Name        Object

    0x08000000   0x00000130   Data   RO            3    RESET               startup_stm32f10x_hd.o
    0x08000130   0x00000000   Code   RO         4445  * .ARM.Collect$$$$00000000  mc_w.l(entry.o)
    0x08000130   0x00000004   Code   RO         4727    .ARM.Collect$$$$00000001  mc_w.l(entry2.o)
    0x08000134   0x00000004   Code   RO         4730    .ARM.Collect$$$$00000004  mc_w.l(entry5.o)
    0x08000138   0x00000000   Code   RO         4732    .ARM.Collect$$$$00000008  mc_w.l(entry7b.o)
    0x08000138   0x00000000   Code   RO         4734    .ARM.Collect$$$$0000000A  mc_w.l(entry8b.o)
    0x08000138   0x00000008   Code   RO         4735    .ARM.Collect$$$$0000000B  mc_w.l(entry9a.o)
    0x08000140   0x00000000   Code   RO         4737    .ARM.Collect$$$$0000000D  mc_w.l(entry10a.o)
    0x08000140   0x00000000   Code   RO         4739    .ARM.Collect$$$$0000000F  mc_w.l(entry11a.o)
    0x08000140   0x00000004   Code   RO         4728    .ARM.Collect$$$$00002712  mc_w.l(entry2.o)
    0x08000144   0x00000024   Code   RO            4    .text               startup_stm32f10x_hd.o
    0x08000168   0x00000062   Code   RO         4448    .text               mc_w.l(uldiv.o)
    0x080001ca   0x00000024   Code   RO         4450    .text               mc_w.l(memcpya.o)
    0x080001ee   0x00000024   Code   RO         4452    .text               mc_w.l(memseta.o)
    0x08000212   0x0000007c   Code   RO         4717    .text               mf_w.l(fdiv.o)
    0x0800028e   0x000000e4   Code   RO         4719    .text               mf_w.l(dmul.o)
    0x08000372   0x0000000a   Code   RO         4721    .text               mf_w.l(ffltui.o)
    0x0800037c   0x00000026   Code   RO         4723    .text               mf_w.l(f2d.o)
    0x080003a2   0x00000038   Code   RO         4725    .text               mf_w.l(d2f.o)
    0x080003da   0x0000002c   Code   RO         4742    .text               mc_w.l(uidiv.o)
    0x08000406   0x0000001e   Code   RO         4744    .text               mc_w.l(llshl.o)
    0x08000424   0x00000020   Code   RO         4746    .text               mc_w.l(llushr.o)
    0x08000444   0x00000000   Code   RO         4748    .text               mc_w.l(iusefp.o)
    0x08000444   0x0000006e   Code   RO         4749    .text               mf_w.l(fepilogue.o)
    0x080004b2   0x000000ba   Code   RO         4751    .text               mf_w.l(depilogue.o)
    0x0800056c   0x0000014e   Code   RO         4753    .text               mf_w.l(dadd.o)
    0x080006ba   0x000000de   Code   RO         4755    .text               mf_w.l(ddiv.o)
    0x08000798   0x00000030   Code   RO         4757    .text               mf_w.l(dfixul.o)
    0x080007c8   0x00000030   Code   RO         4759    .text               mf_w.l(cdrcmple.o)
    0x080007f8   0x00000024   Code   RO         4761    .text               mc_w.l(init.o)
    0x0800081c   0x00000024   Code   RO         4763    .text               mc_w.l(llsshr.o)
    0x08000840   0x00000016   Code   RO          183    i.ADC_Cmd           stm32f10x_adc.o
    0x08000856   0x00000016   Code   RO          184    i.ADC_DMACmd        stm32f10x_adc.o
    0x0800086c   0x00000016   Code   RO          188    i.ADC_ExternalTrigConvCmd  stm32f10x_adc.o
    0x08000882   0x00000014   Code   RO          191    i.ADC_GetCalibrationStatus  stm32f10x_adc.o
    0x08000896   0x00000014   Code   RO          197    i.ADC_GetResetCalibrationStatus  stm32f10x_adc.o
    0x080008aa   0x00000002   PAD
    0x080008ac   0x00000050   Code   RO          201    i.ADC_Init          stm32f10x_adc.o
    0x080008fc   0x000000b8   Code   RO          205    i.ADC_RegularChannelConfig  stm32f10x_adc.o
    0x080009b4   0x0000000a   Code   RO          206    i.ADC_ResetCalibration  stm32f10x_adc.o
    0x080009be   0x0000000a   Code   RO          210    i.ADC_StartCalibration  stm32f10x_adc.o
    0x080009c8   0x00000024   Code   RO         4052    i.ADCx_GPIO_Config  bsp_adc.o
    0x080009ec   0x00000018   Code   RO         4053    i.ADCx_Init         bsp_adc.o
    0x08000a04   0x0000010c   Code   RO         4054    i.ADCx_Mode_Config  bsp_adc.o
    0x08000b10   0x00000010   Code   RO          401    i.BKP_DeInit        stm32f10x_bkp.o
    0x08000b20   0x0000001c   Code   RO          406    i.BKP_ReadBackupRegister  stm32f10x_bkp.o
    0x08000b3c   0x0000001c   Code   RO          410    i.BKP_WriteBackupRegister  stm32f10x_bkp.o
    0x08000b58   0x00000004   Code   RO         3199    i.BusFault_Handler  stm32f10x_it.o
    0x08000b5c   0x00000030   Code   RO         3328    i.CmdError          mysd.o
    0x08000b8c   0x00000068   Code   RO         3329    i.CmdResp1Error     mysd.o
    0x08000bf4   0x00000054   Code   RO         3330    i.CmdResp2Error     mysd.o
    0x08000c48   0x00000038   Code   RO         3331    i.CmdResp3Error     mysd.o
    0x08000c80   0x00000090   Code   RO         3332    i.CmdResp6Error     mysd.o
    0x08000d10   0x0000004c   Code   RO         3333    i.CmdResp7Error     mysd.o
    0x08000d5c   0x00000038   Code   RO         3108    i.Creat_Excel       main.o
    0x08000d94   0x0000001c   Code   RO         3200    i.DMA1_Channel1_IRQHandler  stm32f10x_it.o
    0x08000db0   0x0000001c   Code   RO          866    i.DMA_ClearFlag     stm32f10x_dma.o
    0x08000dcc   0x00000018   Code   RO          868    i.DMA_Cmd           stm32f10x_dma.o
    0x08000de4   0x0000014c   Code   RO          869    i.DMA_DeInit        stm32f10x_dma.o
    0x08000f30   0x0000002c   Code   RO          871    i.DMA_GetFlagStatus  stm32f10x_dma.o
    0x08000f5c   0x0000002c   Code   RO          872    i.DMA_GetITStatus   stm32f10x_dma.o
    0x08000f88   0x00000012   Code   RO          873    i.DMA_ITConfig      stm32f10x_dma.o
    0x08000f9a   0x0000003c   Code   RO          874    i.DMA_Init          stm32f10x_dma.o
    0x08000fd6   0x00000002   Code   RO         3201    i.DebugMon_Handler  stm32f10x_it.o
    0x08000fd8   0x00000034   Code   RO         1177    i.FSMC_NORSRAMCmd   stm32f10x_fsmc.o
    0x0800100c   0x000000e6   Code   RO         1179    i.FSMC_NORSRAMInit  stm32f10x_fsmc.o
    0x080010f2   0x00000002   PAD
    0x080010f4   0x00000128   Code   RO         3109    i.Fat_init          main.o
    0x0800121c   0x00000194   Code   RO         3334    i.FindSCR           mysd.o
    0x080013b0   0x00000050   Code   RO         3335    i.GPIO_Configuration  mysd.o
    0x08001400   0x00000116   Code   RO         1292    i.GPIO_Init         stm32f10x_gpio.o
    0x08001516   0x00000004   Code   RO         1299    i.GPIO_ResetBits    stm32f10x_gpio.o
    0x0800151a   0x00000004   Code   RO         1300    i.GPIO_SetBits      stm32f10x_gpio.o
    0x0800151e   0x00000002   PAD
    0x08001520   0x000000d4   Code   RO         3110    i.Get_Dev_Infor     main.o
    0x080015f4   0x00000098   Code   RO         4162    i.GregorianDay      bsp_date.o
    0x0800168c   0x00000004   Code   RO         3202    i.HardFault_Handler  stm32f10x_it.o
    0x08001690   0x00000024   Code   RO         4236    i.ILI9341_BackLed_Control  bsp_ili9341_lcd.o
    0x080016b4   0x0000002c   Code   RO         4237    i.ILI9341_Clear     bsp_ili9341_lcd.o
    0x080016e0   0x00000012   Code   RO         4238    i.ILI9341_Delay     bsp_ili9341_lcd.o
    0x080016f2   0x00000002   PAD
    0x080016f4   0x00000098   Code   RO         4239    i.ILI9341_DispChar_EN  bsp_ili9341_lcd.o
    0x0800178c   0x00000068   Code   RO         4240    i.ILI9341_DispStringLine_EN  bsp_ili9341_lcd.o
    0x080017f4   0x0000006e   Code   RO         4246    i.ILI9341_FSMC_Config  bsp_ili9341_lcd.o
    0x08001862   0x00000020   Code   RO         4247    i.ILI9341_FillColor  bsp_ili9341_lcd.o
    0x08001882   0x00000002   PAD
    0x08001884   0x00000198   Code   RO         4248    i.ILI9341_GPIO_Config  bsp_ili9341_lcd.o
    0x08001a1c   0x000000e0   Code   RO         4250    i.ILI9341_GramScan  bsp_ili9341_lcd.o
    0x08001afc   0x00000028   Code   RO         4251    i.ILI9341_Init      bsp_ili9341_lcd.o
    0x08001b24   0x00000060   Code   RO         4252    i.ILI9341_OpenWindow  bsp_ili9341_lcd.o
    0x08001b84   0x00000450   Code   RO         4253    i.ILI9341_REG_Config  bsp_ili9341_lcd.o
    0x08001fd4   0x00000070   Code   RO         4254    i.ILI9341_ReadID    bsp_ili9341_lcd.o
    0x08002044   0x0000000c   Code   RO         4425    i.ILI9341_Read_Data  bsp_ili9341_lcd.o
    0x08002050   0x00000028   Code   RO         4256    i.ILI9341_Rst       bsp_ili9341_lcd.o
    0x08002078   0x00000008   Code   RO         4415    i.ILI9341_Write_Cmd  bsp_ili9341_lcd.o
    0x08002080   0x0000000c   Code   RO         4420    i.ILI9341_Write_Data  bsp_ili9341_lcd.o
    0x0800208c   0x00000004   Code   RO         3336    i.INTX_DISABLE      mysd.o
    0x08002090   0x00000004   Code   RO         3337    i.INTX_ENABLE       mysd.o
    0x08002094   0x0000009c   Code   RO         3338    i.IsCardProgramming  mysd.o
    0x08002130   0x00000020   Code   RO         4259    i.LCD_ClearLine     bsp_ili9341_lcd.o
    0x08002150   0x0000000c   Code   RO         4261    i.LCD_GetFont       bsp_ili9341_lcd.o
    0x0800215c   0x00000014   Code   RO         4263    i.LCD_SetColors     bsp_ili9341_lcd.o
    0x08002170   0x0000000c   Code   RO         4264    i.LCD_SetFont       bsp_ili9341_lcd.o
    0x0800217c   0x00000004   Code   RO         3203    i.MemManage_Handler  stm32f10x_it.o
    0x08002180   0x00000002   Code   RO         3204    i.NMI_Handler       stm32f10x_it.o
    0x08002182   0x00000026   Code   RO         3275    i.NVIC_Configuration  bsp_usart.o
    0x080021a8   0x00000028   Code   RO         3339    i.NVIC_Configuration  mysd.o
    0x080021d0   0x00000070   Code   RO          137    i.NVIC_Init         misc.o
    0x08002240   0x00000014   Code   RO          138    i.NVIC_PriorityGroupConfig  misc.o
    0x08002254   0x0000000c   Code   RO         1646    i.PWR_BackupAccessCmd  stm32f10x_pwr.o
    0x08002260   0x00000002   Code   RO         3205    i.PendSV_Handler    stm32f10x_it.o
    0x08002262   0x00000002   PAD
    0x08002264   0x00000018   Code   RO         1706    i.RCC_ADCCLKConfig  stm32f10x_rcc.o
    0x0800227c   0x00000020   Code   RO         1707    i.RCC_AHBPeriphClockCmd  stm32f10x_rcc.o
    0x0800229c   0x00000020   Code   RO         1708    i.RCC_APB1PeriphClockCmd  stm32f10x_rcc.o
    0x080022bc   0x00000020   Code   RO         1710    i.RCC_APB2PeriphClockCmd  stm32f10x_rcc.o
    0x080022dc   0x0000000c   Code   RO         1713    i.RCC_BackupResetCmd  stm32f10x_rcc.o
    0x080022e8   0x00000014   Code   RO         1714    i.RCC_ClearFlag     stm32f10x_rcc.o
    0x080022fc   0x000000d4   Code   RO         1718    i.RCC_GetClocksFreq  stm32f10x_rcc.o
    0x080023d0   0x0000003c   Code   RO         1719    i.RCC_GetFlagStatus  stm32f10x_rcc.o
    0x0800240c   0x00000034   Code   RO         1726    i.RCC_LSEConfig     stm32f10x_rcc.o
    0x08002440   0x0000000c   Code   RO         1727    i.RCC_LSICmd        stm32f10x_rcc.o
    0x0800244c   0x0000000c   Code   RO         1733    i.RCC_RTCCLKCmd     stm32f10x_rcc.o
    0x08002458   0x00000010   Code   RO         1734    i.RCC_RTCCLKConfig  stm32f10x_rcc.o
    0x08002468   0x0000012c   Code   RO         4189    i.RTC_CheckAndConfig  bsp_rtc.o
    0x08002594   0x00000010   Code   RO         1907    i.RTC_ClearITPendingBit  stm32f10x_rtc.o
    0x080025a4   0x00000058   Code   RO         4190    i.RTC_Configuration  bsp_rtc.o
    0x080025fc   0x00000014   Code   RO         1908    i.RTC_EnterConfigMode  stm32f10x_rtc.o
    0x08002610   0x00000014   Code   RO         1909    i.RTC_ExitConfigMode  stm32f10x_rtc.o
    0x08002624   0x00000014   Code   RO         1910    i.RTC_GetCounter    stm32f10x_rtc.o
    0x08002638   0x00000024   Code   RO         1913    i.RTC_GetITStatus   stm32f10x_rtc.o
    0x0800265c   0x00000022   Code   RO         3206    i.RTC_IRQHandler    stm32f10x_it.o
    0x0800267e   0x00000002   PAD
    0x08002680   0x00000020   Code   RO         1914    i.RTC_ITConfig      stm32f10x_rtc.o
    0x080026a0   0x0000002a   Code   RO         4191    i.RTC_NVIC_Config   bsp_rtc.o
    0x080026ca   0x00000002   PAD
    0x080026cc   0x0000001c   Code   RO         1916    i.RTC_SetCounter    stm32f10x_rtc.o
    0x080026e8   0x00000020   Code   RO         1917    i.RTC_SetPrescaler  stm32f10x_rtc.o
    0x08002708   0x00000014   Code   RO         1918    i.RTC_WaitForLastTask  stm32f10x_rtc.o
    0x0800271c   0x00000024   Code   RO         1919    i.RTC_WaitForSynchro  stm32f10x_rtc.o
    0x08002740   0x000000ac   Code   RO         3340    i.SDEnWideBus       mysd.o
    0x080027ec   0x0000000c   Code   RO         1997    i.SDIO_ClearFlag    stm32f10x_sdio.o
    0x080027f8   0x0000000c   Code   RO         1999    i.SDIO_ClockCmd     stm32f10x_sdio.o
    0x08002804   0x00000014   Code   RO         3341    i.SDIO_Clock_Set    mysd.o
    0x08002818   0x0000000c   Code   RO         2002    i.SDIO_DMACmd       stm32f10x_sdio.o
    0x08002824   0x00000030   Code   RO         2003    i.SDIO_DataConfig   stm32f10x_sdio.o
    0x08002854   0x00000024   Code   RO         2005    i.SDIO_DeInit       stm32f10x_sdio.o
    0x08002878   0x00000018   Code   RO         2009    i.SDIO_GetFlagStatus  stm32f10x_sdio.o
    0x08002890   0x00000010   Code   RO         2011    i.SDIO_GetPowerState  stm32f10x_sdio.o
    0x080028a0   0x00000008   Code   RO         3342    i.SDIO_IRQHandler   mysd.o
    0x080028a8   0x00000030   Code   RO         2014    i.SDIO_Init         stm32f10x_sdio.o
    0x080028d8   0x0000000c   Code   RO         2015    i.SDIO_ReadData     stm32f10x_sdio.o
    0x080028e4   0x0000002c   Code   RO         2017    i.SDIO_SendCommand  stm32f10x_sdio.o
    0x08002910   0x0000001c   Code   RO         2019    i.SDIO_SetPowerState  stm32f10x_sdio.o
    0x0800292c   0x0000000c   Code   RO         2025    i.SDIO_WriteData    stm32f10x_sdio.o
    0x08002938   0x00000010   Code   RO         3343    i.SD_DMAEndOfTransferStatus  mysd.o
    0x08002948   0x00000034   Code   RO         3344    i.SD_DMA_Config     mysd.o
    0x0800297c   0x00000068   Code   RO         3345    i.SD_DMA_Init       mysd.o
    0x080029e4   0x0000004c   Code   RO         3346    i.SD_DeInit         mysd.o
    0x08002a30   0x00000068   Code   RO         3347    i.SD_EnableWideBusOperation  mysd.o
    0x08002a98   0x00000268   Code   RO         3348    i.SD_GetCardInfo    mysd.o
    0x08002d00   0x0000001a   Code   RO         3349    i.SD_GetState       mysd.o
    0x08002d1a   0x0000001e   Code   RO         3350    i.SD_GetStatus      mysd.o
    0x08002d38   0x00000068   Code   RO         3351    i.SD_Init           mysd.o
    0x08002da0   0x00000120   Code   RO         3352    i.SD_InitializeCards  mysd.o
    0x08002ec0   0x00000170   Code   RO         3353    i.SD_PowerON        mysd.o
    0x08003030   0x0000013c   Code   RO         3354    i.SD_ProcessIRQSrc  mysd.o
    0x0800316c   0x00000258   Code   RO         3355    i.SD_ReadBlock      mysd.o
    0x080033c4   0x00000098   Code   RO         3356    i.SD_ReadDisk       mysd.o
    0x0800345c   0x000002e8   Code   RO         3357    i.SD_ReadMultiBlocks  mysd.o
    0x08003744   0x00000030   Code   RO         3358    i.SD_SelectDeselect  mysd.o
    0x08003774   0x00000054   Code   RO         3359    i.SD_SendStatus     mysd.o
    0x080037c8   0x00000018   Code   RO         3360    i.SD_SetDeviceMode  mysd.o
    0x080037e0   0x00000034   Code   RO         3361    i.SD_WaitReadOperation  mysd.o
    0x08003814   0x0000003c   Code   RO         3362    i.SD_WaitWriteOperation  mysd.o
    0x08003850   0x00000374   Code   RO         3363    i.SD_WriteBlock     mysd.o
    0x08003bc4   0x00000098   Code   RO         3364    i.SD_WriteDisk      mysd.o
    0x08003c5c   0x000003c0   Code   RO         3365    i.SD_WriteMultiBlocks  mysd.o
    0x0800401c   0x00000002   Code   RO         3207    i.SVC_Handler       stm32f10x_it.o
    0x0800401e   0x00000008   Code   RO           24    i.SetSysClock       system_stm32f10x.o
    0x08004026   0x00000002   PAD
    0x08004028   0x000000e0   Code   RO           25    i.SetSysClockTo72   system_stm32f10x.o
    0x08004108   0x00000028   Code   RO          141    i.SysTick_CLKSourceConfig  misc.o
    0x08004130   0x00000002   Code   RO         3208    i.SysTick_Handler   stm32f10x_it.o
    0x08004132   0x00000002   PAD
    0x08004134   0x00000060   Code   RO           27    i.SystemInit        system_stm32f10x.o
    0x08004194   0x00000084   Code   RO         4055    i.TIM1_INIT         bsp_adc.o
    0x08004218   0x00000018   Code   RO         2342    i.TIM_Cmd           stm32f10x_tim.o
    0x08004230   0x0000001e   Code   RO         2344    i.TIM_CtrlPWMOutputs  stm32f10x_tim.o
    0x0800424e   0x00000002   PAD
    0x08004250   0x00000098   Code   RO         2371    i.TIM_OC1Init       stm32f10x_tim.o
    0x080042e8   0x00000012   Code   RO         2374    i.TIM_OC1PreloadConfig  stm32f10x_tim.o
    0x080042fa   0x00000002   PAD
    0x080042fc   0x000000a4   Code   RO         2413    i.TIM_TimeBaseInit  stm32f10x_tim.o
    0x080043a0   0x00000018   Code   RO         2415    i.TIM_UpdateDisableConfig  stm32f10x_tim.o
    0x080043b8   0x00000028   Code   RO         4192    i.Time_Adjust       bsp_rtc.o
    0x080043e0   0x00000058   Code   RO         3111    i.Tran_ADC_V        main.o
    0x08004438   0x00000018   Code   RO         2878    i.USART_Cmd         stm32f10x_usart.o
    0x08004450   0x00000090   Code   RO         3276    i.USART_Config      bsp_usart.o
    0x080044e0   0x0000001a   Code   RO         2881    i.USART_GetFlagStatus  stm32f10x_usart.o
    0x080044fa   0x0000004a   Code   RO         2884    i.USART_ITConfig    stm32f10x_usart.o
    0x08004544   0x000000d8   Code   RO         2885    i.USART_Init        stm32f10x_usart.o
    0x0800461c   0x00000008   Code   RO         2895    i.USART_SendData    stm32f10x_usart.o
    0x08004624   0x00000004   Code   RO         3209    i.UsageFault_Handler  stm32f10x_it.o
    0x08004628   0x00000020   Code   RO         4689    i.__0printf         mc_w.l(printfa.o)
    0x08004648   0x00000028   Code   RO         4691    i.__0sprintf        mc_w.l(printfa.o)
    0x08004670   0x0000000e   Code   RO         4767    i.__scatterload_copy  mc_w.l(handlers.o)
    0x0800467e   0x00000002   Code   RO         4768    i.__scatterload_null  mc_w.l(handlers.o)
    0x08004680   0x0000000e   Code   RO         4769    i.__scatterload_zeroinit  mc_w.l(handlers.o)
    0x0800468e   0x00000002   PAD
    0x08004690   0x00000164   Code   RO         4696    i._fp_digits        mc_w.l(printfa.o)
    0x080047f4   0x000006dc   Code   RO         4697    i._printf_core      mc_w.l(printfa.o)
    0x08004ed0   0x00000024   Code   RO         4698    i._printf_post_padding  mc_w.l(printfa.o)
    0x08004ef4   0x0000002e   Code   RO         4699    i._printf_pre_padding  mc_w.l(printfa.o)
    0x08004f22   0x0000000a   Code   RO         4701    i._sputc            mc_w.l(printfa.o)
    0x08004f2c   0x00000090   Code   RO         3627    i.check_fs          ff.o
    0x08004fbc   0x00000014   Code   RO         3628    i.chk_chr           ff.o
    0x08004fd0   0x0000001a   Code   RO         3629    i.clust2sect        ff.o
    0x08004fea   0x00000002   PAD
    0x08004fec   0x000000a0   Code   RO         3630    i.cmp_lfn           ff.o
    0x0800508c   0x00000012   Code   RO         3366    i.convert_from_bytes_to_power_of_two  mysd.o
    0x0800509e   0x000000d6   Code   RO         3631    i.create_chain      ff.o
    0x08005174   0x00000270   Code   RO         3632    i.create_name       ff.o
    0x080053e4   0x00000044   Code   RO         4083    i.delay_init        delay.o
    0x08005428   0x0000005c   Code   RO         3633    i.dir_alloc         ff.o
    0x08005484   0x000000ea   Code   RO         3634    i.dir_find          ff.o
    0x0800556e   0x0000013a   Code   RO         3635    i.dir_next          ff.o
    0x080056a8   0x0000012a   Code   RO         3637    i.dir_register      ff.o
    0x080057d2   0x000000c8   Code   RO         3639    i.dir_sdi           ff.o
    0x0800589a   0x00000022   Code   RO         3575    i.disk_initialize   diskio.o
    0x080058bc   0x00000064   Code   RO         3576    i.disk_ioctl        diskio.o
    0x08005920   0x00000058   Code   RO         3577    i.disk_read         diskio.o
    0x08005978   0x00000014   Code   RO         3578    i.disk_status       diskio.o
    0x0800598c   0x0000005e   Code   RO         3579    i.disk_write        diskio.o
    0x080059ea   0x00000020   Code   RO         3641    i.f_close           ff.o
    0x08005a0a   0x00000102   Code   RO         3643    i.f_getfree         ff.o
    0x08005b0c   0x0000019a   Code   RO         3645    i.f_lseek           ff.o
    0x08005ca6   0x00000002   PAD
    0x08005ca8   0x00000684   Code   RO         3647    i.f_mkfs            ff.o
    0x0800632c   0x0000005c   Code   RO         3648    i.f_mount           ff.o
    0x08006388   0x0000017e   Code   RO         3649    i.f_open            ff.o
    0x08006506   0x000000b0   Code   RO         3658    i.f_sync            ff.o
    0x080065b6   0x0000020c   Code   RO         3662    i.f_write           ff.o
    0x080067c2   0x00000002   PAD
    0x080067c4   0x0000007c   Code   RO         4023    i.ff_convert        cc936.o
    0x08006840   0x0000005c   Code   RO         4024    i.ff_wtoupper       cc936.o
    0x0800689c   0x000003d8   Code   RO         3663    i.find_volume       ff.o
    0x08006c74   0x00000080   Code   RO         3664    i.fit_lfn           ff.o
    0x08006cf4   0x00000090   Code   RO         3665    i.follow_path       ff.o
    0x08006d84   0x00000024   Code   RO         3282    i.fputc             bsp_usart.o
    0x08006da8   0x000000cc   Code   RO         3666    i.gen_numname       ff.o
    0x08006e74   0x0000013e   Code   RO         3667    i.get_fat           ff.o
    0x08006fb2   0x00000002   PAD
    0x08006fb4   0x0000004c   Code   RO         3580    i.get_fattime       diskio.o
    0x08007000   0x0000004a   Code   RO         3669    i.get_ldnumber      ff.o
    0x0800704a   0x00000020   Code   RO         3670    i.ld_clust          ff.o
    0x0800706a   0x00000002   PAD
    0x0800706c   0x000001bc   Code   RO         3112    i.main              main.o
    0x08007228   0x00000026   Code   RO         3671    i.mem_cmp           ff.o
    0x0800724e   0x0000001a   Code   RO         3672    i.mem_cpy           ff.o
    0x08007268   0x00000014   Code   RO         3673    i.mem_set           ff.o
    0x0800727c   0x0000007c   Code   RO         4163    i.mktimev           bsp_date.o
    0x080072f8   0x00000034   Code   RO         3674    i.move_window       ff.o
    0x0800732c   0x00000188   Code   RO         3676    i.put_fat           ff.o
    0x080074b4   0x0000006c   Code   RO         3678    i.remove_chain      ff.o
    0x08007520   0x00000010   Code   RO         3679    i.st_clust          ff.o
    0x08007530   0x00000020   Code   RO         3680    i.sum_sfn           ff.o
    0x08007550   0x000000c8   Code   RO         3681    i.sync_fs           ff.o
    0x08007618   0x00000052   Code   RO         3682    i.sync_window       ff.o
    0x0800766a   0x00000002   PAD
    0x0800766c   0x000000d4   Code   RO         4164    i.to_tm             bsp_date.o
    0x08007740   0x00000032   Code   RO         3683    i.validate          ff.o
    0x08007772   0x0000003a   Data   RO         3684    .constdata          ff.o
    0x080077ac   0x0002b0c0   Data   RO         4025    .constdata          cc936.o
    0x0803286c   0x00000030   Data   RO         4165    .constdata          bsp_date.o
    0x0803289c   0x00003b60   Data   RO         4223    .constdata          fonts.o
    0x080363fc   0x00000020   Data   RO         4765    Region$$Table       anon$$obj.o


    Execution Region RW_IRAM1 (Base: 0x20000000, Size: 0x00002a60, Max: 0x00010000, ABSOLUTE)

    Base Addr    Size         Type   Attr      Idx    E Section Name        Object

    0x20000000   0x00000014   Data   RW           28    .data               system_stm32f10x.o
    0x20000014   0x00000014   Data   RW         1738    .data               stm32f10x_rcc.o
    0x20000028   0x00000069   Data   RW         3114    .data               main.o
    0x20000091   0x00000003   PAD
    0x20000094   0x00000010   Data   RW         3368    .data               mysd.o
    0x200000a4   0x0000000a   Data   RW         3685    .data               ff.o
    0x200000ae   0x00000002   Data   RW         4056    .data               bsp_adc.o
    0x200000b0   0x00000004   Data   RW         4086    .data               delay.o
    0x200000b4   0x00000030   Data   RW         4166    .data               bsp_date.o
    0x200000e4   0x00000018   Data   RW         4224    .data               fonts.o
    0x200000fc   0x00000010   Data   RW         4266    .data               bsp_ili9341_lcd.o
    0x2000010c   0x00000004   Data   RW         4741    .data               mc_w.l(stdout.o)
    0x20000110   0x00002068   Zero   RW         3113    .bss                main.o
    0x20002178   0x000004e8   Zero   RW         3367    .bss                mysd.o
    0x20002660   0x00000400   Zero   RW            1    STACK               startup_stm32f10x_hd.o



  Load Region LR$$.ARM.__AT_0x68000000 (Base: 0x68000000, Size: 0x00000000, Max: 0x000f0000, ABSOLUTE)

    Execution Region ER$$.ARM.__AT_0x68000000 (Base: 0x68000000, Size: 0x000f0000, Max: 0x000f0000, ABSOLUTE, UNINIT)

    Base Addr    Size         Type   Attr      Idx    E Section Name        Object

    0x68000000   0x000f0000   Zero   RW         3962    .ARM.__AT_0x68000000  malloc.o



  Load Region LR$$.ARM.__AT_0x680F0000 (Base: 0x680f0000, Size: 0x00000000, Max: 0x0000f000, ABSOLUTE)

    Execution Region ER$$.ARM.__AT_0x680F0000 (Base: 0x680f0000, Size: 0x0000f000, Max: 0x0000f000, ABSOLUTE, UNINIT)

    Base Addr    Size         Type   Attr      Idx    E Section Name        Object

    0x680f0000   0x0000f000   Zero   RW         3963    .ARM.__AT_0x680F0000  malloc.o


==============================================================================

Image component sizes


      Code (inc. data)   RO Data    RW Data    ZI Data      Debug   Object Name

       460         24          0          2          0       2753   bsp_adc.o
       488         24         48         48          0       2517   bsp_date.o
      2628        132          0         16          0      13731   bsp_ili9341_lcd.o
       470        160          0          0          0       2409   bsp_rtc.o
       218         12          0          0          0       1623   bsp_usart.o
       216         16     176320          0          0       2567   cc936.o
         0          0          0          0          0       4496   core_cm3.o
        68         18          0          4          0        637   delay.o
       412         12          0          0          0       5548   diskio.o
      8768        136         58         10          0      35228   ff.o
         0          0      15200         24          0       1237   fonts.o
      1096        494          0        105       8296      17829   main.o
         0          0          0          0    1044480       1597   malloc.o
       172         22          0          0          0       2217   misc.o
      7278        438          0         16       1256      36991   mysd.o
        36          8        304          0       1024        860   startup_stm32f10x_hd.o
       390         10          0          0          0       7716   stm32f10x_adc.o
        72         10          0          0          0       2836   stm32f10x_bkp.o
       550         34          0          0          0       6015   stm32f10x_dma.o
       282          6          0          0          0       1941   stm32f10x_fsmc.o
       286          0          0          0          0       3180   stm32f10x_gpio.o
        88          4          0          0          0       4754   stm32f10x_it.o
        12          6          0          0          0        550   stm32f10x_pwr.o
       516         82          0         20          0       9702   stm32f10x_rcc.o
       260         48          0          0          0       5480   stm32f10x_rtc.o
       304         72          0          0          0       8490   stm32f10x_sdio.o
       412         62          0          0          0       4429   stm32f10x_tim.o
       348          6          0          0          0       5049   stm32f10x_usart.o
       328         28          0         20          0     287033   system_stm32f10x.o

    ----------------------------------------------------------------------
     26194       1864     191962        268    1055056     479415   Object Totals
         0          0         32          0          0          0   (incl. Generated)
        36          0          0          3          0          0   (incl. Padding)

    ----------------------------------------------------------------------

      Code (inc. data)   RO Data    RW Data    ZI Data      Debug   Library Member Name

         0          0          0          0          0          0   entry.o
         0          0          0          0          0          0   entry10a.o
         0          0          0          0          0          0   entry11a.o
         8          4          0          0          0          0   entry2.o
         4          0          0          0          0          0   entry5.o
         0          0          0          0          0          0   entry7b.o
         0          0          0          0          0          0   entry8b.o
         8          4          0          0          0          0   entry9a.o
        30          0          0          0          0          0   handlers.o
        36          8          0          0          0         68   init.o
         0          0          0          0          0          0   iusefp.o
        30          0          0          0          0         68   llshl.o
        36          0          0          0          0         68   llsshr.o
        32          0          0          0          0         68   llushr.o
        36          0          0          0          0         68   memcpya.o
        36          0          0          0          0        108   memseta.o
      2276         96          0          0          0        596   printfa.o
         0          0          0          4          0          0   stdout.o
        44          0          0          0          0         80   uidiv.o
        98          0          0          0          0         92   uldiv.o
        48          0          0          0          0         68   cdrcmple.o
        56          0          0          0          0         88   d2f.o
       334          0          0          0          0        148   dadd.o
       222          0          0          0          0        100   ddiv.o
       186          0          0          0          0        176   depilogue.o
        48          0          0          0          0         68   dfixul.o
       228          0          0          0          0         96   dmul.o
        38          0          0          0          0         68   f2d.o
       124          0          0          0          0         88   fdiv.o
       110          0          0          0          0        168   fepilogue.o
        10          0          0          0          0         68   ffltui.o

    ----------------------------------------------------------------------
      4080        112          0          4          0       2352   Library Totals
         2          0          0          0          0          0   (incl. Padding)

    ----------------------------------------------------------------------

      Code (inc. data)   RO Data    RW Data    ZI Data      Debug   Library Name

      2674        112          0          4          0       1216   mc_w.l
      1404          0          0          0          0       1136   mf_w.l

    ----------------------------------------------------------------------
      4080        112          0          4          0       2352   Library Totals

    ----------------------------------------------------------------------

==============================================================================


      Code (inc. data)   RO Data    RW Data    ZI Data      Debug   

     30274       1976     191962        272    1055056     469959   Grand Totals
     30274       1976     191962        272    1055056     469959   ELF Image Totals
     30274       1976     191962        272          0          0   ROM Totals

==============================================================================

    Total RO  Size (Code + RO Data)               222236 ( 217.03kB)
    Total RW  Size (RW Data + ZI Data)           1055328 (1030.59kB)
    Total ROM Size (Code + RO Data + RW Data)     222508 ( 217.29kB)

==============================================================================

