Component: ARM Compiler 5.05 update 1 (build 106) Tool: armlink [4d0efa]

==============================================================================

Section Cross References

    startup_stm32f10x_hd.o(RESET) refers to startup_stm32f10x_hd.o(STACK) for __initial_sp
    startup_stm32f10x_hd.o(RESET) refers to startup_stm32f10x_hd.o(.text) for Reset_Handler
    startup_stm32f10x_hd.o(RESET) refers to stm32f10x_it.o(i.NMI_Handler) for NMI_Handler
    startup_stm32f10x_hd.o(RESET) refers to stm32f10x_it.o(i.HardFault_Handler) for HardFault_Handler
    startup_stm32f10x_hd.o(RESET) refers to stm32f10x_it.o(i.MemManage_Handler) for MemManage_Handler
    startup_stm32f10x_hd.o(RESET) refers to stm32f10x_it.o(i.BusFault_Handler) for BusFault_Handler
    startup_stm32f10x_hd.o(RESET) refers to stm32f10x_it.o(i.UsageFault_Handler) for UsageFault_Handler
    startup_stm32f10x_hd.o(RESET) refers to stm32f10x_it.o(i.SVC_Handler) for SVC_Handler
    startup_stm32f10x_hd.o(RESET) refers to stm32f10x_it.o(i.DebugMon_Handler) for DebugMon_Handler
    startup_stm32f10x_hd.o(RESET) refers to stm32f10x_it.o(i.PendSV_Handler) for PendSV_Handler
    startup_stm32f10x_hd.o(RESET) refers to stm32f10x_it.o(i.SysTick_Handler) for SysTick_Handler
    startup_stm32f10x_hd.o(RESET) refers to stm32f10x_it.o(i.RTC_IRQHandler) for RTC_IRQHandler
    startup_stm32f10x_hd.o(RESET) refers to stm32f10x_it.o(i.DMA1_Channel1_IRQHandler) for DMA1_Channel1_IRQHandler
    startup_stm32f10x_hd.o(RESET) refers to mysd.o(i.SDIO_IRQHandler) for SDIO_IRQHandler
    startup_stm32f10x_hd.o(RESET) refers to stm32f10x_it.o(i.TIM6_IRQHandler) for TIM6_IRQHandler
    startup_stm32f10x_hd.o(.text) refers to system_stm32f10x.o(i.SystemInit) for SystemInit
    startup_stm32f10x_hd.o(.text) refers to entry.o(.ARM.Collect$$$$00000000) for __main
    system_stm32f10x.o(i.SetSysClock) refers to system_stm32f10x.o(i.SetSysClockTo72) for SetSysClockTo72
    system_stm32f10x.o(i.SystemCoreClockUpdate) refers to system_stm32f10x.o(.data) for SystemCoreClock
    system_stm32f10x.o(i.SystemInit) refers to system_stm32f10x.o(i.SetSysClock) for SetSysClock
    stm32f10x_adc.o(i.ADC_DeInit) refers to stm32f10x_rcc.o(i.RCC_APB2PeriphResetCmd) for RCC_APB2PeriphResetCmd
    stm32f10x_bkp.o(i.BKP_DeInit) refers to stm32f10x_rcc.o(i.RCC_BackupResetCmd) for RCC_BackupResetCmd
    stm32f10x_can.o(i.CAN_DeInit) refers to stm32f10x_rcc.o(i.RCC_APB1PeriphResetCmd) for RCC_APB1PeriphResetCmd
    stm32f10x_can.o(i.CAN_GetITStatus) refers to stm32f10x_can.o(i.CheckITStatus) for CheckITStatus
    stm32f10x_cec.o(i.CEC_DeInit) refers to stm32f10x_rcc.o(i.RCC_APB1PeriphResetCmd) for RCC_APB1PeriphResetCmd
    stm32f10x_dac.o(i.DAC_DeInit) refers to stm32f10x_rcc.o(i.RCC_APB1PeriphResetCmd) for RCC_APB1PeriphResetCmd
    stm32f10x_flash.o(i.FLASH_EnableWriteProtection) refers to stm32f10x_flash.o(i.FLASH_WaitForLastOperation) for FLASH_WaitForLastOperation
    stm32f10x_flash.o(i.FLASH_EraseAllBank1Pages) refers to stm32f10x_flash.o(i.FLASH_WaitForLastBank1Operation) for FLASH_WaitForLastBank1Operation
    stm32f10x_flash.o(i.FLASH_EraseAllPages) refers to stm32f10x_flash.o(i.FLASH_WaitForLastOperation) for FLASH_WaitForLastOperation
    stm32f10x_flash.o(i.FLASH_EraseOptionBytes) refers to stm32f10x_flash.o(i.FLASH_GetReadOutProtectionStatus) for FLASH_GetReadOutProtectionStatus
    stm32f10x_flash.o(i.FLASH_EraseOptionBytes) refers to stm32f10x_flash.o(i.FLASH_WaitForLastOperation) for FLASH_WaitForLastOperation
    stm32f10x_flash.o(i.FLASH_ErasePage) refers to stm32f10x_flash.o(i.FLASH_WaitForLastOperation) for FLASH_WaitForLastOperation
    stm32f10x_flash.o(i.FLASH_ProgramHalfWord) refers to stm32f10x_flash.o(i.FLASH_WaitForLastOperation) for FLASH_WaitForLastOperation
    stm32f10x_flash.o(i.FLASH_ProgramOptionByteData) refers to stm32f10x_flash.o(i.FLASH_WaitForLastOperation) for FLASH_WaitForLastOperation
    stm32f10x_flash.o(i.FLASH_ProgramWord) refers to stm32f10x_flash.o(i.FLASH_WaitForLastOperation) for FLASH_WaitForLastOperation
    stm32f10x_flash.o(i.FLASH_ReadOutProtection) refers to stm32f10x_flash.o(i.FLASH_WaitForLastOperation) for FLASH_WaitForLastOperation
    stm32f10x_flash.o(i.FLASH_UserOptionByteConfig) refers to stm32f10x_flash.o(i.FLASH_WaitForLastOperation) for FLASH_WaitForLastOperation
    stm32f10x_flash.o(i.FLASH_WaitForLastBank1Operation) refers to stm32f10x_flash.o(i.FLASH_GetBank1Status) for FLASH_GetBank1Status
    stm32f10x_flash.o(i.FLASH_WaitForLastOperation) refers to stm32f10x_flash.o(i.FLASH_GetBank1Status) for FLASH_GetBank1Status
    stm32f10x_gpio.o(i.GPIO_AFIODeInit) refers to stm32f10x_rcc.o(i.RCC_APB2PeriphResetCmd) for RCC_APB2PeriphResetCmd
    stm32f10x_gpio.o(i.GPIO_DeInit) refers to stm32f10x_rcc.o(i.RCC_APB2PeriphResetCmd) for RCC_APB2PeriphResetCmd
    stm32f10x_i2c.o(i.I2C_DeInit) refers to stm32f10x_rcc.o(i.RCC_APB1PeriphResetCmd) for RCC_APB1PeriphResetCmd
[...]
    ..\Libraries\STM32F10x_StdPeriph_Driver\src\stm32f10x_rtc.c 0x00000000   Number         0  stm32f10x_rtc.o ABSOLUTE
    ..\Libraries\STM32F10x_StdPeriph_Driver\src\stm32f10x_sdio.c 0x00000000   Number         0  stm32f10x_sdio.o ABSOLUTE
    ..\Libraries\STM32F10x_StdPeriph_Driver\src\stm32f10x_spi.c 0x00000000   Number         0  stm32f10x_spi.o ABSOLUTE
    ..\Libraries\STM32F10x_StdPeriph_Driver\src\stm32f10x_tim.c 0x00000000   Number         0  stm32f10x_tim.o ABSOLUTE
    ..\Libraries\STM32F10x_StdPeriph_Driver\src\stm32f10x_usart.c 0x00000000   Number         0  stm32f10x_usart.o ABSOLUTE
    ..\Libraries\STM32F10x_StdPeriph_Driver\src\stm32f10x_wwdg.c 0x00000000   Number         0  stm32f10x_wwdg.o ABSOLUTE
    ..\User\FATFS\diskio.c                   0x00000000   Number         0  diskio.o ABSOLUTE
    ..\User\FATFS\ff.c                       0x00000000   Number         0  ff.o ABSOLUTE
    ..\User\FATFS\option\cc936.c             0x00000000   Number         0  cc936.o ABSOLUTE
    ..\User\MALLOC\malloc.c                  0x00000000   Number         0  malloc.o ABSOLUTE
    ..\User\Sd\mysd.c                        0x00000000   Number         0  mysd.o ABSOLUTE
    ..\User\adc\bsp_adc.c                    0x00000000   Number         0  bsp_adc.o ABSOLUTE
    ..\User\bsp_calendar.c                   0x00000000   Number         0  bsp_calendar.o ABSOLUTE
    ..\User\bsp_date.c                       0x00000000   Number         0  bsp_date.o ABSOLUTE
    ..\User\bsp_ili9341_lcd.c                0x00000000   Number         0  bsp_ili9341_lcd.o ABSOLUTE
    ..\User\bsp_rtc.c                        0x00000000   Number         0  bsp_rtc.o ABSOLUTE
    ..\User\delay.c                          0x00000000   Number         0  delay.o ABSOLUTE
    ..\User\fonts.c                          0x00000000   Number         0  fonts.o ABSOLUTE
    ..\User\main.c                           0x00000000   Number         0  main.o ABSOLUTE
    ..\User\mytime.c                         0x00000000   Number         0  mytime.o ABSOLUTE
    ..\User\stm32f10x_it.c                   0x00000000   Number         0  stm32f10x_it.o ABSOLUTE
    ..\User\usart\bsp_usart.c                0x00000000   Number         0  bsp_usart.o ABSOLUTE
    ..\\Libraries\\CMSIS\\core_cm3.c         0x00000000   Number         0  core_cm3.o ABSOLUTE
    cdrcmple.s                               0x00000000   Number         0  cdrcmple.o ABSOLUTE
    dc.s                                     0x00000000   Number         0  dc.o ABSOLUTE
    handlers.s                               0x00000000   Number         0  handlers.o ABSOLUTE
    init.s                                   0x00000000   Number         0  init.o ABSOLUTE
    RESET                                    0x08000000   Section      304  startup_stm32f10x_hd.o(RESET)
    .ARM.Collect$$$$00000000                 0x08000130   Section        0  entry.o(.ARM.Collect$$$$00000000)
    .ARM.Collect$$$$00000001                 0x08000130   Section        4  entry2.o(.ARM.Collect$$$$00000001)
    .ARM.Collect$$$$00000004                 0x08000134   Section        4  entry5.o(.ARM.Collect$$$$00000004)
    .ARM.Collect$$$$00000008                 0x08000138   Section        0  entry7b.o(.ARM.Collect$$$$00000008)
    .ARM.Collect$$$$0000000A                 0x08000138   Section        0  entry8b.o(.ARM.Collect$$$$0000000A)
    .ARM.Collect$$$$0000000B                 0x08000138   Section        8  entry9a.o(.ARM.Collect$$$$0000000B)
    .ARM.Collect$$$$0000000D                 0x08000140   Section        0  entry10a.o(.ARM.Collect$$$$0000000D)
    .ARM.Collect$$$$0000000F                 0x08000140   Section        0  entry11a.o(.ARM.Collect$$$$0000000F)
    .ARM.Collect$$$$00002712                 0x08000140   Section        4  entry2.o(.ARM.Collect$$$$00002712)
    __lit__00000000                          0x08000140   Data           4  entry2.o(.ARM.Collect$$$$00002712)
    .text                                    0x08000144   Section       36  startup_stm32f10x_hd.o(.text)
    .text                                    0x08000168   Section        0  uldiv.o(.text)
    .text                                    0x080001ca   Section        0  memcpya.o(.text)
    .text                                    0x080001ee   Section        0  memseta.o(.text)
    .text                                    0x08000212   Section        0  dmul.o(.text)
    .text                                    0x080002f6   Section        0  uidiv.o(.text)
    .text                                    0x08000322   Section        0  llshl.o(.text)
    .text                                    0x08000340   Section        0  llushr.o(.text)
    .text                                    0x08000360   Section        0  iusefp.o(.text)
    .text                                    0x08000360   Section        0  depilogue.o(.text)
    .text                                    0x0800041a   Section        0  dadd.o(.text)
    .text                                    0x08000568   Section        0  ddiv.o(.text)
    .text                                    0x08000646   Section        0  dfixul.o(.text)
    .text                                    0x08000678   Section       48  cdrcmple.o(.text)
    .text                                    0x080006a8   Section       36  init.o(.text)
    .text                                    0x080006cc   Section        0  llsshr.o(.text)
    .text                                    0x080006f0   Section        0  __dczerorl2.o(.text)
    i.BKP_DeInit                             0x08000746   Section        0  stm32f10x_bkp.o(i.BKP_DeInit)
    i.BKP_ReadBackupRegister                 0x08000758   Section        0  stm32f10x_bkp.o(i.BKP_ReadBackupRegister)
    i.BKP_WriteBackupRegister                0x08000774   Section        0  stm32f10x_bkp.o(i.BKP_WriteBackupRegister)
    i.BusFault_Handler                       0x08000790   Section        0  stm32f10x_it.o(i.BusFault_Handler)
    i.CmdError                               0x08000794   Section        0  mysd.o(i.CmdError)
    i.CmdResp1Error                          0x080007c4   Section        0  mysd.o(i.CmdResp1Error)
    i.CmdResp2Error                          0x0800082c   Section        0  mysd.o(i.CmdResp2Error)
    i.CmdResp3Error                          0x08000880   Section        0  mysd.o(i.CmdResp3Error)
    i.CmdResp6Error                          0x080008b8   Section        0  mysd.o(i.CmdResp6Error)
    i.CmdResp7Error                          0x08000948   Section        0  mysd.o(i.CmdResp7Error)
    CmdResp7Error                            0x08000949   Thumb Code    72  mysd.o(i.CmdResp7Error)
    i.DMA1_Channel1_IRQHandler               0x08000994   Section        0  stm32f10x_it.o(i.DMA1_Channel1_IRQHandler)
    i.DMA_ClearFlag                          0x080009b0   Section        0  stm32f10x_dma.o(i.DMA_ClearFlag)
    i.DMA_Cmd                                0x080009cc   Section        0  stm32f10x_dma.o(i.DMA_Cmd)
    i.DMA_DeInit                             0x080009e4   Section        0  stm32f10x_dma.o(i.DMA_DeInit)
    i.DMA_GetFlagStatus                      0x08000b30   Section        0  stm32f10x_dma.o(i.DMA_GetFlagStatus)
    i.DMA_GetITStatus                        0x08000b5c   Section        0  stm32f10x_dma.o(i.DMA_GetITStatus)
    i.DMA_Init                               0x08000b88   Section        0  stm32f10x_dma.o(i.DMA_Init)
    i.DebugMon_Handler                       0x08000bc4   Section        0  stm32f10x_it.o(i.DebugMon_Handler)
    i.FSMC_NORSRAMCmd                        0x08000bc8   Section        0  stm32f10x_fsmc.o(i.FSMC_NORSRAMCmd)
    i.FSMC_NORSRAMInit                       0x08000bfc   Section        0  stm32f10x_fsmc.o(i.FSMC_NORSRAMInit)
    i.FindSCR                                0x08000ce4   Section        0  mysd.o(i.FindSCR)
    i.GPIO_Configuration                     0x08000e78   Section        0  mysd.o(i.GPIO_Configuration)
    GPIO_Configuration                       0x08000e79   Thumb Code    70  mysd.o(i.GPIO_Configuration)
    i.GPIO_Init                              0x08000ec8   Section        0  stm32f10x_gpio.o(i.GPIO_Init)
    i.GPIO_ResetBits                         0x08000fde   Section        0  stm32f10x_gpio.o(i.GPIO_ResetBits)
    i.GPIO_SetBits                           0x08000fe2   Section        0  stm32f10x_gpio.o(i.GPIO_SetBits)
    i.Get_Dev_Infor                          0x08000fe8   Section        0  main.o(i.Get_Dev_Infor)
    Get_Dev_Infor                            0x08000fe9   Thumb Code    72  main.o(i.Get_Dev_Infor)
    i.GregorianDay                           0x080010bc   Section        0  bsp_date.o(i.GregorianDay)
    i.HardFault_Handler                      0x08001154   Section        0  stm32f10x_it.o(i.HardFault_Handler)
    i.ILI9341_BackLed_Control                0x08001158   Section        0  bsp_ili9341_lcd.o(i.ILI9341_BackLed_Control)
    i.ILI9341_Clear                          0x0800117c   Section        0  bsp_ili9341_lcd.o(i.ILI9341_Clear)
    i.ILI9341_Delay                          0x080011a8   Section        0  bsp_ili9341_lcd.o(i.ILI9341_Delay)
    ILI9341_Delay                            0x080011a9   Thumb Code    18  bsp_ili9341_lcd.o(i.ILI9341_Delay)
    i.ILI9341_DispChar_EN                    0x080011bc   Section        0  bsp_ili9341_lcd.o(i.ILI9341_DispChar_EN)
    i.ILI9341_DispStringLine_EN              0x08001254   Section        0  bsp_ili9341_lcd.o(i.ILI9341_DispStringLine_EN)
    i.ILI9341_FSMC_Config                    0x080012bc   Section        0  bsp_ili9341_lcd.o(i.ILI9341_FSMC_Config)
    ILI9341_FSMC_Config                      0x080012bd   Thumb Code   110  bsp_ili9341_lcd.o(i.ILI9341_FSMC_Config)
    i.ILI9341_FillColor                      0x0800132a   Section        0  bsp_ili9341_lcd.o(i.ILI9341_FillColor)
    ILI9341_FillColor                        0x0800132b   Thumb Code    32  bsp_ili9341_lcd.o(i.ILI9341_FillColor)
    i.ILI9341_GPIO_Config                    0x0800134c   Section        0  bsp_ili9341_lcd.o(i.ILI9341_GPIO_Config)
    ILI9341_GPIO_Config                      0x0800134d   Thumb Code   398  bsp_ili9341_lcd.o(i.ILI9341_GPIO_Config)
    i.ILI9341_GramScan                       0x080014e4   Section        0  bsp_ili9341_lcd.o(i.ILI9341_GramScan)
    i.ILI9341_Init                           0x080015c4   Section        0  bsp_ili9341_lcd.o(i.ILI9341_Init)
    i.ILI9341_OpenWindow                     0x080015ec   Section        0  bsp_ili9341_lcd.o(i.ILI9341_OpenWindow)
    i.ILI9341_REG_Config                     0x0800164c   Section        0  bsp_ili9341_lcd.o(i.ILI9341_REG_Config)
    ILI9341_REG_Config                       0x0800164d   Thumb Code  1098  bsp_ili9341_lcd.o(i.ILI9341_REG_Config)
    i.ILI9341_ReadID                         0x08001a9c   Section        0  bsp_ili9341_lcd.o(i.ILI9341_ReadID)
    i.ILI9341_Read_Data                      0x08001b0c   Section        0  bsp_ili9341_lcd.o(i.ILI9341_Read_Data)
    i.ILI9341_Rst                            0x08001b18   Section        0  bsp_ili9341_lcd.o(i.ILI9341_Rst)
    i.ILI9341_Write_Cmd                      0x08001b40   Section        0  bsp_ili9341_lcd.o(i.ILI9341_Write_Cmd)
    i.ILI9341_Write_Data                     0x08001b48   Section        0  bsp_ili9341_lcd.o(i.ILI9341_Write_Data)
    i.INTX_DISABLE                           0x08001b54   Section        0  mysd.o(i.INTX_DISABLE)
    i.INTX_ENABLE                            0x08001b58   Section        0  mysd.o(i.INTX_ENABLE)
    i.IsCardProgramming                      0x08001b5c   Section        0  mysd.o(i.IsCardProgramming)
    i.LCD_ClearLine                          0x08001bf8   Section        0  bsp_ili9341_lcd.o(i.LCD_ClearLine)
    i.LCD_GetFont                            0x08001c18   Section        0  bsp_ili9341_lcd.o(i.LCD_GetFont)
    i.LCD_SetColors                          0x08001c24   Section        0  bsp_ili9341_lcd.o(i.LCD_SetColors)
    i.LCD_SetFont                            0x08001c38   Section        0  bsp_ili9341_lcd.o(i.LCD_SetFont)
    i.MemManage_Handler                      0x08001c44   Section        0  stm32f10x_it.o(i.MemManage_Handler)
    i.NMI_Handler                            0x08001c48   Section        0  stm32f10x_it.o(i.NMI_Handler)
    i.NVIC_Configuration                     0x08001c4a   Section        0  bsp_usart.o(i.NVIC_Configuration)
    NVIC_Configuration                       0x08001c4b   Thumb Code    38  bsp_usart.o(i.NVIC_Configuration)
    i.NVIC_Configuration                     0x08001c70   Section        0  mysd.o(i.NVIC_Configuration)
    NVIC_Configuration                       0x08001c71   Thumb Code    40  mysd.o(i.NVIC_Configuration)
    i.NVIC_Init                              0x08001c98   Section        0  misc.o(i.NVIC_Init)
    i.NVIC_PriorityGroupConfig               0x08001d08   Section        0  misc.o(i.NVIC_PriorityGroupConfig)
    i.PWR_BackupAccessCmd                    0x08001d1c   Section        0  stm32f10x_pwr.o(i.PWR_BackupAccessCmd)
    i.PendSV_Handler                         0x08001d28   Section        0  stm32f10x_it.o(i.PendSV_Handler)
    i.RCC_AHBPeriphClockCmd                  0x08001d2c   Section        0  stm32f10x_rcc.o(i.RCC_AHBPeriphClockCmd)
    i.RCC_APB1PeriphClockCmd                 0x08001d4c   Section        0  stm32f10x_rcc.o(i.RCC_APB1PeriphClockCmd)
    i.RCC_APB2PeriphClockCmd                 0x08001d6c   Section        0  stm32f10x_rcc.o(i.RCC_APB2PeriphClockCmd)
    i.RCC_BackupResetCmd                     0x08001d8c   Section        0  stm32f10x_rcc.o(i.RCC_BackupResetCmd)
    i.RCC_ClearFlag                          0x08001d98   Section        0  stm32f10x_rcc.o(i.RCC_ClearFlag)
    i.RCC_GetClocksFreq                      0x08001dac   Section        0  stm32f10x_rcc.o(i.RCC_GetClocksFreq)
    i.RCC_GetFlagStatus                      0x08001e80   Section        0  stm32f10x_rcc.o(i.RCC_GetFlagStatus)
    i.RCC_LSEConfig                          0x08001ebc   Section        0  stm32f10x_rcc.o(i.RCC_LSEConfig)
    i.RCC_LSICmd                             0x08001ef0   Section        0  stm32f10x_rcc.o(i.RCC_LSICmd)
    i.RCC_RTCCLKCmd                          0x08001efc   Section        0  stm32f10x_rcc.o(i.RCC_RTCCLKCmd)
    i.RCC_RTCCLKConfig                       0x08001f08   Section        0  stm32f10x_rcc.o(i.RCC_RTCCLKConfig)
    i.RTC_CheckAndConfig                     0x08001f18   Section        0  bsp_rtc.o(i.RTC_CheckAndConfig)
    i.RTC_ClearITPendingBit                  0x08002044   Section        0  stm32f10x_rtc.o(i.RTC_ClearITPendingBit)
    i.RTC_Configuration                      0x08002054   Section        0  bsp_rtc.o(i.RTC_Configuration)
    i.RTC_EnterConfigMode                    0x080020ac   Section        0  stm32f10x_rtc.o(i.RTC_EnterConfigMode)
    i.RTC_ExitConfigMode                     0x080020c0   Section        0  stm32f10x_rtc.o(i.RTC_ExitConfigMode)
    i.RTC_GetCounter                         0x080020d4   Section        0  stm32f10x_rtc.o(i.RTC_GetCounter)
    i.RTC_GetITStatus                        0x080020e8   Section        0  stm32f10x_rtc.o(i.RTC_GetITStatus)
    i.RTC_IRQHandler                         0x0800210c   Section        0  stm32f10x_it.o(i.RTC_IRQHandler)
    i.RTC_ITConfig                           0x08002130   Section        0  stm32f10x_rtc.o(i.RTC_ITConfig)
    i.RTC_NVIC_Config                        0x08002150   Section        0  bsp_rtc.o(i.RTC_NVIC_Config)
    i.RTC_SetCounter                         0x0800217c   Section        0  stm32f10x_rtc.o(i.RTC_SetCounter)
    i.RTC_SetPrescaler                       0x08002198   Section        0  stm32f10x_rtc.o(i.RTC_SetPrescaler)
    i.RTC_WaitForLastTask                    0x080021b8   Section        0  stm32f10x_rtc.o(i.RTC_WaitForLastTask)
    i.RTC_WaitForSynchro                     0x080021cc   Section        0  stm32f10x_rtc.o(i.RTC_WaitForSynchro)
    i.SDEnWideBus                            0x080021f0   Section        0  mysd.o(i.SDEnWideBus)
    i.SDIO_ClearFlag                         0x0800229c   Section        0  stm32f10x_sdio.o(i.SDIO_ClearFlag)
    i.SDIO_ClockCmd                          0x080022a8   Section        0  stm32f10x_sdio.o(i.SDIO_ClockCmd)
    i.SDIO_Clock_Set                         0x080022b4   Section        0  mysd.o(i.SDIO_Clock_Set)
    i.SDIO_DMACmd                            0x080022c8   Section        0  stm32f10x_sdio.o(i.SDIO_DMACmd)
    i.SDIO_DataConfig                        0x080022d4   Section        0  stm32f10x_sdio.o(i.SDIO_DataConfig)
    i.SDIO_DeInit                            0x08002304   Section        0  stm32f10x_sdio.o(i.SDIO_DeInit)
    i.SDIO_GetFlagStatus                     0x08002328   Section        0  stm32f10x_sdio.o(i.SDIO_GetFlagStatus)
    i.SDIO_GetPowerState                     0x08002340   Section        0  stm32f10x_sdio.o(i.SDIO_GetPowerState)
    i.SDIO_IRQHandler                        0x08002350   Section        0  mysd.o(i.SDIO_IRQHandler)
    i.SDIO_Init                              0x08002358   Section        0  stm32f10x_sdio.o(i.SDIO_Init)
    i.SDIO_ReadData                          0x08002388   Section        0  stm32f10x_sdio.o(i.SDIO_ReadData)
    i.SDIO_SendCommand                       0x08002394   Section        0  stm32f10x_sdio.o(i.SDIO_SendCommand)
    i.SDIO_SetPowerState                     0x080023c0   Section        0  stm32f10x_sdio.o(i.SDIO_SetPowerState)
    i.SDIO_WriteData                         0x080023dc   Section        0  stm32f10x_sdio.o(i.SDIO_WriteData)
    i.SD_DMAEndOfTransferStatus              0x080023e8   Section        0  mysd.o(i.SD_DMAEndOfTransferStatus)
    i.SD_DMA_Config                          0x080023f8   Section        0  mysd.o(i.SD_DMA_Config)
    i.SD_DMA_Init                            0x0800242c   Section        0  mysd.o(i.SD_DMA_Init)
    i.SD_DeInit                              0x08002494   Section        0  mysd.o(i.SD_DeInit)
    i.SD_EnableWideBusOperation              0x080024e0   Section        0  mysd.o(i.SD_EnableWideBusOperation)
    i.SD_GetCardInfo                         0x08002548   Section        0  mysd.o(i.SD_GetCardInfo)
    i.SD_GetState                            0x080027b0   Section        0  mysd.o(i.SD_GetState)
    i.SD_GetStatus                           0x080027ca   Section        0  mysd.o(i.SD_GetStatus)
    i.SD_Init                                0x080027e8   Section        0  mysd.o(i.SD_Init)
    i.SD_InitializeCards                     0x08002850   Section        0  mysd.o(i.SD_InitializeCards)
    i.SD_PowerON                             0x08002970   Section        0  mysd.o(i.SD_PowerON)
    i.SD_ProcessIRQSrc                       0x08002ae0   Section        0  mysd.o(i.SD_ProcessIRQSrc)
    i.SD_ReadBlock                           0x08002c1c   Section        0  mysd.o(i.SD_ReadBlock)
    i.SD_ReadDisk                            0x08002e74   Section        0  mysd.o(i.SD_ReadDisk)
    i.SD_ReadMultiBlocks                     0x08002f0c   Section        0  mysd.o(i.SD_ReadMultiBlocks)
    i.SD_SelectDeselect                      0x080031f4   Section        0  mysd.o(i.SD_SelectDeselect)
    i.SD_SendStatus                          0x08003224   Section        0  mysd.o(i.SD_SendStatus)
    i.SD_SetDeviceMode                       0x08003278   Section        0  mysd.o(i.SD_SetDeviceMode)
    i.SD_WaitReadOperation                   0x08003290   Section        0  mysd.o(i.SD_WaitReadOperation)
    i.SD_WaitWriteOperation                  0x080032c4   Section        0  mysd.o(i.SD_WaitWriteOperation)
    i.SD_WriteBlock                          0x08003300   Section        0  mysd.o(i.SD_WriteBlock)
    i.SD_WriteDisk                           0x08003674   Section        0  mysd.o(i.SD_WriteDisk)
    i.SD_WriteMultiBlocks                    0x0800370c   Section        0  mysd.o(i.SD_WriteMultiBlocks)
    i.SVC_Handler                            0x08003acc   Section        0  stm32f10x_it.o(i.SVC_Handler)
    i.SetSysClock                            0x08003ace   Section        0  system_stm32f10x.o(i.SetSysClock)
    SetSysClock                              0x08003acf   Thumb Code     8  system_stm32f10x.o(i.SetSysClock)
    i.SetSysClockTo72                        0x08003ad8   Section        0  system_stm32f10x.o(i.SetSysClockTo72)
    SetSysClockTo72                          0x08003ad9   Thumb Code   214  system_stm32f10x.o(i.SetSysClockTo72)
    i.SysTick_CLKSourceConfig                0x08003bb8   Section        0  misc.o(i.SysTick_CLKSourceConfig)
    i.SysTick_Handler                        0x08003be0   Section        0  stm32f10x_it.o(i.SysTick_Handler)
    i.SystemInit                             0x08003be4   Section        0  system_stm32f10x.o(i.SystemInit)
    i.TIM6_IRQHandler                        0x08003c44   Section        0  stm32f10x_it.o(i.TIM6_IRQHandler)
    i.TIM_ClearFlag                          0x08003c90   Section        0  stm32f10x_tim.o(i.TIM_ClearFlag)
    i.TIM_Cmd                                0x08003c96   Section        0  stm32f10x_tim.o(i.TIM_Cmd)
    i.TIM_GetITStatus                        0x08003cae   Section        0  stm32f10x_tim.o(i.TIM_GetITStatus)
    i.TIM_ITConfig                           0x08003cd0   Section        0  stm32f10x_tim.o(i.TIM_ITConfig)
    i.TIM_TimeBaseInit                       0x08003ce4   Section        0  stm32f10x_tim.o(i.TIM_TimeBaseInit)
    i.Time_Adjust                            0x08003d88   Section        0  bsp_rtc.o(i.Time_Adjust)
    i.Time_Base_Dingshi_Mode                 0x08003db0   Section        0  mytime.o(i.Time_Base_Dingshi_Mode)
    i.USART_Cmd                              0x08003e14   Section        0  stm32f10x_usart.o(i.USART_Cmd)
    i.USART_Config                           0x08003e2c   Section        0  bsp_usart.o(i.USART_Config)
    i.USART_GetFlagStatus                    0x08003ebc   Section        0  stm32f10x_usart.o(i.USART_GetFlagStatus)
    i.USART_ITConfig                         0x08003ed6   Section        0  stm32f10x_usart.o(i.USART_ITConfig)
    i.USART_Init                             0x08003f20   Section        0  stm32f10x_usart.o(i.USART_Init)
    i.USART_SendData                         0x08003ff8   Section        0  stm32f10x_usart.o(i.USART_SendData)
    i.UsageFault_Handler                     0x08004000   Section        0  stm32f10x_it.o(i.UsageFault_Handler)
    i.__0printf                              0x08004004   Section        0  printfa.o(i.__0printf)
    i.__scatterload_copy                     0x08004024   Section       14  handlers.o(i.__scatterload_copy)
    i.__scatterload_null                     0x08004032   Section        2  handlers.o(i.__scatterload_null)
    i.__scatterload_zeroinit                 0x08004034   Section       14  handlers.o(i.__scatterload_zeroinit)
    i._fp_digits                             0x08004044   Section        0  printfa.o(i._fp_digits)
    _fp_digits                               0x08004045   Thumb Code   334  printfa.o(i._fp_digits)
    i._printf_core                           0x080041a8   Section        0  printfa.o(i._printf_core)
    _printf_core                             0x080041a9   Thumb Code  1744  printfa.o(i._printf_core)
    i._printf_post_padding                   0x08004884   Section        0  printfa.o(i._printf_post_padding)
    _printf_post_padding                     0x08004885   Thumb Code    36  printfa.o(i._printf_post_padding)
    i._printf_pre_padding                    0x080048a8   Section        0  printfa.o(i._printf_pre_padding)
    _printf_pre_padding                      0x080048a9   Thumb Code    46  printfa.o(i._printf_pre_padding)
    i.check_fs                               0x080048d8   Section        0  ff.o(i.check_fs)
    check_fs                                 0x080048d9   Thumb Code   140  ff.o(i.check_fs)
    i.convert_from_bytes_to_power_of_two     0x08004968   Section        0  mysd.o(i.convert_from_bytes_to_power_of_two)
    i.delay_init                             0x0800497c   Section        0  delay.o(i.delay_init)
    i.disk_initialize                        0x080049c0   Section        0  diskio.o(i.disk_initialize)
    i.disk_ioctl                             0x080049e4   Section        0  diskio.o(i.disk_ioctl)
    i.disk_read                              0x08004a48   Section        0  diskio.o(i.disk_read)
    i.disk_status                            0x08004aa0   Section        0  diskio.o(i.disk_status)
    i.disk_write                             0x08004ab4   Section        0  diskio.o(i.disk_write)
    i.f_getfree                              0x08004b12   Section        0  ff.o(i.f_getfree)
    i.f_mkfs                                 0x08004c14   Section        0  ff.o(i.f_mkfs)
    i.f_mount                                0x08005298   Section        0  ff.o(i.f_mount)
    i.find_volume                            0x080052f4   Section        0  ff.o(i.find_volume)
    find_volume                              0x080052f5   Thumb Code   966  ff.o(i.find_volume)
    i.fputc                                  0x080056cc   Section        0  bsp_usart.o(i.fputc)
    i.get_fat                                0x080056f0   Section        0  ff.o(i.get_fat)
    i.get_fattime                            0x08005830   Section        0  diskio.o(i.get_fattime)
    i.get_ldnumber                           0x0800587c   Section        0  ff.o(i.get_ldnumber)
    get_ldnumber                             0x0800587d   Thumb Code    74  ff.o(i.get_ldnumber)
    i.main                                   0x080058c8   Section        0  main.o(i.main)
    i.mem_cpy                                0x080059bc   Section        0  ff.o(i.mem_cpy)
    mem_cpy                                  0x080059bd   Thumb Code    26  ff.o(i.mem_cpy)
    i.mem_set                                0x080059d6   Section        0  ff.o(i.mem_set)
    mem_set                                  0x080059d7   Thumb Code    20  ff.o(i.mem_set)
    i.mktimev                                0x080059ec   Section        0  bsp_date.o(i.mktimev)
    i.move_window                            0x08005a68   Section        0  ff.o(i.move_window)
    move_window                              0x08005a69   Thumb Code    52  ff.o(i.move_window)
    i.sdfat_init                             0x08005a9c   Section        0  main.o(i.sdfat_init)
    i.sync_window                            0x08005bc4   Section        0  ff.o(i.sync_window)
    sync_window                              0x08005bc5   Thumb Code    82  ff.o(i.sync_window)
    i.to_tm                                  0x08005c18   Section        0  bsp_date.o(i.to_tm)
    .constdata                               0x08005cec   Section       58  ff.o(.constdata)
    LfnOfs                                   0x08005cec   Data          13  ff.o(.constdata)
    vst                                      0x08005cfa   Data          22  ff.o(.constdata)
    cst                                      0x08005d10   Data          22  ff.o(.constdata)
    .constdata                               0x08005d28   Section       48  bsp_date.o(.constdata)
    .constdata                               0x08005d58   Section    15200  fonts.o(.constdata)
    .data                                    0x20000000   Section       20  system_stm32f10x.o(.data)
    .data                                    0x20000014   Section       20  stm32f10x_rcc.o(.data)
    APBAHBPrescTable                         0x20000014   Data          16  stm32f10x_rcc.o(.data)
    ADCPrescTable                            0x20000024   Data           4  stm32f10x_rcc.o(.data)
    .data                                    0x20000028   Section      168  main.o(.data)
    .data                                    0x200000d0   Section       16  mysd.o(.data)
    CardType                                 0x200000d0   Data           4  mysd.o(.data)
    RCA                                      0x200000d4   Data           4  mysd.o(.data)
    DeviceMode                               0x200000d8   Data           1  mysd.o(.data)
    StopCondition                            0x200000d9   Data           1  mysd.o(.data)
    .data                                    0x200000e0   Section       10  ff.o(.data)
    FatFs                                    0x200000e0   Data           8  ff.o(.data)
    Fsid                                     0x200000e8   Data           2  ff.o(.data)
    .data                                    0x200000ea   Section        4  delay.o(.data)
    fac_us                                   0x200000ea   Data           1  delay.o(.data)
    fac_ms                                   0x200000ec   Data           2  delay.o(.data)
    .data                                    0x200000f0   Section       48  bsp_date.o(.data)
    month_days                               0x200000f0   Data          48  bsp_date.o(.data)
    .data                                    0x20000120   Section       24  fonts.o(.data)
    .data                                    0x20000138   Section       16  bsp_ili9341_lcd.o(.data)
    LCD_Currentfonts                         0x20000140   Data           4  bsp_ili9341_lcd.o(.data)
    CurrentTextColor                         0x20000144   Data           2  bsp_ili9341_lcd.o(.data)
    CurrentBackColor                         0x20000146   Data           2  bsp_ili9341_lcd.o(.data)
    .data                                    0x20000148   Section        4  stdout.o(.data)
    .bss                                     0x20000150   Section     3720  main.o(.bss)
    .bss                                     0x20000fd8   Section     1256  mysd.o(.bss)
    CSD_Tab                                  0x20001048   Data          16  mysd.o(.bss)
    CID_Tab                                  0x20001058   Data          16  mysd.o(.bss)
    STACK                                    0x200014c0   Section     1024  startup_stm32f10x_hd.o(STACK)
    .ARM.__AT_0x68000000                     0x68000000   Section    983040  malloc.o(.ARM.__AT_0x68000000)
    .ARM.__AT_0x680F0000                     0x680f0000   Section    61440  malloc.o(.ARM.__AT_0x680F0000)

    Global Symbols

    Symbol Name                              Value     Ov Type        Size  Object(Section)

    BuildAttributes$$THM_ISAv4$P$D$K$B$S$PE$A:L22UL41UL21$X:L11$S22US41US21$IEEE1$IW$USESV6$~STKCKD$USESV7$~SHL$OTIME$ROPI$EBA8$MICROLIB$REQ8$PRES8$EABIv2 0x00000000   Number         0  anon$$obj.o ABSOLUTE
    __ARM_use_no_argv                        0x00000000   Number         0  main.o ABSOLUTE
    _printf_a                                0x00000000   Number         0  stubs.o ABSOLUTE
    _printf_c                                0x00000000   Number         0  stubs.o ABSOLUTE
    _printf_charcount                        0x00000000   Number         0  stubs.o ABSOLUTE
    _printf_d                                0x00000000   Number         0  stubs.o ABSOLUTE
    _printf_e                                0x00000000   Number         0  stubs.o ABSOLUTE
    _printf_f                                0x00000000   Number         0  stubs.o ABSOLUTE
    _printf_flags                            0x00000000   Number         0  stubs.o ABSOLUTE
    _printf_fp_dec                           0x00000000   Number         0  stubs.o ABSOLUTE
    _printf_fp_hex                           0x00000000   Number         0  stubs.o ABSOLUTE
    _printf_g                                0x00000000   Number         0  stubs.o ABSOLUTE
    _printf_i                                0x00000000   Number         0  stubs.o ABSOLUTE
    _printf_int_dec                          0x00000000   Number         0  stubs.o ABSOLUTE
    _printf_l                                0x00000000   Number         0  stubs.o ABSOLUTE
    _printf_lc                               0x00000000   Number         0  stubs.o ABSOLUTE
    _printf_ll                               0x00000000   Number         0  stubs.o ABSOLUTE
    _printf_lld                              0x00000000   Number         0  stubs.o ABSOLUTE
    _printf_lli                              0x00000000   Number         0  stubs.o ABSOLUTE
    _printf_llo                              0x00000000   Number         0  stubs.o ABSOLUTE
    _printf_llu                              0x00000000   Number         0  stubs.o ABSOLUTE
    _printf_llx                              0x00000000   Number         0  stubs.o ABSOLUTE
    _printf_longlong_dec                     0x00000000   Number         0  stubs.o ABSOLUTE
    _printf_longlong_hex                     0x00000000   Number         0  stubs.o ABSOLUTE
    _printf_longlong_oct                     0x00000000   Number         0  stubs.o ABSOLUTE
    _printf_ls                               0x00000000   Number         0  stubs.o ABSOLUTE
    _printf_mbtowc                           0x00000000   Number         0  stubs.o ABSOLUTE
    _printf_n                                0x00000000   Number         0  stubs.o ABSOLUTE
    _printf_o                                0x00000000   Number         0  stubs.o ABSOLUTE
    _printf_p                                0x00000000   Number         0  stubs.o ABSOLUTE
    _printf_percent                          0x00000000   Number         0  stubs.o ABSOLUTE
    _printf_pre_padding                      0x00000000   Number         0  stubs.o ABSOLUTE
    _printf_return_value                     0x00000000   Number         0  stubs.o ABSOLUTE
    _printf_s                                0x00000000   Number         0  stubs.o ABSOLUTE
    _printf_sizespec                         0x00000000   Number         0  stubs.o ABSOLUTE
    _printf_str                              0x00000000   Number         0  stubs.o ABSOLUTE
    _printf_truncate_signed                  0x00000000   Number         0  stubs.o ABSOLUTE
    _printf_truncate_unsigned                0x00000000   Number         0  stubs.o ABSOLUTE
    _printf_u                                0x00000000   Number         0  stubs.o ABSOLUTE
    _printf_wc                               0x00000000   Number         0  stubs.o ABSOLUTE
    _printf_wctomb                           0x00000000   Number         0  stubs.o ABSOLUTE
    _printf_widthprec                        0x00000000   Number         0  stubs.o ABSOLUTE
    _printf_x                                0x00000000   Number         0  stubs.o ABSOLUTE
    __cpp_initialize__aeabi_                  - Undefined Weak Reference
    __cxa_finalize                            - Undefined Weak Reference
    _clock_init                               - Undefined Weak Reference
    _microlib_exit                            - Undefined Weak Reference
    __Vectors_Size                           0x00000130   Number         0  startup_stm32f10x_hd.o ABSOLUTE
    __Vectors                                0x08000000   Data           4  startup_stm32f10x_hd.o(RESET)
    __Vectors_End                            0x08000130   Data           0  startup_stm32f10x_hd.o(RESET)
    __main                                   0x08000131   Thumb Code     0  entry.o(.ARM.Collect$$$$00000000)
    _main_stk                                0x08000131   Thumb Code     0  entry2.o(.ARM.Collect$$$$00000001)
    _main_scatterload                        0x08000135   Thumb Code     0  entry5.o(.ARM.Collect$$$$00000004)
    __main_after_scatterload                 0x08000139   Thumb Code     0  entry5.o(.ARM.Collect$$$$00000004)
    _main_clock                              0x08000139   Thumb Code     0  entry7b.o(.ARM.Collect$$$$00000008)
    _main_cpp_init                           0x08000139   Thumb Code     0  entry8b.o(.ARM.Collect$$$$0000000A)
    _main_init                               0x08000139   Thumb Code     0  entry9a.o(.ARM.Collect$$$$0000000B)
    __rt_final_cpp                           0x08000141   Thumb Code     0  entry10a.o(.ARM.Collect$$$$0000000D)
    __rt_final_exit                          0x08000141   Thumb Code     0  entry11a.o(.ARM.Collect$$$$0000000F)
    Reset_Handler                            0x08000145   Thumb Code     8  startup_stm32f10x_hd.o(.text)
    ADC1_2_IRQHandler                        0x0800015f   Thumb Code     0  startup_stm32f10x_hd.o(.text)
    ADC3_IRQHandler                          0x0800015f   Thumb Code     0  startup_stm32f10x_hd.o(.text)
    CAN1_RX1_IRQHandler                      0x0800015f   Thumb Code     0  startup_stm32f10x_hd.o(.text)
    CAN1_SCE_IRQHandler                      0x0800015f   Thumb Code     0  startup_stm32f10x_hd.o(.text)
    DMA1_Channel2_IRQHandler                 0x0800015f   Thumb Code     0  startup_stm32f10x_hd.o(.text)
    DMA1_Channel3_IRQHandler                 0x0800015f   Thumb Code     0  startup_stm32f10x_hd.o(.text)
    DMA1_Channel4_IRQHandler                 0x0800015f   Thumb Code     0  startup_stm32f10x_hd.o(.text)
    DMA1_Channel5_IRQHandler                 0x0800015f   Thumb Code     0  startup_stm32f10x_hd.o(.text)
    DMA1_Channel6_IRQHandler                 0x0800015f   Thumb Code     0  startup_stm32f10x_hd.o(.text)
    DMA1_Channel7_IRQHandler                 0x0800015f   Thumb Code     0  startup_stm32f10x_hd.o(.text)
    DMA2_Channel1_IRQHandler                 0x0800015f   Thumb Code     0  startup_stm32f10x_hd.o(.text)
    DMA2_Channel2_IRQHandler                 0x0800015f   Thumb Code     0  startup_stm32f10x_hd.o(.text)
    DMA2_Channel3_IRQHandler                 0x0800015f   Thumb Code     0  startup_stm32f10x_hd.o(.text)
    DMA2_Channel4_5_IRQHandler               0x0800015f   Thumb Code     0  startup_stm32f10x_hd.o(.text)
    EXTI0_IRQHandler                         0x0800015f   Thumb Code     0  startup_stm32f10x_hd.o(.text)
    EXTI15_10_IRQHandler                     0x0800015f   Thumb Code     0  startup_stm32f10x_hd.o(.text)
    EXTI1_IRQHandler                         0x0800015f   Thumb Code     0  startup_stm32f10x_hd.o(.text)
    EXTI2_IRQHandler                         0x0800015f   Thumb Code     0  startup_stm32f10x_hd.o(.text)
    EXTI3_IRQHandler                         0x0800015f   Thumb Code     0  startup_stm32f10x_hd.o(.text)
    EXTI4_IRQHandler                         0x0800015f   Thumb Code     0  startup_stm32f10x_hd.o(.text)
    EXTI9_5_IRQHandler                       0x0800015f   Thumb Code     0  startup_stm32f10x_hd.o(.text)
    FLASH_IRQHandler                         0x0800015f   Thumb Code     0  startup_stm32f10x_hd.o(.text)
    FSMC_IRQHandler                          0x0800015f   Thumb Code     0  startup_stm32f10x_hd.o(.text)
    I2C1_ER_IRQHandler                       0x0800015f   Thumb Code     0  startup_stm32f10x_hd.o(.text)
    I2C1_EV_IRQHandler                       0x0800015f   Thumb Code     0  startup_stm32f10x_hd.o(.text)
    I2C2_ER_IRQHandler                       0x0800015f   Thumb Code     0  startup_stm32f10x_hd.o(.text)
    I2C2_EV_IRQHandler                       0x0800015f   Thumb Code     0  startup_stm32f10x_hd.o(.text)
    PVD_IRQHandler                           0x0800015f   Thumb Code     0  startup_stm32f10x_hd.o(.text)
    RCC_IRQHandler                           0x0800015f   Thumb Code     0  startup_stm32f10x_hd.o(.text)
    RTCAlarm_IRQHandler                      0x0800015f   Thumb Code     0  startup_stm32f10x_hd.o(.text)
    SPI1_IRQHandler                          0x0800015f   Thumb Code     0  startup_stm32f10x_hd.o(.text)
    SPI2_IRQHandler                          0x0800015f   Thumb Code     0  startup_stm32f10x_hd.o(.text)
    SPI3_IRQHandler                          0x0800015f   Thumb Code     0  startup_stm32f10x_hd.o(.text)
    TAMPER_IRQHandler                        0x0800015f   Thumb Code     0  startup_stm32f10x_hd.o(.text)
    TIM1_BRK_IRQHandler                      0x0800015f   Thumb Code     0  startup_stm32f10x_hd.o(.text)
    TIM1_CC_IRQHandler                       0x0800015f   Thumb Code     0  startup_stm32f10x_hd.o(.text)
    TIM1_TRG_COM_IRQHandler                  0x0800015f   Thumb Code     0  startup_stm32f10x_hd.o(.text)
    TIM1_UP_IRQHandler                       0x0800015f   Thumb Code     0  startup_stm32f10x_hd.o(.text)
    TIM2_IRQHandler                          0x0800015f   Thumb Code     0  startup_stm32f10x_hd.o(.text)
    TIM3_IRQHandler                          0x0800015f   Thumb Code     0  startup_stm32f10x_hd.o(.text)
    TIM4_IRQHandler                          0x0800015f   Thumb Code     0  startup_stm32f10x_hd.o(.text)
    TIM5_IRQHandler                          0x0800015f   Thumb Code     0  startup_stm32f10x_hd.o(.text)
    TIM7_IRQHandler                          0x0800015f   Thumb Code     0  startup_stm32f10x_hd.o(.text)
    TIM8_BRK_IRQHandler                      0x0800015f   Thumb Code     0  startup_stm32f10x_hd.o(.text)
    TIM8_CC_IRQHandler                       0x0800015f   Thumb Code     0  startup_stm32f10x_hd.o(.text)
    TIM8_TRG_COM_IRQHandler                  0x0800015f   Thumb Code     0  startup_stm32f10x_hd.o(.text)
    TIM8_UP_IRQHandler                       0x0800015f   Thumb Code     0  startup_stm32f10x_hd.o(.text)
    UART4_IRQHandler                         0x0800015f   Thumb Code     0  startup_stm32f10x_hd.o(.text)
    UART5_IRQHandler                         0x0800015f   Thumb Code     0  startup_stm32f10x_hd.o(.text)
    USART1_IRQHandler                        0x0800015f   Thumb Code     0  startup_stm32f10x_hd.o(.text)
    USART2_IRQHandler                        0x0800015f   Thumb Code     0  startup_stm32f10x_hd.o(.text)
    USART3_IRQHandler                        0x0800015f   Thumb Code     0  startup_stm32f10x_hd.o(.text)
    USBWakeUp_IRQHandler                     0x0800015f   Thumb Code     0  startup_stm32f10x_hd.o(.text)
    USB_HP_CAN1_TX_IRQHandler                0x0800015f   Thumb Code     0  startup_stm32f10x_hd.o(.text)
    USB_LP_CAN1_RX0_IRQHandler               0x0800015f   Thumb Code     0  startup_stm32f10x_hd.o(.text)
    WWDG_IRQHandler                          0x0800015f   Thumb Code     0  startup_stm32f10x_hd.o(.text)
    __aeabi_uldivmod                         0x08000169   Thumb Code    98  uldiv.o(.text)
    __aeabi_memcpy                           0x080001cb   Thumb Code    36  memcpya.o(.text)
    __aeabi_memcpy4                          0x080001cb   Thumb Code     0  memcpya.o(.text)
    __aeabi_memcpy8                          0x080001cb   Thumb Code     0  memcpya.o(.text)
    __aeabi_memset                           0x080001ef   Thumb Code    14  memseta.o(.text)
    __aeabi_memset4                          0x080001ef   Thumb Code     0  memseta.o(.text)
    __aeabi_memset8                          0x080001ef   Thumb Code     0  memseta.o(.text)
    __aeabi_memclr                           0x080001fd   Thumb Code     4  memseta.o(.text)
    __aeabi_memclr4                          0x080001fd   Thumb Code     0  memseta.o(.text)
    __aeabi_memclr8                          0x080001fd   Thumb Code     0  memseta.o(.text)
    _memset$wrapper                          0x08000201   Thumb Code    18  memseta.o(.text)
    __aeabi_dmul                             0x08000213   Thumb Code   228  dmul.o(.text)
    __aeabi_uidiv                            0x080002f7   Thumb Code     0  uidiv.o(.text)
    __aeabi_uidivmod                         0x080002f7   Thumb Code    44  uidiv.o(.text)
    __aeabi_llsl                             0x08000323   Thumb Code    30  llshl.o(.text)
    _ll_shift_l                              0x08000323   Thumb Code     0  llshl.o(.text)
    __aeabi_llsr                             0x08000341   Thumb Code    32  llushr.o(.text)
    _ll_ushift_r                             0x08000341   Thumb Code     0  llushr.o(.text)
    __I$use$fp                               0x08000361   Thumb Code     0  iusefp.o(.text)
    _double_round                            0x08000361   Thumb Code    30  depilogue.o(.text)
    _double_epilogue                         0x0800037f   Thumb Code   156  depilogue.o(.text)
    __aeabi_dadd                             0x0800041b   Thumb Code   322  dadd.o(.text)
    __aeabi_dsub                             0x0800055d   Thumb Code     6  dadd.o(.text)
    __aeabi_drsub                            0x08000563   Thumb Code     6  dadd.o(.text)
    __aeabi_ddiv                             0x08000569   Thumb Code   222  ddiv.o(.text)
    __aeabi_d2ulz                            0x08000647   Thumb Code    48  dfixul.o(.text)
    __aeabi_cdrcmple                         0x08000679   Thumb Code    48  cdrcmple.o(.text)
    __scatterload                            0x080006a9   Thumb Code    28  init.o(.text)
    __scatterload_rt2                        0x080006a9   Thumb Code     0  init.o(.text)
    __aeabi_lasr                             0x080006cd   Thumb Code    36  llsshr.o(.text)
    _ll_sshift_r                             0x080006cd   Thumb Code     0  llsshr.o(.text)
    __decompress                             0x080006f1   Thumb Code     0  __dczerorl2.o(.text)
    __decompress1                            0x080006f1   Thumb Code    86  __dczerorl2.o(.text)
    BKP_DeInit                               0x08000747   Thumb Code    16  stm32f10x_bkp.o(i.BKP_DeInit)
    BKP_ReadBackupRegister                   0x08000759   Thumb Code    24  stm32f10x_bkp.o(i.BKP_ReadBackupRegister)
    BKP_WriteBackupRegister                  0x08000775   Thumb Code    22  stm32f10x_bkp.o(i.BKP_WriteBackupRegister)
    BusFault_Handler                         0x08000791   Thumb Code     4  stm32f10x_it.o(i.BusFault_Handler)
    CmdError                                 0x08000795   Thumb Code    48  mysd.o(i.CmdError)
    CmdResp1Error                            0x080007c5   Thumb Code   100  mysd.o(i.CmdResp1Error)
    CmdResp2Error                            0x0800082d   Thumb Code    80  mysd.o(i.CmdResp2Error)
    CmdResp3Error                            0x08000881   Thumb Code    50  mysd.o(i.CmdResp3Error)
    CmdResp6Error                            0x080008b9   Thumb Code   140  mysd.o(i.CmdResp6Error)
    DMA1_Channel1_IRQHandler                 0x08000995   Thumb Code    24  stm32f10x_it.o(i.DMA1_Channel1_IRQHandler)
    DMA_ClearFlag                            0x080009b1   Thumb Code    18  stm32f10x_dma.o(i.DMA_ClearFlag)
    DMA_Cmd                                  0x080009cd   Thumb Code    24  stm32f10x_dma.o(i.DMA_Cmd)
    DMA_DeInit                               0x080009e5   Thumb Code   324  stm32f10x_dma.o(i.DMA_DeInit)
    DMA_GetFlagStatus                        0x08000b31   Thumb Code    36  stm32f10x_dma.o(i.DMA_GetFlagStatus)
    DMA_GetITStatus                          0x08000b5d   Thumb Code    36  stm32f10x_dma.o(i.DMA_GetITStatus)
    DMA_Init                                 0x08000b89   Thumb Code    60  stm32f10x_dma.o(i.DMA_Init)
    DebugMon_Handler                         0x08000bc5   Thumb Code     2  stm32f10x_it.o(i.DebugMon_Handler)
    FSMC_NORSRAMCmd                          0x08000bc9   Thumb Code    46  stm32f10x_fsmc.o(i.FSMC_NORSRAMCmd)
    FSMC_NORSRAMInit                         0x08000bfd   Thumb Code   230  stm32f10x_fsmc.o(i.FSMC_NORSRAMInit)
    FindSCR                                  0x08000ce5   Thumb Code   386  mysd.o(i.FindSCR)
    GPIO_Init                                0x08000ec9   Thumb Code   278  stm32f10x_gpio.o(i.GPIO_Init)
    GPIO_ResetBits                           0x08000fdf   Thumb Code     4  stm32f10x_gpio.o(i.GPIO_ResetBits)
    GPIO_SetBits                             0x08000fe3   Thumb Code     4  stm32f10x_gpio.o(i.GPIO_SetBits)
    GregorianDay                             0x080010bd   Thumb Code   146  bsp_date.o(i.GregorianDay)
    HardFault_Handler                        0x08001155   Thumb Code     4  stm32f10x_it.o(i.HardFault_Handler)
    ILI9341_BackLed_Control                  0x08001159   Thumb Code    30  bsp_ili9341_lcd.o(i.ILI9341_BackLed_Control)
    ILI9341_Clear                            0x0800117d   Thumb Code    40  bsp_ili9341_lcd.o(i.ILI9341_Clear)
    ILI9341_DispChar_EN                      0x080011bd   Thumb Code   138  bsp_ili9341_lcd.o(i.ILI9341_DispChar_EN)
    ILI9341_DispStringLine_EN                0x08001255   Thumb Code    92  bsp_ili9341_lcd.o(i.ILI9341_DispStringLine_EN)
    ILI9341_GramScan                         0x080014e5   Thumb Code   208  bsp_ili9341_lcd.o(i.ILI9341_GramScan)
    ILI9341_Init                             0x080015c5   Thumb Code    34  bsp_ili9341_lcd.o(i.ILI9341_Init)
    ILI9341_OpenWindow                       0x080015ed   Thumb Code    96  bsp_ili9341_lcd.o(i.ILI9341_OpenWindow)
    ILI9341_ReadID                           0x08001a9d   Thumb Code   108  bsp_ili9341_lcd.o(i.ILI9341_ReadID)
    ILI9341_Read_Data                        0x08001b0d   Thumb Code     6  bsp_ili9341_lcd.o(i.ILI9341_Read_Data)
    ILI9341_Rst                              0x08001b19   Thumb Code    36  bsp_ili9341_lcd.o(i.ILI9341_Rst)
    ILI9341_Write_Cmd                        0x08001b41   Thumb Code     8  bsp_ili9341_lcd.o(i.ILI9341_Write_Cmd)
    ILI9341_Write_Data                       0x08001b49   Thumb Code     6  bsp_ili9341_lcd.o(i.ILI9341_Write_Data)
    INTX_DISABLE                             0x08001b55   Thumb Code     4  mysd.o(i.INTX_DISABLE)
    INTX_ENABLE                              0x08001b59   Thumb Code     4  mysd.o(i.INTX_ENABLE)
    IsCardProgramming                        0x08001b5d   Thumb Code   142  mysd.o(i.IsCardProgramming)
    LCD_ClearLine                            0x08001bf9   Thumb Code    26  bsp_ili9341_lcd.o(i.LCD_ClearLine)
    LCD_GetFont                              0x08001c19   Thumb Code     6  bsp_ili9341_lcd.o(i.LCD_GetFont)
    LCD_SetColors                            0x08001c25   Thumb Code    10  bsp_ili9341_lcd.o(i.LCD_SetColors)
    LCD_SetFont                              0x08001c39   Thumb Code     6  bsp_ili9341_lcd.o(i.LCD_SetFont)
    MemManage_Handler                        0x08001c45   Thumb Code     4  stm32f10x_it.o(i.MemManage_Handler)
    NMI_Handler                              0x08001c49   Thumb Code     2  stm32f10x_it.o(i.NMI_Handler)
    NVIC_Init                                0x08001c99   Thumb Code   100  misc.o(i.NVIC_Init)
    NVIC_PriorityGroupConfig                 0x08001d09   Thumb Code    10  misc.o(i.NVIC_PriorityGroupConfig)
    PWR_BackupAccessCmd                      0x08001d1d   Thumb Code     6  stm32f10x_pwr.o(i.PWR_BackupAccessCmd)
    PendSV_Handler                           0x08001d29   Thumb Code     2  stm32f10x_it.o(i.PendSV_Handler)
    RCC_AHBPeriphClockCmd                    0x08001d2d   Thumb Code    26  stm32f10x_rcc.o(i.RCC_AHBPeriphClockCmd)
    RCC_APB1PeriphClockCmd                   0x08001d4d   Thumb Code    26  stm32f10x_rcc.o(i.RCC_APB1PeriphClockCmd)
    RCC_APB2PeriphClockCmd                   0x08001d6d   Thumb Code    26  stm32f10x_rcc.o(i.RCC_APB2PeriphClockCmd)
    RCC_BackupResetCmd                       0x08001d8d   Thumb Code     6  stm32f10x_rcc.o(i.RCC_BackupResetCmd)
    RCC_ClearFlag                            0x08001d99   Thumb Code    14  stm32f10x_rcc.o(i.RCC_ClearFlag)
    RCC_GetClocksFreq                        0x08001dad   Thumb Code   192  stm32f10x_rcc.o(i.RCC_GetClocksFreq)
    RCC_GetFlagStatus                        0x08001e81   Thumb Code    56  stm32f10x_rcc.o(i.RCC_GetFlagStatus)
    RCC_LSEConfig                            0x08001ebd   Thumb Code    46  stm32f10x_rcc.o(i.RCC_LSEConfig)
    RCC_LSICmd                               0x08001ef1   Thumb Code     6  stm32f10x_rcc.o(i.RCC_LSICmd)
    RCC_RTCCLKCmd                            0x08001efd   Thumb Code     6  stm32f10x_rcc.o(i.RCC_RTCCLKCmd)
    RCC_RTCCLKConfig                         0x08001f09   Thumb Code    12  stm32f10x_rcc.o(i.RCC_RTCCLKConfig)
    RTC_CheckAndConfig                       0x08001f19   Thumb Code   140  bsp_rtc.o(i.RTC_CheckAndConfig)
    RTC_ClearITPendingBit                    0x08002045   Thumb Code    12  stm32f10x_rtc.o(i.RTC_ClearITPendingBit)
    RTC_Configuration                        0x08002055   Thumb Code    88  bsp_rtc.o(i.RTC_Configuration)
    RTC_EnterConfigMode                      0x080020ad   Thumb Code    14  stm32f10x_rtc.o(i.RTC_EnterConfigMode)
    RTC_ExitConfigMode                       0x080020c1   Thumb Code    16  stm32f10x_rtc.o(i.RTC_ExitConfigMode)
    RTC_GetCounter                           0x080020d5   Thumb Code    16  stm32f10x_rtc.o(i.RTC_GetCounter)
    RTC_GetITStatus                          0x080020e9   Thumb Code    32  stm32f10x_rtc.o(i.RTC_GetITStatus)
    RTC_IRQHandler                           0x0800210d   Thumb Code    34  stm32f10x_it.o(i.RTC_IRQHandler)
    RTC_ITConfig                             0x08002131   Thumb Code    26  stm32f10x_rtc.o(i.RTC_ITConfig)
    RTC_NVIC_Config                          0x08002151   Thumb Code    42  bsp_rtc.o(i.RTC_NVIC_Config)
    RTC_SetCounter                           0x0800217d   Thumb Code    24  stm32f10x_rtc.o(i.RTC_SetCounter)
    RTC_SetPrescaler                         0x08002199   Thumb Code    26  stm32f10x_rtc.o(i.RTC_SetPrescaler)
    RTC_WaitForLastTask                      0x080021b9   Thumb Code    16  stm32f10x_rtc.o(i.RTC_WaitForLastTask)
    RTC_WaitForSynchro                       0x080021cd   Thumb Code    30  stm32f10x_rtc.o(i.RTC_WaitForSynchro)
    SDEnWideBus                              0x080021f1   Thumb Code   158  mysd.o(i.SDEnWideBus)
    SDIO_ClearFlag                           0x0800229d   Thumb Code     6  stm32f10x_sdio.o(i.SDIO_ClearFlag)
    SDIO_ClockCmd                            0x080022a9   Thumb Code     6  stm32f10x_sdio.o(i.SDIO_ClockCmd)
    SDIO_Clock_Set                           0x080022b5   Thumb Code    16  mysd.o(i.SDIO_Clock_Set)
    SDIO_DMACmd                              0x080022c9   Thumb Code     6  stm32f10x_sdio.o(i.SDIO_DMACmd)
    SDIO_DataConfig                          0x080022d5   Thumb Code    42  stm32f10x_sdio.o(i.SDIO_DataConfig)
    SDIO_DeInit                              0x08002305   Thumb Code    28  stm32f10x_sdio.o(i.SDIO_DeInit)
    SDIO_GetFlagStatus                       0x08002329   Thumb Code    20  stm32f10x_sdio.o(i.SDIO_GetFlagStatus)
    SDIO_GetPowerState                       0x08002341   Thumb Code    10  stm32f10x_sdio.o(i.SDIO_GetPowerState)
    SDIO_IRQHandler                          0x08002351   Thumb Code     8  mysd.o(i.SDIO_IRQHandler)
    SDIO_Init                                0x08002359   Thumb Code    42  stm32f10x_sdio.o(i.SDIO_Init)
    SDIO_ReadData                            0x08002389   Thumb Code     6  stm32f10x_sdio.o(i.SDIO_ReadData)
    SDIO_SendCommand                         0x08002395   Thumb Code    38  stm32f10x_sdio.o(i.SDIO_SendCommand)
    SDIO_SetPowerState                       0x080023c1   Thumb Code    22  stm32f10x_sdio.o(i.SDIO_SetPowerState)
    SDIO_WriteData                           0x080023dd   Thumb Code     6  stm32f10x_sdio.o(i.SDIO_WriteData)
    SD_DMAEndOfTransferStatus                0x080023e9   Thumb Code    10  mysd.o(i.SD_DMAEndOfTransferStatus)
    SD_DMA_Config                            0x080023f9   Thumb Code    44  mysd.o(i.SD_DMA_Config)
    SD_DMA_Init                              0x0800242d   Thumb Code    88  mysd.o(i.SD_DMA_Init)
    SD_DeInit                                0x08002495   Thumb Code    66  mysd.o(i.SD_DeInit)
    SD_EnableWideBusOperation                0x080024e1   Thumb Code    94  mysd.o(i.SD_EnableWideBusOperation)
    SD_GetCardInfo                           0x08002549   Thumb Code   600  mysd.o(i.SD_GetCardInfo)
    SD_GetState                              0x080027b1   Thumb Code    26  mysd.o(i.SD_GetState)
    SD_GetStatus                             0x080027cb   Thumb Code    30  mysd.o(i.SD_GetStatus)
    SD_Init                                  0x080027e9   Thumb Code    98  mysd.o(i.SD_Init)
    SD_InitializeCards                       0x08002851   Thumb Code   262  mysd.o(i.SD_InitializeCards)
    SD_PowerON                               0x08002971   Thumb Code   348  mysd.o(i.SD_PowerON)
    SD_ProcessIRQSrc                         0x08002ae1   Thumb Code   296  mysd.o(i.SD_ProcessIRQSrc)
    SD_ReadBlock                             0x08002c1d   Thumb Code   558  mysd.o(i.SD_ReadBlock)
    SD_ReadDisk                              0x08002e75   Thumb Code   148  mysd.o(i.SD_ReadDisk)
    SD_ReadMultiBlocks                       0x08002f0d   Thumb Code   698  mysd.o(i.SD_ReadMultiBlocks)
    SD_SelectDeselect                        0x080031f5   Thumb Code    42  mysd.o(i.SD_SelectDeselect)
    SD_SendStatus                            0x08003225   Thumb Code    72  mysd.o(i.SD_SendStatus)
    SD_SetDeviceMode                         0x08003279   Thumb Code    20  mysd.o(i.SD_SetDeviceMode)
    SD_WaitReadOperation                     0x08003291   Thumb Code    42  mysd.o(i.SD_WaitReadOperation)
    SD_WaitWriteOperation                    0x080032c5   Thumb Code    50  mysd.o(i.SD_WaitWriteOperation)
    SD_WriteBlock                            0x08003301   Thumb Code   844  mysd.o(i.SD_WriteBlock)
    SD_WriteDisk                             0x08003675   Thumb Code   148  mysd.o(i.SD_WriteDisk)
    SD_WriteMultiBlocks                      0x0800370d   Thumb Code   920  mysd.o(i.SD_WriteMultiBlocks)
    SVC_Handler                              0x08003acd   Thumb Code     2  stm32f10x_it.o(i.SVC_Handler)
    SysTick_CLKSourceConfig                  0x08003bb9   Thumb Code    40  misc.o(i.SysTick_CLKSourceConfig)
    SysTick_Handler                          0x08003be1   Thumb Code     2  stm32f10x_it.o(i.SysTick_Handler)
    SystemInit                               0x08003be5   Thumb Code    78  system_stm32f10x.o(i.SystemInit)
    TIM6_IRQHandler                          0x08003c45   Thumb Code    62  stm32f10x_it.o(i.TIM6_IRQHandler)
    TIM_ClearFlag                            0x08003c91   Thumb Code     6  stm32f10x_tim.o(i.TIM_ClearFlag)
    TIM_Cmd                                  0x08003c97   Thumb Code    24  stm32f10x_tim.o(i.TIM_Cmd)
    TIM_GetITStatus                          0x08003caf   Thumb Code    34  stm32f10x_tim.o(i.TIM_GetITStatus)
    TIM_ITConfig                             0x08003cd1   Thumb Code    18  stm32f10x_tim.o(i.TIM_ITConfig)
    TIM_TimeBaseInit                         0x08003ce5   Thumb Code   122  stm32f10x_tim.o(i.TIM_TimeBaseInit)
    Time_Adjust                              0x08003d89   Thumb Code    40  bsp_rtc.o(i.Time_Adjust)
    Time_Base_Dingshi_Mode                   0x08003db1   Thumb Code    96  mytime.o(i.Time_Base_Dingshi_Mode)
    USART_Cmd                                0x08003e15   Thumb Code    24  stm32f10x_usart.o(i.USART_Cmd)
    USART_Config                             0x08003e2d   Thumb Code   136  bsp_usart.o(i.USART_Config)
    USART_GetFlagStatus                      0x08003ebd   Thumb Code    26  stm32f10x_usart.o(i.USART_GetFlagStatus)
    USART_ITConfig                           0x08003ed7   Thumb Code    74  stm32f10x_usart.o(i.USART_ITConfig)
    USART_Init                               0x08003f21   Thumb Code   210  stm32f10x_usart.o(i.USART_Init)
    USART_SendData                           0x08003ff9   Thumb Code     8  stm32f10x_usart.o(i.USART_SendData)
    UsageFault_Handler                       0x08004001   Thumb Code     4  stm32f10x_it.o(i.UsageFault_Handler)
    __0printf                                0x08004005   Thumb Code    22  printfa.o(i.__0printf)
    __1printf                                0x08004005   Thumb Code     0  printfa.o(i.__0printf)
    __2printf                                0x08004005   Thumb Code     0  printfa.o(i.__0printf)
    __c89printf                              0x08004005   Thumb Code     0  printfa.o(i.__0printf)
    printf                                   0x08004005   Thumb Code     0  printfa.o(i.__0printf)
    __scatterload_copy                       0x08004025   Thumb Code    14  handlers.o(i.__scatterload_copy)
    __scatterload_null                       0x08004033   Thumb Code     2  handlers.o(i.__scatterload_null)
    __scatterload_zeroinit                   0x08004035   Thumb Code    14  handlers.o(i.__scatterload_zeroinit)
    convert_from_bytes_to_power_of_two       0x08004969   Thumb Code    18  mysd.o(i.convert_from_bytes_to_power_of_two)
    delay_init                               0x0800497d   Thumb Code    50  delay.o(i.delay_init)
    disk_initialize                          0x080049c1   Thumb Code    34  diskio.o(i.disk_initialize)
    disk_ioctl                               0x080049e5   Thumb Code    94  diskio.o(i.disk_ioctl)
    disk_read                                0x08004a49   Thumb Code    88  diskio.o(i.disk_read)
    disk_status                              0x08004aa1   Thumb Code    20  diskio.o(i.disk_status)
    disk_write                               0x08004ab5   Thumb Code    94  diskio.o(i.disk_write)
    f_getfree                                0x08004b13   Thumb Code   258  ff.o(i.f_getfree)
    f_mkfs                                   0x08004c15   Thumb Code  1622  ff.o(i.f_mkfs)
    f_mount                                  0x08005299   Thumb Code    86  ff.o(i.f_mount)
    fputc                                    0x080056cd   Thumb Code    32  bsp_usart.o(i.fputc)
    get_fat                                  0x080056f1   Thumb Code   318  ff.o(i.get_fat)
    get_fattime                              0x08005831   Thumb Code    70  diskio.o(i.get_fattime)
    main                                     0x080058c9   Thumb Code   186  main.o(i.main)
    mktimev                                  0x080059ed   Thumb Code   120  bsp_date.o(i.mktimev)
    sdfat_init                               0x08005a9d   Thumb Code    98  main.o(i.sdfat_init)
    to_tm                                    0x08005c19   Thumb Code   198  bsp_date.o(i.to_tm)
    ASCII8x16_Table                          0x08005d58   Data        1520  fonts.o(.constdata)
    ASCII16x24_Table                         0x08006348   Data        4560  fonts.o(.constdata)
    ASCII24x32_Table                         0x08007518   Data        9120  fonts.o(.constdata)
    Region$$Table$$Base                      0x080098b8   Number         0  anon$$obj.o(Region$$Table)
    Region$$Table$$Limit                     0x080098d8   Number         0  anon$$obj.o(Region$$Table)
    SystemCoreClock                          0x20000000   Data           4  system_stm32f10x.o(.data)
    AHBPrescTable                            0x20000004   Data          16  system_stm32f10x.o(.data)
    systmtime                                0x20000028   Data          28  main.o(.data)
    BJ_TimeVar                               0x20000044   Data           4  main.o(.data)
    Ding_Con_time                            0x20000048   Data           1  main.o(.data)
    Ding_Set_time                            0x20000049   Data           1  main.o(.data)
    res_sd                                   0x2000004a   Data           1  main.o(.data)
    res_flash                                0x2000004b   Data           1  main.o(.data)
    ADC_ConvertedValueLocal                  0x2000004c   Data           4  main.o(.data)
    name_i                                   0x20000050   Data           4  main.o(.data)
    tra_i                                    0x20000054   Data           4  main.o(.data)
    tra_j                                    0x20000058   Data           4  main.o(.data)
    stop_flag                                0x2000005c   Data           1  main.o(.data)
    write_data                               0x2000005d   Data         100  main.o(.data)
    temp_adr                                 0x200000c4   Data           4  main.o(.data)
    Adc_Dma_Flag                             0x200000c8   Data           1  main.o(.data)
    Du_cishu                                 0x200000cc   Data           4  main.o(.data)
    TransferError                            0x200000da   Data           1  mysd.o(.data)
    TransferEnd                              0x200000db   Data           1  mysd.o(.data)
    tempbuff                                 0x200000dc   Data           4  mysd.o(.data)
    Font8x16                                 0x20000120   Data           8  fonts.o(.data)
    Font16x24                                0x20000128   Data           8  fonts.o(.data)
    Font24x32                                0x20000130   Data           8  fonts.o(.data)
    LCD_X_LENGTH                             0x20000138   Data           2  bsp_ili9341_lcd.o(.data)
    LCD_Y_LENGTH                             0x2000013a   Data           2  bsp_ili9341_lcd.o(.data)
    LCD_SCAN_MODE                            0x2000013c   Data           1  bsp_ili9341_lcd.o(.data)
    lcdid                                    0x2000013e   Data           2  bsp_ili9341_lcd.o(.data)
    __stdout                                 0x20000148   Data           4  stdout.o(.data)
    my_sd_data                               0x20000150   Data        1568  main.o(.bss)
    fs                                       0x20000770   Data        1072  main.o(.bss)
    fnew                                     0x20000ba0   Data        1060  main.o(.bss)
    name_budder                              0x20000fc4   Data          20  main.o(.bss)
    SDIO_InitStructure                       0x20000fd8   Data          24  mysd.o(.bss)
    SDIO_CmdInitStructure                    0x20000ff0   Data          20  mysd.o(.bss)
    SDIO_DataInitStructure                   0x20001004   Data          24  mysd.o(.bss)
    DMA_InitStructure                        0x2000101c   Data          44  mysd.o(.bss)
    SDCardInfo                               0x20001068   Data          88  mysd.o(.bss)
    SDIO_DATA_BUFFER                         0x200010c0   Data        1024  mysd.o(.bss)
    __initial_sp                             0x200018c0   Data           0  startup_stm32f10x_hd.o(STACK)
    mem2base                                 0x68000000   Data       983040  malloc.o(.ARM.__AT_0x68000000)
    mem2mapbase                              0x680f0000   Data       61440  malloc.o(.ARM.__AT_0x680F0000)



==============================================================================

Memory Map of the image

  Image Entry point : 0x08000131

  Load Region LR_IROM1 (Base: 0x08000000, Size: 0x00009a24, Max: 0x00080000, ABSOLUTE, COMPRESSED[0x00009940])

    Execution Region ER_IROM1 (Base: 0x08000000, Size: 0x000098d8, Max: 0x00080000, ABSOLUTE)

    Base Addr    Size         Type   Attr      Idx    E Section Name        Object

    0x08000000   0x00000130   Data   RO            3    RESET               startup_stm32f10x_hd.o
    0x08000130   0x00000000   Code   RO         4477  * .ARM.Collect$$$$00000000  mc_w.l(entry.o)
    0x08000130   0x00000004   Code   RO         4761    .ARM.Collect$$$$00000001  mc_w.l(entry2.o)
    0x08000134   0x00000004   Code   RO         4764    .ARM.Collect$$$$00000004  mc_w.l(entry5.o)
    0x08000138   0x00000000   Code   RO         4766    .ARM.Collect$$$$00000008  mc_w.l(entry7b.o)
    0x08000138   0x00000000   Code   RO         4768    .ARM.Collect$$$$0000000A  mc_w.l(entry8b.o)
    0x08000138   0x00000008   Code   RO         4769    .ARM.Collect$$$$0000000B  mc_w.l(entry9a.o)
    0x08000140   0x00000000   Code   RO         4771    .ARM.Collect$$$$0000000D  mc_w.l(entry10a.o)
    0x08000140   0x00000000   Code   RO         4773    .ARM.Collect$$$$0000000F  mc_w.l(entry11a.o)
    0x08000140   0x00000004   Code   RO         4762    .ARM.Collect$$$$00002712  mc_w.l(entry2.o)
    0x08000144   0x00000024   Code   RO            4    .text               startup_stm32f10x_hd.o
    0x08000168   0x00000062   Code   RO         4480    .text               mc_w.l(uldiv.o)
    0x080001ca   0x00000024   Code   RO         4482    .text               mc_w.l(memcpya.o)
    0x080001ee   0x00000024   Code   RO         4484    .text               mc_w.l(memseta.o)
    0x08000212   0x000000e4   Code   RO         4753    .text               mf_w.l(dmul.o)
    0x080002f6   0x0000002c   Code   RO         4776    .text               mc_w.l(uidiv.o)
    0x08000322   0x0000001e   Code   RO         4778    .text               mc_w.l(llshl.o)
    0x08000340   0x00000020   Code   RO         4780    .text               mc_w.l(llushr.o)
    0x08000360   0x00000000   Code   RO         4782    .text               mc_w.l(iusefp.o)
    0x08000360   0x000000ba   Code   RO         4785    .text               mf_w.l(depilogue.o)
    0x0800041a   0x0000014e   Code   RO         4787    .text               mf_w.l(dadd.o)
    0x08000568   0x000000de   Code   RO         4789    .text               mf_w.l(ddiv.o)
    0x08000646   0x00000030   Code   RO         4791    .text               mf_w.l(dfixul.o)
    0x08000676   0x00000002   PAD
    0x08000678   0x00000030   Code   RO         4793    .text               mf_w.l(cdrcmple.o)
    0x080006a8   0x00000024   Code   RO         4795    .text               mc_w.l(init.o)
    0x080006cc   0x00000024   Code   RO         4797    .text               mc_w.l(llsshr.o)
    0x080006f0   0x00000056   Code   RO         4807    .text               mc_w.l(__dczerorl2.o)
    0x08000746   0x00000010   Code   RO          401    i.BKP_DeInit        stm32f10x_bkp.o
    0x08000756   0x00000002   PAD
    0x08000758   0x0000001c   Code   RO          406    i.BKP_ReadBackupRegister  stm32f10x_bkp.o
    0x08000774   0x0000001c   Code   RO          410    i.BKP_WriteBackupRegister  stm32f10x_bkp.o
    0x08000790   0x00000004   Code   RO         3216    i.BusFault_Handler  stm32f10x_it.o
    0x08000794   0x00000030   Code   RO         3351    i.CmdError          mysd.o
    0x080007c4   0x00000068   Code   RO         3352    i.CmdResp1Error     mysd.o
    0x0800082c   0x00000054   Code   RO         3353    i.CmdResp2Error     mysd.o
    0x08000880   0x00000038   Code   RO         3354    i.CmdResp3Error     mysd.o
    0x080008b8   0x00000090   Code   RO         3355    i.CmdResp6Error     mysd.o
    0x08000948   0x0000004c   Code   RO         3356    i.CmdResp7Error     mysd.o
    0x08000994   0x0000001c   Code   RO         3217    i.DMA1_Channel1_IRQHandler  stm32f10x_it.o
    0x080009b0   0x0000001c   Code   RO          866    i.DMA_ClearFlag     stm32f10x_dma.o
    0x080009cc   0x00000018   Code   RO          868    i.DMA_Cmd           stm32f10x_dma.o
    0x080009e4   0x0000014c   Code   RO          869    i.DMA_DeInit        stm32f10x_dma.o
    0x08000b30   0x0000002c   Code   RO          871    i.DMA_GetFlagStatus  stm32f10x_dma.o
    0x08000b5c   0x0000002c   Code   RO          872    i.DMA_GetITStatus   stm32f10x_dma.o
    0x08000b88   0x0000003c   Code   RO          874    i.DMA_Init          stm32f10x_dma.o
    0x08000bc4   0x00000002   Code   RO         3218    i.DebugMon_Handler  stm32f10x_it.o
    0x08000bc6   0x00000002   PAD
    0x08000bc8   0x00000034   Code   RO         1177    i.FSMC_NORSRAMCmd   stm32f10x_fsmc.o
    0x08000bfc   0x000000e6   Code   RO         1179    i.FSMC_NORSRAMInit  stm32f10x_fsmc.o
    0x08000ce2   0x00000002   PAD
    0x08000ce4   0x00000194   Code   RO         3357    i.FindSCR           mysd.o
    0x08000e78   0x00000050   Code   RO         3358    i.GPIO_Configuration  mysd.o
    0x08000ec8   0x00000116   Code   RO         1292    i.GPIO_Init         stm32f10x_gpio.o
    0x08000fde   0x00000004   Code   RO         1299    i.GPIO_ResetBits    stm32f10x_gpio.o
    0x08000fe2   0x00000004   Code   RO         1300    i.GPIO_SetBits      stm32f10x_gpio.o
    0x08000fe6   0x00000002   PAD
    0x08000fe8   0x000000d4   Code   RO         3110    i.Get_Dev_Infor     main.o
    0x080010bc   0x00000098   Code   RO         4182    i.GregorianDay      bsp_date.o
    0x08001154   0x00000004   Code   RO         3219    i.HardFault_Handler  stm32f10x_it.o
    0x08001158   0x00000024   Code   RO         4256    i.ILI9341_BackLed_Control  bsp_ili9341_lcd.o
    0x0800117c   0x0000002c   Code   RO         4257    i.ILI9341_Clear     bsp_ili9341_lcd.o
    0x080011a8   0x00000012   Code   RO         4258    i.ILI9341_Delay     bsp_ili9341_lcd.o
    0x080011ba   0x00000002   PAD
    0x080011bc   0x00000098   Code   RO         4259    i.ILI9341_DispChar_EN  bsp_ili9341_lcd.o
    0x08001254   0x00000068   Code   RO         4260    i.ILI9341_DispStringLine_EN  bsp_ili9341_lcd.o
    0x080012bc   0x0000006e   Code   RO         4266    i.ILI9341_FSMC_Config  bsp_ili9341_lcd.o
    0x0800132a   0x00000020   Code   RO         4267    i.ILI9341_FillColor  bsp_ili9341_lcd.o
    0x0800134a   0x00000002   PAD
    0x0800134c   0x00000198   Code   RO         4268    i.ILI9341_GPIO_Config  bsp_ili9341_lcd.o
    0x080014e4   0x000000e0   Code   RO         4270    i.ILI9341_GramScan  bsp_ili9341_lcd.o
    0x080015c4   0x00000028   Code   RO         4271    i.ILI9341_Init      bsp_ili9341_lcd.o
    0x080015ec   0x00000060   Code   RO         4272    i.ILI9341_OpenWindow  bsp_ili9341_lcd.o
    0x0800164c   0x00000450   Code   RO         4273    i.ILI9341_REG_Config  bsp_ili9341_lcd.o
    0x08001a9c   0x00000070   Code   RO         4274    i.ILI9341_ReadID    bsp_ili9341_lcd.o
    0x08001b0c   0x0000000c   Code   RO         4445    i.ILI9341_Read_Data  bsp_ili9341_lcd.o
    0x08001b18   0x00000028   Code   RO         4276    i.ILI9341_Rst       bsp_ili9341_lcd.o
    0x08001b40   0x00000008   Code   RO         4435    i.ILI9341_Write_Cmd  bsp_ili9341_lcd.o
    0x08001b48   0x0000000c   Code   RO         4440    i.ILI9341_Write_Data  bsp_ili9341_lcd.o
    0x08001b54   0x00000004   Code   RO         3359    i.INTX_DISABLE      mysd.o
    0x08001b58   0x00000004   Code   RO         3360    i.INTX_ENABLE       mysd.o
    0x08001b5c   0x0000009c   Code   RO         3361    i.IsCardProgramming  mysd.o
    0x08001bf8   0x00000020   Code   RO         4279    i.LCD_ClearLine     bsp_ili9341_lcd.o
    0x08001c18   0x0000000c   Code   RO         4281    i.LCD_GetFont       bsp_ili9341_lcd.o
    0x08001c24   0x00000014   Code   RO         4283    i.LCD_SetColors     bsp_ili9341_lcd.o
    0x08001c38   0x0000000c   Code   RO         4284    i.LCD_SetFont       bsp_ili9341_lcd.o
    0x08001c44   0x00000004   Code   RO         3220    i.MemManage_Handler  stm32f10x_it.o
    0x08001c48   0x00000002   Code   RO         3221    i.NMI_Handler       stm32f10x_it.o
    0x08001c4a   0x00000026   Code   RO         3298    i.NVIC_Configuration  bsp_usart.o
    0x08001c70   0x00000028   Code   RO         3362    i.NVIC_Configuration  mysd.o
    0x08001c98   0x00000070   Code   RO          137    i.NVIC_Init         misc.o
    0x08001d08   0x00000014   Code   RO          138    i.NVIC_PriorityGroupConfig  misc.o
    0x08001d1c   0x0000000c   Code   RO         1646    i.PWR_BackupAccessCmd  stm32f10x_pwr.o
    0x08001d28   0x00000002   Code   RO         3222    i.PendSV_Handler    stm32f10x_it.o
    0x08001d2a   0x00000002   PAD
    0x08001d2c   0x00000020   Code   RO         1707    i.RCC_AHBPeriphClockCmd  stm32f10x_rcc.o
    0x08001d4c   0x00000020   Code   RO         1708    i.RCC_APB1PeriphClockCmd  stm32f10x_rcc.o
    0x08001d6c   0x00000020   Code   RO         1710    i.RCC_APB2PeriphClockCmd  stm32f10x_rcc.o
    0x08001d8c   0x0000000c   Code   RO         1713    i.RCC_BackupResetCmd  stm32f10x_rcc.o
    0x08001d98   0x00000014   Code   RO         1714    i.RCC_ClearFlag     stm32f10x_rcc.o
    0x08001dac   0x000000d4   Code   RO         1718    i.RCC_GetClocksFreq  stm32f10x_rcc.o
    0x08001e80   0x0000003c   Code   RO         1719    i.RCC_GetFlagStatus  stm32f10x_rcc.o
    0x08001ebc   0x00000034   Code   RO         1726    i.RCC_LSEConfig     stm32f10x_rcc.o
    0x08001ef0   0x0000000c   Code   RO         1727    i.RCC_LSICmd        stm32f10x_rcc.o
    0x08001efc   0x0000000c   Code   RO         1733    i.RCC_RTCCLKCmd     stm32f10x_rcc.o
    0x08001f08   0x00000010   Code   RO         1734    i.RCC_RTCCLKConfig  stm32f10x_rcc.o
    0x08001f18   0x0000012c   Code   RO         4209    i.RTC_CheckAndConfig  bsp_rtc.o
    0x08002044   0x00000010   Code   RO         1907    i.RTC_ClearITPendingBit  stm32f10x_rtc.o
    0x08002054   0x00000058   Code   RO         4210    i.RTC_Configuration  bsp_rtc.o
    0x080020ac   0x00000014   Code   RO         1908    i.RTC_EnterConfigMode  stm32f10x_rtc.o
    0x080020c0   0x00000014   Code   RO         1909    i.RTC_ExitConfigMode  stm32f10x_rtc.o
    0x080020d4   0x00000014   Code   RO         1910    i.RTC_GetCounter    stm32f10x_rtc.o
    0x080020e8   0x00000024   Code   RO         1913    i.RTC_GetITStatus   stm32f10x_rtc.o
    0x0800210c   0x00000022   Code   RO         3223    i.RTC_IRQHandler    stm32f10x_it.o
    0x0800212e   0x00000002   PAD
    0x08002130   0x00000020   Code   RO         1914    i.RTC_ITConfig      stm32f10x_rtc.o
    0x08002150   0x0000002a   Code   RO         4211    i.RTC_NVIC_Config   bsp_rtc.o
    0x0800217a   0x00000002   PAD
    0x0800217c   0x0000001c   Code   RO         1916    i.RTC_SetCounter    stm32f10x_rtc.o
    0x08002198   0x00000020   Code   RO         1917    i.RTC_SetPrescaler  stm32f10x_rtc.o
    0x080021b8   0x00000014   Code   RO         1918    i.RTC_WaitForLastTask  stm32f10x_rtc.o
    0x080021cc   0x00000024   Code   RO         1919    i.RTC_WaitForSynchro  stm32f10x_rtc.o
    0x080021f0   0x000000ac   Code   RO         3363    i.SDEnWideBus       mysd.o
    0x0800229c   0x0000000c   Code   RO         1997    i.SDIO_ClearFlag    stm32f10x_sdio.o
    0x080022a8   0x0000000c   Code   RO         1999    i.SDIO_ClockCmd     stm32f10x_sdio.o
    0x080022b4   0x00000014   Code   RO         3364    i.SDIO_Clock_Set    mysd.o
    0x080022c8   0x0000000c   Code   RO         2002    i.SDIO_DMACmd       stm32f10x_sdio.o
    0x080022d4   0x00000030   Code   RO         2003    i.SDIO_DataConfig   stm32f10x_sdio.o
    0x08002304   0x00000024   Code   RO         2005    i.SDIO_DeInit       stm32f10x_sdio.o
    0x08002328   0x00000018   Code   RO         2009    i.SDIO_GetFlagStatus  stm32f10x_sdio.o
    0x08002340   0x00000010   Code   RO         2011    i.SDIO_GetPowerState  stm32f10x_sdio.o
    0x08002350   0x00000008   Code   RO         3365    i.SDIO_IRQHandler   mysd.o
    0x08002358   0x00000030   Code   RO         2014    i.SDIO_Init         stm32f10x_sdio.o
    0x08002388   0x0000000c   Code   RO         2015    i.SDIO_ReadData     stm32f10x_sdio.o
    0x08002394   0x0000002c   Code   RO         2017    i.SDIO_SendCommand  stm32f10x_sdio.o
    0x080023c0   0x0000001c   Code   RO         2019    i.SDIO_SetPowerState  stm32f10x_sdio.o
    0x080023dc   0x0000000c   Code   RO         2025    i.SDIO_WriteData    stm32f10x_sdio.o
    0x080023e8   0x00000010   Code   RO         3366    i.SD_DMAEndOfTransferStatus  mysd.o
    0x080023f8   0x00000034   Code   RO         3367    i.SD_DMA_Config     mysd.o
    0x0800242c   0x00000068   Code   RO         3368    i.SD_DMA_Init       mysd.o
    0x08002494   0x0000004c   Code   RO         3369    i.SD_DeInit         mysd.o
    0x080024e0   0x00000068   Code   RO         3370    i.SD_EnableWideBusOperation  mysd.o
    0x08002548   0x00000268   Code   RO         3371    i.SD_GetCardInfo    mysd.o
    0x080027b0   0x0000001a   Code   RO         3372    i.SD_GetState       mysd.o
    0x080027ca   0x0000001e   Code   RO         3373    i.SD_GetStatus      mysd.o
    0x080027e8   0x00000068   Code   RO         3374    i.SD_Init           mysd.o
    0x08002850   0x00000120   Code   RO         3375    i.SD_InitializeCards  mysd.o
    0x08002970   0x00000170   Code   RO         3376    i.SD_PowerON        mysd.o
    0x08002ae0   0x0000013c   Code   RO         3377    i.SD_ProcessIRQSrc  mysd.o
    0x08002c1c   0x00000258   Code   RO         3378    i.SD_ReadBlock      mysd.o
    0x08002e74   0x00000098   Code   RO         3379    i.SD_ReadDisk       mysd.o
    0x08002f0c   0x000002e8   Code   RO         3380    i.SD_ReadMultiBlocks  mysd.o
    0x080031f4   0x00000030   Code   RO         3381    i.SD_SelectDeselect  mysd.o
    0x08003224   0x00000054   Code   RO         3382    i.SD_SendStatus     mysd.o
    0x08003278   0x00000018   Code   RO         3383    i.SD_SetDeviceMode  mysd.o
    0x08003290   0x00000034   Code   RO         3384    i.SD_WaitReadOperation  mysd.o
    0x080032c4   0x0000003c   Code   RO         3385    i.SD_WaitWriteOperation  mysd.o
    0x08003300   0x00000374   Code   RO         3386    i.SD_WriteBlock     mysd.o
    0x08003674   0x00000098   Code   RO         3387    i.SD_WriteDisk      mysd.o
    0x0800370c   0x000003c0   Code   RO         3388    i.SD_WriteMultiBlocks  mysd.o
    0x08003acc   0x00000002   Code   RO         3224    i.SVC_Handler       stm32f10x_it.o
    0x08003ace   0x00000008   Code   RO           24    i.SetSysClock       system_stm32f10x.o
    0x08003ad6   0x00000002   PAD
    0x08003ad8   0x000000e0   Code   RO           25    i.SetSysClockTo72   system_stm32f10x.o
    0x08003bb8   0x00000028   Code   RO          141    i.SysTick_CLKSourceConfig  misc.o
    0x08003be0   0x00000002   Code   RO         3225    i.SysTick_Handler   stm32f10x_it.o
    0x08003be2   0x00000002   PAD
    0x08003be4   0x00000060   Code   RO           27    i.SystemInit        system_stm32f10x.o
    0x08003c44   0x0000004c   Code   RO         3226    i.TIM6_IRQHandler   stm32f10x_it.o
    0x08003c90   0x00000006   Code   RO         2336    i.TIM_ClearFlag     stm32f10x_tim.o
    0x08003c96   0x00000018   Code   RO         2342    i.TIM_Cmd           stm32f10x_tim.o
    0x08003cae   0x00000022   Code   RO         2363    i.TIM_GetITStatus   stm32f10x_tim.o
    0x08003cd0   0x00000012   Code   RO         2367    i.TIM_ITConfig      stm32f10x_tim.o
    0x08003ce2   0x00000002   PAD
    0x08003ce4   0x000000a4   Code   RO         2413    i.TIM_TimeBaseInit  stm32f10x_tim.o
    0x08003d88   0x00000028   Code   RO         4212    i.Time_Adjust       bsp_rtc.o
    0x08003db0   0x00000064   Code   RO         4465    i.Time_Base_Dingshi_Mode  mytime.o
    0x08003e14   0x00000018   Code   RO         2878    i.USART_Cmd         stm32f10x_usart.o
    0x08003e2c   0x00000090   Code   RO         3299    i.USART_Config      bsp_usart.o
    0x08003ebc   0x0000001a   Code   RO         2881    i.USART_GetFlagStatus  stm32f10x_usart.o
    0x08003ed6   0x0000004a   Code   RO         2884    i.USART_ITConfig    stm32f10x_usart.o
    0x08003f20   0x000000d8   Code   RO         2885    i.USART_Init        stm32f10x_usart.o
    0x08003ff8   0x00000008   Code   RO         2895    i.USART_SendData    stm32f10x_usart.o
    0x08004000   0x00000004   Code   RO         3227    i.UsageFault_Handler  stm32f10x_it.o
    0x08004004   0x00000020   Code   RO         4723    i.__0printf         mc_w.l(printfa.o)
    0x08004024   0x0000000e   Code   RO         4801    i.__scatterload_copy  mc_w.l(handlers.o)
    0x08004032   0x00000002   Code   RO         4802    i.__scatterload_null  mc_w.l(handlers.o)
    0x08004034   0x0000000e   Code   RO         4803    i.__scatterload_zeroinit  mc_w.l(handlers.o)
    0x08004042   0x00000002   PAD
    0x08004044   0x00000164   Code   RO         4730    i._fp_digits        mc_w.l(printfa.o)
    0x080041a8   0x000006dc   Code   RO         4731    i._printf_core      mc_w.l(printfa.o)
    0x08004884   0x00000024   Code   RO         4732    i._printf_post_padding  mc_w.l(printfa.o)
    0x080048a8   0x0000002e   Code   RO         4733    i._printf_pre_padding  mc_w.l(printfa.o)
    0x080048d6   0x00000002   PAD
    0x080048d8   0x00000090   Code   RO         3647    i.check_fs          ff.o
    0x08004968   0x00000012   Code   RO         3389    i.convert_from_bytes_to_power_of_two  mysd.o
    0x0800497a   0x00000002   PAD
    0x0800497c   0x00000044   Code   RO         4103    i.delay_init        delay.o
    0x080049c0   0x00000022   Code   RO         3595    i.disk_initialize   diskio.o
    0x080049e2   0x00000002   PAD
    0x080049e4   0x00000064   Code   RO         3596    i.disk_ioctl        diskio.o
    0x08004a48   0x00000058   Code   RO         3597    i.disk_read         diskio.o
    0x08004aa0   0x00000014   Code   RO         3598    i.disk_status       diskio.o
    0x08004ab4   0x0000005e   Code   RO         3599    i.disk_write        diskio.o
    0x08004b12   0x00000102   Code   RO         3663    i.f_getfree         ff.o
    0x08004c14   0x00000684   Code   RO         3667    i.f_mkfs            ff.o
    0x08005298   0x0000005c   Code   RO         3668    i.f_mount           ff.o
    0x080052f4   0x000003d8   Code   RO         3683    i.find_volume       ff.o
    0x080056cc   0x00000024   Code   RO         3305    i.fputc             bsp_usart.o
    0x080056f0   0x0000013e   Code   RO         3687    i.get_fat           ff.o
    0x0800582e   0x00000002   PAD
    0x08005830   0x0000004c   Code   RO         3600    i.get_fattime       diskio.o
    0x0800587c   0x0000004a   Code   RO         3689    i.get_ldnumber      ff.o
    0x080058c6   0x00000002   PAD
    0x080058c8   0x000000f4   Code   RO         3113    i.main              main.o
    0x080059bc   0x0000001a   Code   RO         3692    i.mem_cpy           ff.o
    0x080059d6   0x00000014   Code   RO         3693    i.mem_set           ff.o
    0x080059ea   0x00000002   PAD
    0x080059ec   0x0000007c   Code   RO         4183    i.mktimev           bsp_date.o
    0x08005a68   0x00000034   Code   RO         3694    i.move_window       ff.o
    0x08005a9c   0x00000128   Code   RO         3114    i.sdfat_init        main.o
    0x08005bc4   0x00000052   Code   RO         3702    i.sync_window       ff.o
    0x08005c16   0x00000002   PAD
    0x08005c18   0x000000d4   Code   RO         4184    i.to_tm             bsp_date.o
    0x08005cec   0x0000003a   Data   RO         3704    .constdata          ff.o
    0x08005d26   0x00000002   PAD
    0x08005d28   0x00000030   Data   RO         4185    .constdata          bsp_date.o
    0x08005d58   0x00003b60   Data   RO         4243    .constdata          fonts.o
    0x080098b8   0x00000020   Data   RO         4799    Region$$Table       anon$$obj.o


    Execution Region RW_IRAM1 (Base: 0x20000000, Size: 0x000018c0, Max: 0x00010000, ABSOLUTE, COMPRESSED[0x00000068])

    Base Addr    Size         Type   Attr      Idx    E Section Name        Object

    0x20000000   0x00000014   Data   RW           28    .data               system_stm32f10x.o
    0x20000014   0x00000014   Data   RW         1738    .data               stm32f10x_rcc.o
    0x20000028   0x000000a8   Data   RW         3116    .data               main.o
    0x200000d0   0x00000010   Data   RW         3391    .data               mysd.o
    0x200000e0   0x0000000a   Data   RW         3705    .data               ff.o
    0x200000ea   0x00000004   Data   RW         4106    .data               delay.o
    0x200000ee   0x00000002   PAD
    0x200000f0   0x00000030   Data   RW         4186    .data               bsp_date.o
    0x20000120   0x00000018   Data   RW         4244    .data               fonts.o
    0x20000138   0x00000010   Data   RW         4286    .data               bsp_ili9341_lcd.o
    0x20000148   0x00000004   Data   RW         4775    .data               mc_w.l(stdout.o)
    0x2000014c   0x00000004   PAD
    0x20000150   0x00000e88   Zero   RW         3115    .bss                main.o
    0x20000fd8   0x000004e8   Zero   RW         3390    .bss                mysd.o
    0x200014c0   0x00000400   Zero   RW            1    STACK               startup_stm32f10x_hd.o



  Load Region LR$$.ARM.__AT_0x68000000 (Base: 0x68000000, Size: 0x00000000, Max: 0x000f0000, ABSOLUTE)

    Execution Region ER$$.ARM.__AT_0x68000000 (Base: 0x68000000, Size: 0x000f0000, Max: 0x000f0000, ABSOLUTE, UNINIT)

    Base Addr    Size         Type   Attr      Idx    E Section Name        Object

    0x68000000   0x000f0000   Zero   RW         3982    .ARM.__AT_0x68000000  malloc.o



  Load Region LR$$.ARM.__AT_0x680F0000 (Base: 0x680f0000, Size: 0x00000000, Max: 0x0000f000, ABSOLUTE)

    Execution Region ER$$.ARM.__AT_0x680F0000 (Base: 0x680f0000, Size: 0x0000f000, Max: 0x0000f000, ABSOLUTE, UNINIT)

    Base Addr    Size         Type   Attr      Idx    E Section Name        Object

    0x680f0000   0x0000f000   Zero   RW         3983    .ARM.__AT_0x680F0000  malloc.o


==============================================================================

Image component sizes


      Code (inc. data)   RO Data    RW Data    ZI Data      Debug   Object Name

       488         24         48         48          0       2413   bsp_date.o
      2628        132          0         16          0      13211   bsp_ili9341_lcd.o
       470        160          0          0          0       2309   bsp_rtc.o
       218         12          0          0          0       1563   bsp_usart.o
         0          0          0          0          0       4496   core_cm3.o
        68         18          0          4          0        597   delay.o
       412         12          0          0          0       5368   diskio.o
      3718         98         58         10          0      15253   ff.o
         0          0      15200         24          0       1177   fonts.o
       752        396          0        168       3720      17744   main.o
         0          0          0          0    1044480       1537   malloc.o
       172         22          0          0          0       2137   misc.o
      7278        438          0         16       1256      36151   mysd.o
       100          4          0          0          0        613   mytime.o
        36          8        304          0       1024        840   startup_stm32f10x_hd.o
        72         10          0          0          0       2756   stm32f10x_bkp.o
       532         34          0          0          0       5256   stm32f10x_dma.o
       282          6          0          0          0       1881   stm32f10x_fsmc.o
       286          0          0          0          0       3100   stm32f10x_gpio.o
       164         18          0          0          0       5000   stm32f10x_it.o
        12          6          0          0          0        530   stm32f10x_pwr.o
       492         76          0         20          0       8871   stm32f10x_rcc.o
       260         48          0          0          0       5280   stm32f10x_rtc.o
       304         72          0          0          0       8230   stm32f10x_sdio.o
       246         42          0          0          0       3634   stm32f10x_tim.o
       348          6          0          0          0       4929   stm32f10x_usart.o
       328         28          0         20          0     277657   system_stm32f10x.o

    ----------------------------------------------------------------------
     19702       1670      15644        328    1050480     432533   Object Totals
         0          0         32          0          0          0   (incl. Generated)
        36          0          2          2          0          0   (incl. Padding)

    ----------------------------------------------------------------------

      Code (inc. data)   RO Data    RW Data    ZI Data      Debug   Library Member Name

        86          0          0          0          0          0   __dczerorl2.o
         0          0          0          0          0          0   entry.o
         0          0          0          0          0          0   entry10a.o
         0          0          0          0          0          0   entry11a.o
         8          4          0          0          0          0   entry2.o
         4          0          0          0          0          0   entry5.o
         0          0          0          0          0          0   entry7b.o
         0          0          0          0          0          0   entry8b.o
         8          4          0          0          0          0   entry9a.o
        30          0          0          0          0          0   handlers.o
        36          8          0          0          0         68   init.o
         0          0          0          0          0          0   iusefp.o
        30          0          0          0          0         68   llshl.o
        36          0          0          0          0         68   llsshr.o
        32          0          0          0          0         68   llushr.o
        36          0          0          0          0         68   memcpya.o
        36          0          0          0          0        108   memseta.o
      2226         90          0          0          0        444   printfa.o
         0          0          0          4          0          0   stdout.o
        44          0          0          0          0         80   uidiv.o
        98          0          0          0          0         92   uldiv.o
        48          0          0          0          0         68   cdrcmple.o
       334          0          0          0          0        148   dadd.o
       222          0          0          0          0        100   ddiv.o
       186          0          0          0          0        176   depilogue.o
        48          0          0          0          0         68   dfixul.o
       228          0          0          0          0         96   dmul.o

    ----------------------------------------------------------------------
      3782        106          0          4          4       1720   Library Totals
         6          0          0          0          4          0   (incl. Padding)

    ----------------------------------------------------------------------

      Code (inc. data)   RO Data    RW Data    ZI Data      Debug   Library Name

      2710        106          0          4          0       1064   mc_w.l
      1066          0          0          0          0        656   mf_w.l

    ----------------------------------------------------------------------
      3782        106          0          4          4       1720   Library Totals

    ----------------------------------------------------------------------

==============================================================================


      Code (inc. data)   RO Data    RW Data    ZI Data      Debug   

     23484       1776      15644        332    1050484     425125   Grand Totals
     23484       1776      15644        104    1050484     425125   ELF Image Totals (compressed)
     23484       1776      15644        104          0          0   ROM Totals

==============================================================================

    Total RO  Size (Code + RO Data)                39128 (  38.21kB)
    Total RW  Size (RW Data + ZI Data)           1050816 (1026.19kB)
    Total ROM Size (Code + RO Data + RW Data)      39232 (  38.31kB)

==============================================================================

