<html>
<body>
<pre>
<h1>µVision Build Log</h1>
<h2>Tool Versions:</h2>
IDE-Version: ¦ÌVision V5.14.0.0
Copyright (C) 2015 ARM Ltd and ARM Germany GmbH. All rights reserved.
License Information: w Administrator, w, LIC=6XJKP-M5E69-SF8I0-BZPU4-DPA1Q-ABZ0A
 
Tool Versions:
Toolchain:       MDK-ARM Professional  Version: 5.14.0.0
Toolchain Path:  D:\keil\ARM\ARMCC\Bin
C Compiler:      Armcc.exe V5.05 update 1 (build 106)
Assembler:       Armasm.exe V5.05 update 1 (build 106)
Linker/Locator:  ArmLink.exe V5.05 update 1 (build 106)
Library Manager: ArmAr.exe V5.05 update 1 (build 106)
Hex Converter:   FromElf.exe V5.05 update 1 (build 106)
CPU DLL:         SARMCM3.DLL V5.14.0.0
Dialog DLL:      DCM.DLL V1.13.1.0
Target DLL:      CMSIS_AGDI.dll V1.21.0.0
Dialog DLL:      TCM.DLL V1.14.4.0
 
<h2>Project:</h2>
E:\demo_code\text\STM32\SD_fat\Project\BH-F103.uvprojx
Project File Date:  05/09/2022

<h2>Output:</h2>
Build target 'Target 1'
compiling main.c...
..\User\main.c(279): warning:  #177-D: variable "flag" was declared but never referenced
        u8 flag;
..\User\main.c(453): warning:  #1-D: last line of file ends without a newline
  #endif
..\User\main.c(166): warning:  #177-D: function "Creat_File" was declared but never referenced
  static FRESULT Creat_File(char *name_budder,char *excel_top_name)
..\User\main.c: 3 warnings, 0 errors
linking...
Program Size: Code=30174 RO-data=192030 RW-data=336 ZI-data=1056632  
FromELF: creating hex file...
".\Objects\BH-F103.axf" - 0 Error(s), 3 Warning(s).

<h2>Collection of Component include folders:</h2>
  E:\demo_code\text\STM32\SD_fat\Project\RTE
  D:\keil\ARM\PACK\Keil\STM32F1xx_DFP\1.0.5\Device\Include

<h2>Collection of Component Files used:</h2>
</pre>
</body>
</html>
